
 CTGPROC -- Version: 1.2     
            Level:   010206  

 Model Domain Parameters: 
   MAP PROJECTION (1:UTM,2:LCC)        =   1
   ORIGIN (x,y in km)                  =    376.000  4594.000
   UTM ZONE                            =  16
   GRID SPACING (km)                   =      1.000
   DOMAIN SIZE (nx,ny)                 =    100   100
   HEMISPHERE (N=northern, S=southern) = N

 Input Data Type: 
   (G=Global, C=CTGCOMP) = G

 Input Global land use data file: /apps/bwic/models/calmet/nausgs2.img                                  

 Output data file: ./ctgproc/CTGbwic.dat                                                 

 Global landuse dataset variables:
   Number of elements in X input: 9223 8996
   Cell size in X & Y input (km):     1.000     1.000
   The input LZ origin X & Y (km): -4487.000 -4515.000
   Reference lat/lon of the input dataset:    50.000  -100.000
   False easting and northing:    0    0

  UTM coordinates of corners
  (Universal convention for longitude)
   SW Corner: X,Y =    376.00000   4594.00000 Lat./Lon. =     41.48994    -88.48540
   SE Corner: X,Y =    476.00000   4594.00000 Lat./Lon. =     41.49917    -87.28754
   NE Corner: X,Y =    476.00000   4694.00000 Lat./Lon. =     42.39985    -87.29162
   NW Corner: X,Y =    376.00000   4694.00000 Lat./Lon. =     42.39032    -88.50645
  IZONE =           16 LSHEMI =  F

  Lambert Azimuthal coordinates of corners
  (Universal convention for longitude)
   SW Corner: X,Y =    957.60205   -873.73413 Lat./Lon. =     41.48994    -88.48540
   SE Corner: X,Y =   1056.06702   -857.05713 Lat./Lon. =     41.49917    -87.28754
   NE Corner: X,Y =   1040.29773   -758.19299 Lat./Lon. =     42.39985    -87.29162
   NW Corner: X,Y =    941.90912   -774.92920 Lat./Lon. =     42.39032    -88.50645

  nbegx, nendx:         5229        5744
  nbegy, nendy:         3442        3957

 EOF reached in land use data file. 
 Total number of records read:        10189
 Total number of records used to update data:         9992
 Total number of missing LU categories:            0

 Number of CTG land use cell hits                                      

 Multiply all values by 10 **   0

 100 I  1   1   1   1   1   1   1   1   1   1   1   1   1   1   1   1   1   1   1   1   1   0   1   1   2   1   1   0   1   1   1   1   1   2   1   1   1   1   1   1
     I  +   +   +   +   +   +   +   +   +   +   +   +   +   +   +   +   +   +   +   +   +   +   +   +   +   +   +   +   +   +   +   +   +   +   +   +   +   +   +   +
  99 I  1   1   1   1   1   1   1   1   1   1   1   1   1   1   1   1   1   1   1   1   1   1   1   1   1   1   1   1   1   1   1   1   1   0   1   1   1   1   1   2
     I  +   +   +   +   +   +   +   +   +   +   +   +   +   +   +   +   +   +   +   +   +   +   +   +   +   +   +   +   +   +   +   +   +   +   +   +   +   +   +   +
  98 I  1   1   1   1   1   1   1   1   1   1   1   1   1   1   1   1   1   1   1   1   1   1   1   1   1   1   1   1   1   1   1   1   1   1   1   1   1   1   1   1
     I  +   +   +   +   +   +   +   +   +   +   +   +   +   +   +   +   +   +   +   +   +   +   +   +   +   +   +   +   +   +   +   +   +   +   +   +   +   +   +   +
  97 I  1   1   1   1   1   1   1   1   1   1   1   1   1   1   1   1   1   1   1   1   1   1   1   1   1   1   1   1   1   1   1   1   1   1   1   1   1   1   1   1
     I  +   +   +   +   +   +   +   +   +   +   +   +   +   +   +   +   +   +   +   +   +   +   +   +   +   +   +   +   +   +   +   +   +   +   +   +   +   +   +   +
  96 I  1   1   0   1   1   1   1   1   1   1   1   1   1   1   1   1   1   1   1   1   1   1   1   1   1   1   1   1   1   1   1   1   1   1   1   1   1   1   1   1
     I  +   +   +   +   +   +   +   +   +   +   +   +   +   +   +   +   +   +   +   +   +   +   +   +   +   +   +   +   +   +   +   +   +   +   +   +   +   +   +   +
  95 I  1   1   2   1   1   1   1   1   0   1   1   1   1   2   0   1   1   1   1   1   1   1   1   1   1   1   1   1   1   1   1   1   1   1   1   1   1   1   1   1
     I  +   +   +   +   +   +   +   +   +   +   +   +   +   +   +   +   +   +   +   +   +   +   +   +   +   +   +   +   +   +   +   +   +   +   +   +   +   +   +   +
  94 I  1   1   1   1   1   1   1   1   2   1   1   1   1   1   1   1   1   1   1   1   0   1   1   1   1   1   1   1   1   1   1   1   1   1   1   1   1   1   1   1
     I  +   +   +   +   +   +   +   +   +   +   +   +   +   +   +   +   +   +   +   +   +   +   +   +   +   +   +   +   +   +   +   +   +   +   +   +   +   +   +   +
  93 I  1   1   1   1   1   1   1   1   1   1   1   1   1   1   1   1   1   1   1   1   1   1   1   1   1   1   0   1   2   1   1   1   0   1   1   1   1   1   1   1
     I  +   +   +   +   +   +   +   +   +   +   +   +   +   +   +   +   +   +   +   +   +   +   +   +   +   +   +   +   +   +   +   +   +   +   +   +   +   +   +   +
  92 I  1   1   1   1   1   1   1   1   1   1   1   1   1   1   2   1   1   1   1   1   1   1   1   1   1   1   1   1   1   1   1   1   1   1   1   1   1   1   0   1
     I  +   +   +   +   +   +   +   +   +   +   +   +   +   +   +   +   +   +   +   +   +   +   +   +   +   +   +   +   +   +   +   +   +   +   +   +   +   +   +   +
  91 I  1   1   1   1   1   1   1   1   1   1   1   1   1   1   1   1   1   1   1   1   2   1   1   1   1   1   1   1   1   1   1   1   1   1   1   1   1   1   1   1
     I  +   +   +   +   +   +   +   +   +   +   +   +   +   +   +   +   +   +   +   +   +   +   +   +   +   +   +   +   +   +   +   +   +   +   +   +   +   +   +   +
  90 I  1   1   1   1   1   1   1   1   1   1   1   1   1   1   1   1   1   1   1   1   1   1   1   1   1   1   2   1   1   1   1   1   1   1   1   1   1   1   1   1
     I  +   +   +   +   +   +   +   +   +   +   +   +   +   +   +   +   +   +   +   +   +   +   +   +   +   +   +   +   +   +   +   +   +   +   +   +   +   +   +   +
  89 I  1   1   1   1   1   1   1   1   0   1   1   1   1   1   1   1   1   1   1   1   1   1   1   1   1   1   1   1   1   1   1   1   2   1   1   1   1   1   1   1
     I  +   +   +   +   +   +   +   +   +   +   +   +   +   +   +   +   +   +   +   +   +   +   +   +   +   +   +   +   +   +   +   +   +   +   +   +   +   +   +   +
  88 I  1   1   1   1   1   1   1   1   1   1   1   1   1   1   0   1   1   2   1   1   0   1   1   1   1   1   1   1   1   1   1   1   1   1   1   1   1   1   2   1
     I  +   +   +   +   +   +   +   +   +   +   +   +   +   +   +   +   +   +   +   +   +   +   +   +   +   +   +   +   +   +   +   +   +   +   +   +   +   +   +   +
  87 I  1   1   1   1   1   1   1   1   1   1   1   1   1   1   1   1   1   1   1   1   1   1   1   1   1   1   0   1   1   1   1   1   1   1   1   1   1   1   1   1
     I  +   +   +   +   +   +   +   +   +   +   +   +   +   +   +   +   +   +   +   +   +   +   +   +   +   +   +   +   +   +   +   +   +   +   +   +   +   +   +   +
  86 I  1   1   1   1   1   1   1   1   1   1   1   1   1   1   1   1   1   1   1   1   1   1   1   1   1   1   1   1   1   1   1   1   1   1   1   1   1   1   0   1
     I  +   +   +   +   +   +   +   +   +   +   +   +   +   +   +   +   +   +   +   +   +   +   +   +   +   +   +   +   +   +   +   +   +   +   +   +   +   +   +   +
  85 I  1   1   1   1   1   1   1   1   1   1   1   1   1   1   1   1   1   1   1   1   1   1   1   1   1   1   1   1   1   1   1   1   1   1   1   1   1   1   1   1
     I  +   +   +   +   +   +   +   +   +   +   +   +   +   +   +   +   +   +   +   +   +   +   +   +   +   +   +   +   +   +   +   +   +   +   +   +   +   +   +   +
  84 I  1   1   1   1   1   1   1   1   1   1   1   1   1   1   1   1   1   1   1   1   1   1   1   1   1   1   1   1   1   1   1   1   1   1   1   1   1   1   1   1
     I  +   +   +   +   +   +   +   +   +   +   +   +   +   +   +   +   +   +   +   +   +   +   +   +   +   +   +   +   +   +   +   +   +   +   +   +   +   +   +   +
  83 I  1   1   1   1   1   1   2   0   1   1   1   1   1   1   1   1   1   1   1   1   1   1   1   1   1   1   1   1   1   1   1   1   1   1   1   1   1   1   1   1
     I  +   +   +   +   +   +   +   +   +   +   +   +   +   +   +   +   +   +   +   +   +   +   +   +   +   +   +   +   +   +   +   +   +   +   +   +   +   +   +   +
  82 I  1   1   1   1   1   1   1   2   1   1   1   1   1   0   1   1   1   1   1   1   1   1   1   1   1   1   1   1   1   1   1   1   1   1   1   1   1   1   1   1
     I  +   +   +   +   +   +   +   +   +   +   +   +   +   +   +   +   +   +   +   +   +   +   +   +   +   +   +   +   +   +   +   +   +   +   +   +   +   +   +   +
  81 I  1   1   1   1   1   1   1   1   1   1   1   1   1   2   1   1   1   1   1   0   1   2   1   1   1   0   1   1   1   1   1   1   1   1   1   1   1   1   1   1
     I  +   +   +   +   +   +   +   +   +   +   +   +   +   +   +   +   +   +   +   +   +   +   +   +   +   +   +   +   +   +   +   +   +   +   +   +   +   +   +   +
  80 I  1   1   1   1   1   1   1   1   1   1   1   1   1   1   1   1   1   1   1   2   1   1   1   1   1   1   1   1   1   1   1   0   1   1   1   1   2   0   1   1
     I  +   +   +   +   +   +   +   +   +   +   +   +   +   +   +   +   +   +   +   +   +   +   +   +   +   +   +   +   +   +   +   +   +   +   +   +   +   +   +   +
  79 I  1   1   1   1   1   1   1   1   1   1   1   1   1   1   1   1   1   1   1   1   1   1   1   1   1   2   1   1   1   1   1   1   1   1   1   1   1   1   1   1
     I  +   +   +   +   +   +   +   +   +   +   +   +   +   +   +   +   +   +   +   +   +   +   +   +   +   +   +   +   +   +   +   +   +   +   +   +   +   +   +   +
  78 I  1   1   1   1   1   1   1   1   1   1   1   1   1   1   1   1   1   1   1   1   1   1   1   1   1   1   1   1   1   1   1   2   1   1   1   1   1   1   1   1
     I  +   +   +   +   +   +   +   +   +   +   +   +   +   +   +   +   +   +   +   +   +   +   +   +   +   +   +   +   +   +   +   +   +   +   +   +   +   +   +   +
  77 I  1   0   1   1   1   1   1   1   1   1   1   1   1   1   1   1   1   1   1   1   1   1   1   1   1   1   1   1   1   1   1   1   1   1   1   1   1   2   1   1
     I  +   +   +   +   +   +   +   +   +   +   +   +   +   +   +   +   +   +   +   +   +   +   +   +   +   +   +   +   +   +   +   +   +   +   +   +   +   +   +   +
  76 I  1   1   1   1   1   1   1   0   1   1   2   1   1   0   1   1   1   1   1   1   1   1   1   1   1   1   1   1   1   1   1   1   1   1   1   1   1   1   1   1
     I  +   +   +   +   +   +   +   +   +   +   +   +   +   +   +   +   +   +   +   +   +   +   +   +   +   +   +   +   +   +   +   +   +   +   +   +   +   +   +   +
  75 I  1   1   1   1   1   1   1   1   1   1   1   1   1   1   1   1   1   1   1   0   1   1   1   1   1   1   1   1   1   1   1   1   1   1   1   1   1   1   1   1
     I  +   +   +   +   +   +   +   +   +   +   +   +   +   +   +   +   +   +   +   +   +   +   +   +   +   +   +   +   +   +   +   +   +   +   +   +   +   +   +   +
  74 I  1   1   1   1   1   1   1   1   1   1   1   1   1   1   1   1   1   1   1   1   1   1   1   1   1   1   1   1   1   1   1   0   1   1   1   1   1   1   1   1
     I  +   +   +   +   +   +   +   +   +   +   +   +   +   +   +   +   +   +   +   +   +   +   +   +   +   +   +   +   +   +   +   +   +   +   +   +   +   +   +   +
  73 I  1   1   1   1   1   1   1   1   1   1   1   1   1   1   1   1   1   1   1   1   1   1   1   1   1   1   1   1   1   1   1   1   1   1   1   1   1   0   1   1
     I  +   +   +   +   +   +   +   +   +   +   +   +   +   +   +   +   +   +   +   +   +   +   +   +   +   +   +   +   +   +   +   +   +   +   +   +   +   +   +   +
  72 I  1   2   1   1   1   1   1   1   1   1   1   1   1   1   1   1   1   1   1   1   1   1   1   1   1   1   1   1   1   1   1   1   1   1   1   1   1   1   1   1
     I  +   +   +   +   +   +   +   +   +   +   +   +   +   +   +   +   +   +   +   +   +   +   +   +   +   +   +   +   +   +   +   +   +   +   +   +   +   +   +   +
  71 I  2   0   1   1   1   1   1   2   1   1   1   1   1   1   1   1   1   1   1   1   1   1   1   1   1   1   1   1   1   1   1   1   1   1   1   1   1   1   1   1
     I  +   +   +   +   +   +   +   +   +   +   +   +   +   +   +   +   +   +   +   +   +   +   +   +   +   +   +   +   +   +   +   +   +   +   +   +   +   +   +   +
  70 I  1   1   1   1   1   1   1   0   1   1   1   1   1   2   1   1   1   1   1   1   1   1   1   1   1   1   1   1   1   1   1   1   1   1   1   1   1   1   1   1
     I  +   +   +   +   +   +   +   +   +   +   +   +   +   +   +   +   +   +   +   +   +   +   +   +   +   +   +   +   +   +   +   +   +   +   +   +   +   +   +   +
  69 I  1   1   1   1   1   1   1   1   1   1   1   1   1   0   2   1   1   1   1   1   1   1   1   1   1   1   1   1   1   1   1   1   1   1   1   1   1   1   1   1
     I  +   +   +   +   +   +   +   +   +   +   +   +   +   +   +   +   +   +   +   +   +   +   +   +   +   +   +   +   +   +   +   +   +   +   +   +   +   +   +   +
  68 I  1   1   1   1   1   1   1   1   1   1   1   1   1   1   1   1   1   1   1   1   1   1   1   1   1   1   1   1   1   2   0   1   1   1   1   1   1   1   1   1
     I  +   +   +   +   +   +   +   +   +   +   +   +   +   +   +   +   +   +   +   +   +   +   +   +   +   +   +   +   +   +   +   +   +   +   +   +   +   +   +   +
  67 I  1   1   1   1   1   1   1   1   1   1   1   1   1   1   1   1   1   1   1   1   1   1   1   1   1   1   1   1   1   1   1   1   1   1   1   1   0   1   1   1
     I  +   +   +   +   +   +   +   +   +   +   +   +   +   +   +   +   +   +   +   +   +   +   +   +   +   +   +   +   +   +   +   +   +   +   +   +   +   +   +   +
  66 I  1   1   1   1   1   1   1   1   1   1   1   1   1   1   1   1   1   1   1   1   1   1   1   1   1   1   1   1   1   1   2   1   1   1   1   1   1   1   1   1
     I  +   +   +   +   +   +   +   +   +   +   +   +   +   +   +   +   +   +   +   +   +   +   +   +   +   +   +   +   +   +   +   +   +   +   +   +   +   +   +   +
  65 I  1   1   1   1   1   1   1   1   1   1   1   1   1   1   1   1   1   1   1   1   1   1   1   1   1   1   1   1   1   1   1   1   1   1   1   1   2   1   1   1
     I  +   +   +   +   +   +   +   +   +   +   +   +   +   +   +   +   +   +   +   +   +   +   +   +   +   +   +   +   +   +   +   +   +   +   +   +   +   +   +   +
  64 I  0   1   1   1   2   1   0   1   1   1   1   1   1   1   1   1   1   1   1   1   1   1   1   1   1   1   1   1   1   1   1   1   1   1   1   1   1   1   1   1
     I  +   +   +   +   +   +   +   +   +   +   +   +   +   +   +   +   +   +   +   +   +   +   +   +   +   +   +   +   +   +   +   +   +   +   +   +   +   +   +   +
  63 I  1   1   1   1   1   1   1   1   1   1   1   1   0   1   1   1   1   1   1   1   1   1   1   1   1   1   1   1   1   1   1   1   1   1   1   1   1   1   1   1
     I  +   +   +   +   +   +   +   +   +   +   +   +   +   +   +   +   +   +   +   +   +   +   +   +   +   +   +   +   +   +   +   +   +   +   +   +   +   +   +   +
  62 I  1   1   1   1   1   1   1   1   1   1   1   1   1   1   1   1   1   1   0   2   1   1   1   1   0   1   1   1   1   1   1   1   1   1   1   1   1   1   1   1
     I  +   +   +   +   +   +   +   +   +   +   +   +   +   +   +   +   +   +   +   +   +   +   +   +   +   +   +   +   +   +   +   +   +   +   +   +   +   +   +   +
  61 I  1   1   1   1   1   1   1   1   1   1   1   1   1   1   1   1   1   1   1   1   1   1   1   1   1   1   1   1   1   1   0   1   1   2   1   1   0   1   1   1
     I  +   +   +   +   +   +   +   +   +   +   +   +   +   +   +   +   +   +   +   +   +   +   +   +   +   +   +   +   +   +   +   +   +   +   +   +   +   +   +   +
  60 I  2   1   1   1   1   1   1   1   1   1   1   1   1   1   1   1   1   1   1   1   1   1   1   1   1   1   1   1   1   1   1   1   1   1   1   1   1   1   1   1
     I  +   +   +   +   +   +   +   +   +   +   +   +   +   +   +   +   +   +   +   +   +   +   +   +   +   +   +   +   +   +   +   +   +   +   +   +   +   +   +   +
  59 I  1   1   1   1   1   1   2   1   1   1   1   1   1   1   1   1   1   1   1   1   1   1   1   1   1   1   1   1   1   1   1   1   1   1   1   1   1   1   1   1
     I  +   +   +   +   +   +   +   +   +   +   +   +   +   +   +   +   +   +   +   +   +   +   +   +   +   +   +   +   +   +   +   +   +   +   +   +   +   +   +   +
  58 I  0   1   1   1   1   1   1   1   1   1   1   1   2   1   1   1   1   1   1   1   1   1   1   1   1   1   1   1   1   1   1   1   1   1   1   1   1   1   1   1
     I  +   +   +   +   +   +   +   +   +   +   +   +   +   +   +   +   +   +   +   +   +   +   +   +   +   +   +   +   +   +   +   +   +   +   +   +   +   +   +   +
  57 I  1   1   1   1   1   1   0   1   2   1   1   1   0   1   1   1   1   1   2   1   1   1   1   1   1   1   1   1   1   1   1   1   1   1   1   1   1   1   1   1
     I  +   +   +   +   +   +   +   +   +   +   +   +   +   +   +   +   +   +   +   +   +   +   +   +   +   +   +   +   +   +   +   +   +   +   +   +   +   +   +   +
  56 I  1   1   1   1   1   1   1   1   1   1   1   1   1   1   1   1   1   1   0   1   1   1   1   2   1   1   1   1   1   1   1   1   1   1   1   1   1   1   1   1
     I  +   +   +   +   +   +   +   +   +   +   +   +   +   +   +   +   +   +   +   +   +   +   +   +   +   +   +   +   +   +   +   +   +   +   +   +   +   +   +   +
  55 I  1   1   1   1   1   1   1   1   1   1   1   1   1   1   1   1   1   1   1   1   1   1   1   1   1   1   1   1   1   1   1   1   1   1   1   1   1   1   1   1
     I  +   +   +   +   +   +   +   +   +   +   +   +   +   +   +   +   +   +   +   +   +   +   +   +   +   +   +   +   +   +   +   +   +   +   +   +   +   +   +   +
  54 I  1   1   1   1   1   1   1   1   1   1   1   1   1   1   1   1   1   1   1   1   1   1   1   1   1   1   1   1   1   1   1   1   1   1   1   1   1   2   1   1
     I  +   +   +   +   +   +   +   +   +   +   +   +   +   +   +   +   +   +   +   +   +   +   +   +   +   +   +   +   +   +   +   +   +   +   +   +   +   +   +   +
  53 I  1   1   1   1   1   1   1   1   1   1   1   1   1   1   1   1   1   1   1   1   1   1   1   1   1   1   1   1   1   1   1   1   1   1   1   1   1   1   1   1
     I  +   +   +   +   +   +   +   +   +   +   +   +   +   +   +   +   +   +   +   +   +   +   +   +   +   +   +   +   +   +   +   +   +   +   +   +   +   +   +   +
  52 I  1   1   1   1   1   1   1   1   1   1   1   1   1   1   1   1   1   1   1   1   1   1   1   1   1   1   1   1   1   1   1   1   1   1   1   1   1   1   1   1
     I  +   +   +   +   +   +   +   +   +   +   +   +   +   +   +   +   +   +   +   +   +   +   +   +   +   +   +   +   +   +   +   +   +   +   +   +   +   +   +   +
  51 I  1   1   1   1   1   0   1   1   1   1   1   1   1   1   1   1   1   1   1   1   1   1   1   1   1   1   1   1   1   1   1   1   1   1   1   1   1   1   1   1
     I  +   +   +   +   +   +   +   +   +   +   +   +   +   +   +   +   +   +   +   +   +   +   +   +   +   +   +   +   +   +   +   +   +   +   +   +   +   +   +   +
  50 I  1   1   1   1   1   1   1   1   1   1   1   0   2   1   1   1   1   0   1   1   1   1   1   1   1   1   1   1   1   1   1   1   1   1   1   1   1   1   1   1
     I  +   +   +   +   +   +   +   +   +   +   +   +   +   +   +   +   +   +   +   +   +   +   +   +   +   +   +   +   +   +   +   +   +   +   +   +   +   +   +   +
  49 I  1   1   1   1   1   1   1   1   1   1   1   1   1   1   1   1   1   1   1   1   1   1   1   0   1   1   1   2   1   0   1   1   1   1   1   1   1   1   1   1
     I  +   +   +   +   +   +   +   +   +   +   +   +   +   +   +   +   +   +   +   +   +   +   +   +   +   +   +   +   +   +   +   +   +   +   +   +   +   +   +   +
  48 I  1   1   1   1   1   2   1   1   1   1   1   1   1   1   1   1   1   1   1   1   1   1   1   1   1   1   1   1   1   1   1   1   1   1   1   0   1   1   1   1
     I  +   +   +   +   +   +   +   +   +   +   +   +   +   +   +   +   +   +   +   +   +   +   +   +   +   +   +   +   +   +   +   +   +   +   +   +   +   +   +   +
  47 I  1   1   1   1   1   1   1   1   1   1   1   2   1   1   1   1   1   1   1   1   1   1   1   1   1   1   1   1   1   1   1   1   1   1   1   1   1   1   1   1
     I  +   +   +   +   +   +   +   +   +   +   +   +   +   +   +   +   +   +   +   +   +   +   +   +   +   +   +   +   +   +   +   +   +   +   +   +   +   +   +   +
  46 I  1   1   1   1   1   1   1   1   1   1   1   1   1   1   1   1   1   2   1   1   1   1   1   1   1   1   1   1   1   1   1   1   1   1   1   1   1   1   1   1
     I  +   +   +   +   +   +   +   +   +   +   +   +   +   +   +   +   +   +   +   +   +   +   +   +   +   +   +   +   +   +   +   +   +   +   +   +   +   +   +   +
  45 I  1   1   2   1   1   0   1   1   1   1   1   1   1   1   1   1   1   1   1   1   1   1   1   2   1   1   1   1   1   1   1   1   1   1   1   1   1   1   1   1
     I  +   +   +   +   +   +   +   +   +   +   +   +   +   +   +   +   +   +   +   +   +   +   +   +   +   +   +   +   +   +   +   +   +   +   +   +   +   +   +   +
  44 I  1   1   1   1   1   1   1   1   1   1   1   0   1   1   1   1   1   1   1   1   1   1   1   1   1   1   1   1   1   2   1   1   1   1   1   1   1   1   1   1
     I  +   +   +   +   +   +   +   +   +   +   +   +   +   +   +   +   +   +   +   +   +   +   +   +   +   +   +   +   +   +   +   +   +   +   +   +   +   +   +   +
  43 I  1   1   1   1   1   1   1   1   1   1   1   1   1   1   1   1   1   1   1   1   1   1   1   0   1   1   1   1   1   1   1   1   1   1   1   2   1   1   1   1
     I  +   +   +   +   +   +   +   +   +   +   +   +   +   +   +   +   +   +   +   +   +   +   +   +   +   +   +   +   +   +   +   +   +   +   +   +   +   +   +   +
  42 I  1   1   1   1   1   1   1   1   1   1   1   1   1   1   1   1   1   1   1   1   1   1   1   1   1   1   1   1   1   0   1   2   1   1   1   0   1   1   1   1
     I  +   +   +   +   +   +   +   +   +   +   +   +   +   +   +   +   +   +   +   +   +   +   +   +   +   +   +   +   +   +   +   +   +   +   +   +   +   +   +   +
  41 I  1   1   1   1   1   1   1   1   1   1   1   1   1   1   1   1   1   1   1   1   1   1   1   1   1   1   1   1   1   1   1   1   1   1   1   1   1   1   1   1
     I  +   +   +   +   +   +   +   +   +   +   +   +   +   +   +   +   +   +   +   +   +   +   +   +   +   +   +   +   +   +   +   +   +   +   +   +   +   +   +   +
  40 I  1   1   1   1   1   1   1   1   1   1   1   1   1   1   1   1   1   1   1   1   1   1   1   1   1   1   1   1   1   1   1   1   1   1   1   1   1   1   1   1
     I  +   +   +   +   +   +   +   +   +   +   +   +   +   +   +   +   +   +   +   +   +   +   +   +   +   +   +   +   +   +   +   +   +   +   +   +   +   +   +   +
  39 I  1   1   1   1   1   1   1   1   1   1   1   1   1   1   1   1   1   1   1   1   1   1   1   1   1   1   1   1   1   1   1   1   1   1   1   1   1   1   1   1
     I  +   +   +   +   +   +   +   +   +   +   +   +   +   +   +   +   +   +   +   +   +   +   +   +   +   +   +   +   +   +   +   +   +   +   +   +   +   +   +   +
  38 I  1   1   1   1   0   1   2   1   1   1   0   1   1   1   1   1   1   1   1   1   1   1   1   1   1   1   1   1   1   1   1   1   1   1   1   1   1   1   1   1
     I  +   +   +   +   +   +   +   +   +   +   +   +   +   +   +   +   +   +   +   +   +   +   +   +   +   +   +   +   +   +   +   +   +   +   +   +   +   +   +   +
  37 I  1   1   1   1   1   1   1   1   1   1   1   1   1   1   1   1   0   1   1   1   1   2   0   1   1   1   1   1   1   1   1   1   1   1   1   1   1   1   1   1
     I  +   +   +   +   +   +   +   +   +   +   +   +   +   +   +   +   +   +   +   +   +   +   +   +   +   +   +   +   +   +   +   +   +   +   +   +   +   +   +   +
  36 I  1   1   1   1   2   1   1   1   1   1   1   1   1   1   1   1   1   1   1   1   1   1   1   1   1   1   1   1   0   1   1   1   1   1   1   1   1   1   1   1
     I  +   +   +   +   +   +   +   +   +   +   +   +   +   +   +   +   +   +   +   +   +   +   +   +   +   +   +   +   +   +   +   +   +   +   +   +   +   +   +   +
  35 I  1   1   1   1   1   1   1   1   1   1   2   1   1   1   1   1   1   1   1   1   1   1   1   1   1   1   1   1   1   1   1   1   1   1   0   2   1   1   1   1
     I  +   +   +   +   +   +   +   +   +   +   +   +   +   +   +   +   +   +   +   +   +   +   +   +   +   +   +   +   +   +   +   +   +   +   +   +   +   +   +   +
  34 I  1   1   1   1   1   1   1   1   1   1   1   1   1   1   1   1   2   1   1   1   1   1   1   1   1   1   1   1   1   1   1   1   1   1   1   1   1   1   1   1
     I  +   +   +   +   +   +   +   +   +   +   +   +   +   +   +   +   +   +   +   +   +   +   +   +   +   +   +   +   +   +   +   +   +   +   +   +   +   +   +   +
  33 I  1   1   1   1   1   1   1   1   1   1   1   1   1   1   1   1   1   1   1   1   1   1   2   1   1   1   1   1   1   1   1   1   1   1   1   1   1   1   1   1
     I  +   +   +   +   +   +   +   +   +   +   +   +   +   +   +   +   +   +   +   +   +   +   +   +   +   +   +   +   +   +   +   +   +   +   +   +   +   +   +   +
  32 I  1   1   1   1   0   1   1   1   1   1   1   1   1   1   1   1   1   1   1   1   1   1   1   1   1   1   1   1   2   1   1   1   1   1   1   1   1   1   1   1
     I  +   +   +   +   +   +   +   +   +   +   +   +   +   +   +   +   +   +   +   +   +   +   +   +   +   +   +   +   +   +   +   +   +   +   +   +   +   +   +   +
  31 I  1   1   1   1   1   1   1   1   1   1   0   2   1   1   1   1   0   1   1   1   1   1   1   1   1   1   1   1   1   1   1   1   1   1   2   1   1   1   1   1
     I  +   +   +   +   +   +   +   +   +   +   +   +   +   +   +   +   +   +   +   +   +   +   +   +   +   +   +   +   +   +   +   +   +   +   +   +   +   +   +   +
  30 I  1   1   1   1   1   1   1   1   1   1   1   1   1   1   1   1   1   1   1   1   1   1   0   1   1   2   1   1   0   1   1   1   1   1   1   1   1   1   1   1
     I  +   +   +   +   +   +   +   +   +   +   +   +   +   +   +   +   +   +   +   +   +   +   +   +   +   +   +   +   +   +   +   +   +   +   +   +   +   +   +   +
  29 I  1   1   1   1   1   1   1   1   1   1   1   1   1   1   1   1   1   1   1   1   1   1   1   1   1   1   1   1   1   1   1   1   1   1   0   1   1   1   1   1
     I  +   +   +   +   +   +   +   +   +   +   +   +   +   +   +   +   +   +   +   +   +   +   +   +   +   +   +   +   +   +   +   +   +   +   +   +   +   +   +   +
  28 I  1   1   1   1   1   1   1   1   1   1   1   1   1   1   1   1   1   1   1   1   1   1   1   1   1   1   1   1   1   1   1   1   1   1   1   1   1   1   1   1
     I  +   +   +   +   +   +   +   +   +   +   +   +   +   +   +   +   +   +   +   +   +   +   +   +   +   +   +   +   +   +   +   +   +   +   +   +   +   +   +   +
  27 I  1   1   1   1   1   1   1   1   1   1   1   1   1   1   1   1   1   1   1   1   1   1   1   1   1   1   1   1   1   1   1   1   1   1   1   1   1   1   1   1
     I  +   +   +   +   +   +   +   +   +   +   +   +   +   +   +   +   +   +   +   +   +   +   +   +   +   +   +   +   +   +   +   +   +   +   +   +   +   +   +   +
  26 I  1   2   1   0   1   1   1   1   1   1   1   1   1   1   1   1   1   1   1   1   1   1   1   1   1   1   1   1   1   1   1   1   1   1   1   1   1   1   1   1
     I  +   +   +   +   +   +   +   +   +   +   +   +   +   +   +   +   +   +   +   +   +   +   +   +   +   +   +   +   +   +   +   +   +   +   +   +   +   +   +   +
  25 I  1   1   1   1   1   1   1   1   1   0   1   1   1   1   1   1   1   1   1   1   1   1   1   1   1   1   1   1   1   1   1   1   1   1   1   1   1   1   1   1
     I  +   +   +   +   +   +   +   +   +   +   +   +   +   +   +   +   +   +   +   +   +   +   +   +   +   +   +   +   +   +   +   +   +   +   +   +   +   +   +   +
  24 I  1   1   1   2   1   1   1   1   1   2   1   1   1   1   1   1   1   1   1   1   1   0   1   1   1   1   1   1   1   1   1   1   1   1   1   1   1   1   1   1
     I  +   +   +   +   +   +   +   +   +   +   +   +   +   +   +   +   +   +   +   +   +   +   +   +   +   +   +   +   +   +   +   +   +   +   +   +   +   +   +   +
  23 I  1   1   1   1   1   1   1   1   1   1   1   1   1   1   1   2   1   1   1   1   1   1   1   1   1   1   1   0   1   1   2   1   1   0   1   1   1   1   1   1
     I  +   +   +   +   +   +   +   +   +   +   +   +   +   +   +   +   +   +   +   +   +   +   +   +   +   +   +   +   +   +   +   +   +   +   +   +   +   +   +   +
  22 I  1   1   1   1   1   1   1   1   1   1   1   1   1   1   1   1   1   1   1   1   1   2   1   1   1   1   1   1   1   1   1   1   1   1   1   1   1   1   1   0
     I  +   +   +   +   +   +   +   +   +   +   +   +   +   +   +   +   +   +   +   +   +   +   +   +   +   +   +   +   +   +   +   +   +   +   +   +   +   +   +   +
  21 I  1   1   1   1   1   1   1   1   1   1   1   1   1   1   1   1   1   1   1   1   1   1   1   1   1   1   1   2   1   1   1   1   1   1   1   1   1   1   1   1
     I  +   +   +   +   +   +   +   +   +   +   +   +   +   +   +   +   +   +   +   +   +   +   +   +   +   +   +   +   +   +   +   +   +   +   +   +   +   +   +   +
  20 I  1   1   1   1   1   1   1   1   1   1   1   1   1   1   1   1   1   1   1   1   1   1   1   1   1   1   1   1   1   1   1   1   1   2   1   1   1   1   1   1
     I  +   +   +   +   +   +   +   +   +   +   +   +   +   +   +   +   +   +   +   +   +   +   +   +   +   +   +   +   +   +   +   +   +   +   +   +   +   +   +   +
  19 I  1   1   1   0   1   2   1   1   1   0   1   1   1   1   1   1   1   1   1   1   1   1   1   1   1   1   1   1   1   1   1   1   1   1   1   1   1   1   1   2
     I  +   +   +   +   +   +   +   +   +   +   +   +   +   +   +   +   +   +   +   +   +   +   +   +   +   +   +   +   +   +   +   +   +   +   +   +   +   +   +   +
  18 I  1   1   1   1   1   1   1   1   1   1   1   1   1   1   1   0   1   1   1   1   2   0   1   1   1   1   1   1   1   1   1   1   1   1   1   1   1   1   1   1
     I  +   +   +   +   +   +   +   +   +   +   +   +   +   +   +   +   +   +   +   +   +   +   +   +   +   +   +   +   +   +   +   +   +   +   +   +   +   +   +   +
  17 I  1   1   1   1   1   1   1   1   1   1   1   1   1   1   1   1   1   1   1   1   1   1   1   1   1   1   1   0   1   1   1   1   1   1   1   1   1   1   1   1
     I  +   +   +   +   +   +   +   +   +   +   +   +   +   +   +   +   +   +   +   +   +   +   +   +   +   +   +   +   +   +   +   +   +   +   +   +   +   +   +   +
  16 I  1   1   1   1   1   1   1   1   1   1   1   1   1   1   1   1   1   1   1   1   1   1   1   1   1   1   1   1   1   1   1   1   1   0   2   1   1   1   1   0
     I  +   +   +   +   +   +   +   +   +   +   +   +   +   +   +   +   +   +   +   +   +   +   +   +   +   +   +   +   +   +   +   +   +   +   +   +   +   +   +   +
  15 I  1   1   1   1   1   1   1   1   1   1   1   1   1   1   1   1   1   1   1   1   1   1   1   1   1   1   1   1   1   1   1   1   1   1   1   1   1   1   1   1
     I  +   +   +   +   +   +   +   +   +   +   +   +   +   +   +   +   +   +   +   +   +   +   +   +   +   +   +   +   +   +   +   +   +   +   +   +   +   +   +   +
  14 I  1   1   1   1   1   1   1   1   1   1   1   1   1   1   1   1   1   1   1   1   1   1   1   1   1   1   1   1   1   1   1   1   1   1   1   1   1   1   1   1
     I  +   +   +   +   +   +   +   +   +   +   +   +   +   +   +   +   +   +   +   +   +   +   +   +   +   +   +   +   +   +   +   +   +   +   +   +   +   +   +   +
  13 I  1   1   1   1   1   1   1   1   1   1   1   1   1   1   1   1   1   1   1   1   1   1   1   1   1   1   1   1   1   1   1   1   1   1   1   1   1   1   1   1
     I  +   +   +   +   +   +   +   +   +   +   +   +   +   +   +   +   +   +   +   +   +   +   +   +   +   +   +   +   +   +   +   +   +   +   +   +   +   +   +   +
  12 I  1   1   1   1   1   1   1   1   1   1   2   1   1   1   0   1   1   1   1   1   1   1   1   1   1   1   1   1   1   1   1   1   1   1   1   1   1   1   1   1
     I  +   +   +   +   +   +   +   +   +   +   +   +   +   +   +   +   +   +   +   +   +   +   +   +   +   +   +   +   +   +   +   +   +   +   +   +   +   +   +   +
  11 I  1   1   1   1   1   1   1   1   1   1   1   1   1   1   2   1   1   1   1   1   0   1   1   1   2   1   0   1   1   1   1   1   1   1   1   1   1   1   1   1
     I  +   +   +   +   +   +   +   +   +   +   +   +   +   +   +   +   +   +   +   +   +   +   +   +   +   +   +   +   +   +   +   +   +   +   +   +   +   +   +   +
  10 I  1   1   1   1   1   1   1   1   1   1   1   1   1   1   1   1   1   1   1   1   2   1   1   1   1   1   1   1   1   1   1   1   0   1   1   1   1   1   1   1
     I  +   +   +   +   +   +   +   +   +   +   +   +   +   +   +   +   +   +   +   +   +   +   +   +   +   +   +   +   +   +   +   +   +   +   +   +   +   +   +   +
   9 I  1   1   1   1   1   1   1   1   1   1   1   1   1   1   1   1   1   1   1   1   1   1   1   1   1   1   2   1   1   1   1   1   1   1   1   1   1   1   0   2
     I  +   +   +   +   +   +   +   +   +   +   +   +   +   +   +   +   +   +   +   +   +   +   +   +   +   +   +   +   +   +   +   +   +   +   +   +   +   +   +   +
   8 I  1   1   1   1   1   1   1   1   1   1   1   1   1   1   1   1   1   1   1   1   1   1   1   1   1   1   1   1   1   1   1   1   2   1   1   1   1   1   1   1
     I  +   +   +   +   +   +   +   +   +   +   +   +   +   +   +   +   +   +   +   +   +   +   +   +   +   +   +   +   +   +   +   +   +   +   +   +   +   +   +   +
   7 I  2   1   0   1   1   1   1   1   1   1   1   1   1   1   1   1   1   1   1   1   1   1   1   1   1   1   1   1   1   1   1   1   1   1   1   1   1   1   2   1
     I  +   +   +   +   +   +   +   +   +   +   +   +   +   +   +   +   +   +   +   +   +   +   +   +   +   +   +   +   +   +   +   +   +   +   +   +   +   +   +   +
   6 I  1   1   1   1   1   1   1   1   0   1   1   1   1   1   1   1   1   1   1   1   1   1   1   1   1   1   1   1   1   1   1   1   1   1   1   1   1   1   1   1
     I  +   +   +   +   +   +   +   +   +   +   +   +   +   +   +   +   +   +   +   +   +   +   +   +   +   +   +   +   +   +   +   +   +   +   +   +   +   +   +   +
   5 I  1   1   1   1   1   1   1   1   1   1   1   1   1   1   0   2   1   1   1   1   0   1   1   1   1   1   1   1   1   1   1   1   1   1   1   1   1   1   1   1
     I  +   +   +   +   +   +   +   +   +   +   +   +   +   +   +   +   +   +   +   +   +   +   +   +   +   +   +   +   +   +   +   +   +   +   +   +   +   +   +   +
   4 I  1   1   1   1   1   1   1   1   1   1   1   1   1   1   1   1   1   1   1   1   1   1   1   1   1   1   0   1   1   2   1   1   0   1   1   1   1   1   1   1
     I  +   +   +   +   +   +   +   +   +   +   +   +   +   +   +   +   +   +   +   +   +   +   +   +   +   +   +   +   +   +   +   +   +   +   +   +   +   +   +   +
   3 I  1   1   1   1   1   1   1   1   1   1   1   1   1   1   1   1   1   1   1   1   1   1   1   1   1   1   1   1   1   1   1   1   1   1   1   1   1   1   0   1
     I  +   +   +   +   +   +   +   +   +   +   +   +   +   +   +   +   +   +   +   +   +   +   +   +   +   +   +   +   +   +   +   +   +   +   +   +   +   +   +   +
   2 I  1   1   1   1   1   1   1   1   1   1   1   1   1   1   1   1   1   1   1   1   1   1   1   1   1   1   1   1   1   1   1   1   1   1   1   1   1   1   1   1
     I  +   +   +   +   +   +   +   +   +   +   +   +   +   +   +   +   +   +   +   +   +   +   +   +   +   +   +   +   +   +   +   +   +   +   +   +   +   +   +   +
   1 I  1   1   2   1   1   1   1   1   1   1   1   1   1   1   1   1   1   1   1   1   1   1   1   1   1   1   1   1   1   1   1   1   1   1   1   1   1   1   1   1
     I  +   +   +   +   +   +   +   +   +   +   +   +   +   +   +   +   +   +   +   +   +   +   +   +   +   +   +   +   +   +   +   +   +   +   +   +   +   +   +   +
     ----------------------------------------------------------------------------------------------------------------------------------------------------------------
        1   2   3   4   5   6   7   8   9  10  11  12  13  14  15  16  17  18  19  20  21  22  23  24  25  26  27  28  29  30  31  32  33  34  35  36  37  38  39  40

 Number of CTG land use cell hits                                      

 Multiply all values by 10 **   0

 100 I  1   1   1   1   1   1   1   1   1   1   1   1   1   1   1   1   1   1   1   1   1   1   1   1   1   1   1   1   1   1   1   1   1   1   1   1   1   1   1   1
     I  +   +   +   +   +   +   +   +   +   +   +   +   +   +   +   +   +   +   +   +   +   +   +   +   +   +   +   +   +   +   +   +   +   +   +   +   +   +   +   +
  99 I  1   1   1   1   1   1   1   1   1   1   1   1   1   1   1   1   1   1   1   1   1   1   1   1   1   1   1   1   1   1   1   1   1   1   1   1   1   1   1   1
     I  +   +   +   +   +   +   +   +   +   +   +   +   +   +   +   +   +   +   +   +   +   +   +   +   +   +   +   +   +   +   +   +   +   +   +   +   +   +   +   +
  98 I  1   1   1   1   1   1   1   1   1   1   1   1   1   1   1   1   1   1   1   1   1   1   1   1   1   1   1   1   1   1   1   1   1   1   1   1   1   1   1   1
     I  +   +   +   +   +   +   +   +   +   +   +   +   +   +   +   +   +   +   +   +   +   +   +   +   +   +   +   +   +   +   +   +   +   +   +   +   +   +   +   +
  97 I  1   1   1   1   1   1   1   1   1   1   0   1   1   1   2   1   0   1   1   1   1   1   1   1   1   1   1   1   1   1   1   1   1   1   1   1   1   1   1   1
     I  +   +   +   +   +   +   +   +   +   +   +   +   +   +   +   +   +   +   +   +   +   +   +   +   +   +   +   +   +   +   +   +   +   +   +   +   +   +   +   +
  96 I  1   1   1   1   1   1   1   1   1   1   2   1   1   1   1   1   1   1   1   1   1   1   0   1   1   1   1   1   1   1   1   1   1   1   1   1   1   1   1   1
     I  +   +   +   +   +   +   +   +   +   +   +   +   +   +   +   +   +   +   +   +   +   +   +   +   +   +   +   +   +   +   +   +   +   +   +   +   +   +   +   +
  95 I  1   1   1   1   1   1   1   1   1   1   1   1   1   1   1   1   2   1   1   1   1   1   1   1   1   1   1   1   0   2   1   1   1   1   0   1   1   1   1   1
     I  +   +   +   +   +   +   +   +   +   +   +   +   +   +   +   +   +   +   +   +   +   +   +   +   +   +   +   +   +   +   +   +   +   +   +   +   +   +   +   +
  94 I  1   1   1   1   1   1   1   1   1   1   1   1   1   1   1   1   1   1   1   1   1   1   2   1   1   1   1   1   1   1   1   1   1   1   1   1   1   1   1   1
     I  +   +   +   +   +   +   +   +   +   +   +   +   +   +   +   +   +   +   +   +   +   +   +   +   +   +   +   +   +   +   +   +   +   +   +   +   +   +   +   +
  93 I  1   1   1   1   1   1   1   1   1   1   1   1   1   1   1   1   1   1   1   1   1   1   1   1   1   1   1   1   1   1   1   1   1   1   1   1   1   1   1   1
     I  +   +   +   +   +   +   +   +   +   +   +   +   +   +   +   +   +   +   +   +   +   +   +   +   +   +   +   +   +   +   +   +   +   +   +   +   +   +   +   +
  92 I  1   1   1   2   0   1   1   1   1   1   1   1   1   1   1   1   1   1   1   1   1   1   1   1   1   1   1   1   2   1   1   1   1   1   1   1   1   1   1   1
     I  +   +   +   +   +   +   +   +   +   +   +   +   +   +   +   +   +   +   +   +   +   +   +   +   +   +   +   +   +   +   +   +   +   +   +   +   +   +   +   +
  91 I  1   1   1   1   1   1   1   1   1   1   0   1   1   1   1   1   1   1   1   1   1   1   1   1   1   1   1   1   1   1   1   1   1   1   2   1   1   1   1   1
     I  +   +   +   +   +   +   +   +   +   +   +   +   +   +   +   +   +   +   +   +   +   +   +   +   +   +   +   +   +   +   +   +   +   +   +   +   +   +   +   +
  90 I  1   1   1   1   1   1   1   1   1   1   1   1   1   1   1   1   0   1   2   1   1   1   0   1   1   1   1   1   1   1   1   1   1   1   1   1   1   1   1   1
     I  +   +   +   +   +   +   +   +   +   +   +   +   +   +   +   +   +   +   +   +   +   +   +   +   +   +   +   +   +   +   +   +   +   +   +   +   +   +   +   +
  89 I  1   1   1   1   1   1   1   1   1   1   1   1   1   1   1   1   1   1   1   1   1   1   1   1   1   1   1   1   0   1   1   1   1   2   0   1   1   1   1   1
     I  +   +   +   +   +   +   +   +   +   +   +   +   +   +   +   +   +   +   +   +   +   +   +   +   +   +   +   +   +   +   +   +   +   +   +   +   +   +   +   +
  88 I  1   1   1   1   1   1   1   1   1   1   1   1   1   1   1   1   1   1   1   1   1   1   1   1   1   1   1   1   1   1   1   1   1   1   1   1   1   1   1   1
     I  +   +   +   +   +   +   +   +   +   +   +   +   +   +   +   +   +   +   +   +   +   +   +   +   +   +   +   +   +   +   +   +   +   +   +   +   +   +   +   +
  87 I  1   1   1   1   2   1   1   1   1   1   1   1   1   1   1   1   1   1   1   1   1   1   1   1   1   1   1   1   1   1   1   1   1   1   1   1   1   1   1   1
     I  +   +   +   +   +   +   +   +   +   +   +   +   +   +   +   +   +   +   +   +   +   +   +   +   +   +   +   +   +   +   +   +   +   +   +   +   +   +   +   +
  86 I  1   1   1   1   1   1   1   1   1   1   1   1   1   1   1   1   1   1   1   1   1   1   1   1   1   1   1   1   1   1   1   1   1   1   1   1   1   1   1   1
     I  +   +   +   +   +   +   +   +   +   +   +   +   +   +   +   +   +   +   +   +   +   +   +   +   +   +   +   +   +   +   +   +   +   +   +   +   +   +   +   +
  85 I  1   1   1   1   0   1   1   2   1   1   1   1   1   1   1   1   1   1   1   1   1   1   1   1   1   1   1   1   1   1   1   1   1   1   1   1   1   1   1   1
     I  +   +   +   +   +   +   +   +   +   +   +   +   +   +   +   +   +   +   +   +   +   +   +   +   +   +   +   +   +   +   +   +   +   +   +   +   +   +   +   +
  84 I  1   1   1   1   1   1   1   1   1   1   1   1   1   1   1   1   1   1   1   1   1   1   1   1   1   1   1   1   1   1   1   1   1   1   1   1   1   1   1   1
     I  +   +   +   +   +   +   +   +   +   +   +   +   +   +   +   +   +   +   +   +   +   +   +   +   +   +   +   +   +   +   +   +   +   +   +   +   +   +   +   +
  83 I  1   1   1   1   1   1   1   1   1   1   1   1   1   1   1   1   1   1   1   1   1   1   2   1   1   1   1   0   1   1   1   1   1   1   1   1   1   1   1   1
     I  +   +   +   +   +   +   +   +   +   +   +   +   +   +   +   +   +   +   +   +   +   +   +   +   +   +   +   +   +   +   +   +   +   +   +   +   +   +   +   +
  82 I  1   1   1   1   1   1   1   1   1   1   1   1   1   1   1   1   1   1   1   1   1   1   1   1   1   1   1   1   1   1   1   1   1   0   1   1   1   2   1   0
     I  +   +   +   +   +   +   +   +   +   +   +   +   +   +   +   +   +   +   +   +   +   +   +   +   +   +   +   +   +   +   +   +   +   +   +   +   +   +   +   +
  81 I  1   1   1   1   1   1   1   1   1   1   1   1   1   1   1   1   1   1   1   1   1   1   1   1   1   1   1   2   1   1   1   1   1   1   1   1   1   1   1   1
     I  +   +   +   +   +   +   +   +   +   +   +   +   +   +   +   +   +   +   +   +   +   +   +   +   +   +   +   +   +   +   +   +   +   +   +   +   +   +   +   +
  80 I  1   1   1   1   1   1   1   1   1   1   1   1   1   1   1   1   1   1   1   1   1   1   1   1   1   1   1   1   1   1   1   1   1   2   1   1   1   1   1   1
     I  +   +   +   +   +   +   +   +   +   +   +   +   +   +   +   +   +   +   +   +   +   +   +   +   +   +   +   +   +   +   +   +   +   +   +   +   +   +   +   +
  79 I  1   1   1   0   1   1   1   1   1   1   1   1   1   1   1   1   1   1   1   1   1   1   1   1   1   1   1   1   1   1   1   1   1   1   1   1   1   1   1   1
     I  +   +   +   +   +   +   +   +   +   +   +   +   +   +   +   +   +   +   +   +   +   +   +   +   +   +   +   +   +   +   +   +   +   +   +   +   +   +   +   +
  78 I  1   1   1   1   1   1   1   1   1   0   1   2   1   1   1   0   1   1   1   1   1   1   1   1   1   1   1   1   1   1   1   1   1   1   1   1   1   1   1   2
     I  +   +   +   +   +   +   +   +   +   +   +   +   +   +   +   +   +   +   +   +   +   +   +   +   +   +   +   +   +   +   +   +   +   +   +   +   +   +   +   +
  77 I  1   1   1   1   1   1   1   1   1   1   1   1   1   1   1   1   1   1   1   1   1   0   1   1   1   2   1   0   1   1   1   1   1   1   1   1   1   1   1   1
     I  +   +   +   +   +   +   +   +   +   +   +   +   +   +   +   +   +   +   +   +   +   +   +   +   +   +   +   +   +   +   +   +   +   +   +   +   +   +   +   +
  76 I  1   1   1   1   1   1   1   1   1   1   1   1   1   1   1   1   1   1   1   1   1   1   1   1   1   1   1   1   1   1   1   1   1   0   1   1   1   1   1   1
     I  +   +   +   +   +   +   +   +   +   +   +   +   +   +   +   +   +   +   +   +   +   +   +   +   +   +   +   +   +   +   +   +   +   +   +   +   +   +   +   +
  75 I  1   1   1   2   1   1   1   1   1   1   1   1   1   1   1   1   1   1   1   1   1   1   1   1   1   1   1   1   1   1   1   1   1   1   1   1   1   1   1   0
     I  +   +   +   +   +   +   +   +   +   +   +   +   +   +   +   +   +   +   +   +   +   +   +   +   +   +   +   +   +   +   +   +   +   +   +   +   +   +   +   +
  74 I  1   1   1   1   1   1   1   1   1   2   1   1   1   1   1   1   1   1   1   1   1   1   1   1   1   1   1   1   1   1   1   1   1   1   1   1   1   1   1   1
     I  +   +   +   +   +   +   +   +   +   +   +   +   +   +   +   +   +   +   +   +   +   +   +   +   +   +   +   +   +   +   +   +   +   +   +   +   +   +   +   +
  73 I  2   1   1   0   1   1   1   1   1   1   1   1   1   1   1   2   1   1   1   1   1   1   1   1   1   1   1   1   1   1   1   1   1   1   1   1   1   1   1   1
     I  +   +   +   +   +   +   +   +   +   +   +   +   +   +   +   +   +   +   +   +   +   +   +   +   +   +   +   +   +   +   +   +   +   +   +   +   +   +   +   +
  72 I  1   1   1   1   1   1   1   1   1   0   1   1   1   1   2   0   1   1   1   1   1   1   1   1   1   1   1   1   1   1   1   1   1   1   1   1   1   1   1   1
     I  +   +   +   +   +   +   +   +   +   +   +   +   +   +   +   +   +   +   +   +   +   +   +   +   +   +   +   +   +   +   +   +   +   +   +   +   +   +   +   +
  71 I  1   1   1   1   1   1   1   1   1   1   1   1   1   1   1   1   1   1   1   1   1   1   1   1   1   1   1   1   1   1   1   1   1   1   1   1   1   1   1   1
     I  +   +   +   +   +   +   +   +   +   +   +   +   +   +   +   +   +   +   +   +   +   +   +   +   +   +   +   +   +   +   +   +   +   +   +   +   +   +   +   +
  70 I  1   1   1   1   1   1   1   1   1   1   1   1   1   1   1   1   1   1   1   1   1   1   1   1   1   1   1   1   1   2   1   1   0   1   1   1   1   1   1   1
     I  +   +   +   +   +   +   +   +   +   +   +   +   +   +   +   +   +   +   +   +   +   +   +   +   +   +   +   +   +   +   +   +   +   +   +   +   +   +   +   +
  69 I  1   1   1   1   1   1   1   1   1   1   1   1   1   1   1   1   1   1   1   1   1   1   1   1   1   1   1   1   1   1   1   1   2   1   1   1   1   1   0   1
     I  +   +   +   +   +   +   +   +   +   +   +   +   +   +   +   +   +   +   +   +   +   +   +   +   +   +   +   +   +   +   +   +   +   +   +   +   +   +   +   +
  68 I  1   1   1   1   1   1   1   1   1   1   1   1   1   1   1   1   1   1   1   1   1   1   1   1   1   1   1   1   1   1   1   1   1   1   1   1   1   1   1   1
     I  +   +   +   +   +   +   +   +   +   +   +   +   +   +   +   +   +   +   +   +   +   +   +   +   +   +   +   +   +   +   +   +   +   +   +   +   +   +   +   +
  67 I  1   1   1   1   1   1   1   1   1   1   1   1   1   1   1   1   1   1   1   1   1   1   1   1   1   1   1   1   1   1   1   1   1   1   1   1   1   1   2   1
     I  +   +   +   +   +   +   +   +   +   +   +   +   +   +   +   +   +   +   +   +   +   +   +   +   +   +   +   +   +   +   +   +   +   +   +   +   +   +   +   +
  66 I  1   1   0   1   2   1   1   1   0   1   1   1   1   1   1   1   1   1   1   1   1   1   1   1   1   1   1   1   1   1   1   1   1   1   1   1   1   1   1   1
     I  +   +   +   +   +   +   +   +   +   +   +   +   +   +   +   +   +   +   +   +   +   +   +   +   +   +   +   +   +   +   +   +   +   +   +   +   +   +   +   +
  65 I  1   1   1   1   1   1   1   1   1   1   1   1   1   1   0   1   1   1   1   2   0   1   1   1   1   1   1   1   1   1   1   1   1   1   1   1   1   1   1   1
     I  +   +   +   +   +   +   +   +   +   +   +   +   +   +   +   +   +   +   +   +   +   +   +   +   +   +   +   +   +   +   +   +   +   +   +   +   +   +   +   +
  64 I  1   1   2   1   1   1   1   1   1   1   1   1   1   1   1   1   1   1   1   1   1   1   1   1   1   1   0   1   1   1   1   1   1   1   1   1   1   1   1   1
     I  +   +   +   +   +   +   +   +   +   +   +   +   +   +   +   +   +   +   +   +   +   +   +   +   +   +   +   +   +   +   +   +   +   +   +   +   +   +   +   +
  63 I  1   1   1   1   1   1   1   1   2   1   1   1   1   1   1   1   1   1   1   1   1   1   1   1   1   1   1   1   1   1   1   1   0   2   1   1   1   1   0   1
     I  +   +   +   +   +   +   +   +   +   +   +   +   +   +   +   +   +   +   +   +   +   +   +   +   +   +   +   +   +   +   +   +   +   +   +   +   +   +   +   +
  62 I  1   1   1   1   1   1   1   1   1   1   1   1   1   1   2   1   1   1   1   1   1   1   1   1   1   1   1   1   1   1   1   1   1   1   1   1   1   1   1   1
     I  +   +   +   +   +   +   +   +   +   +   +   +   +   +   +   +   +   +   +   +   +   +   +   +   +   +   +   +   +   +   +   +   +   +   +   +   +   +   +   +
  61 I  1   1   1   1   1   1   1   1   1   1   1   1   1   1   1   1   1   1   1   1   1   1   1   1   1   1   1   1   1   1   1   1   1   1   1   1   1   1   1   1
     I  +   +   +   +   +   +   +   +   +   +   +   +   +   +   +   +   +   +   +   +   +   +   +   +   +   +   +   +   +   +   +   +   +   +   +   +   +   +   +   +
  60 I  1   1   0   1   1   1   1   1   1   1   1   1   1   1   1   1   1   1   1   1   2   1   1   1   1   1   1   1   1   1   1   1   1   1   1   1   1   1   1   1
     I  +   +   +   +   +   +   +   +   +   +   +   +   +   +   +   +   +   +   +   +   +   +   +   +   +   +   +   +   +   +   +   +   +   +   +   +   +   +   +   +
  59 I  1   1   1   1   1   1   1   1   1   1   1   1   1   1   0   1   1   1   1   1   1   1   1   1   1   1   2   1   1   1   1   1   1   1   1   1   1   1   1   1
     I  +   +   +   +   +   +   +   +   +   +   +   +   +   +   +   +   +   +   +   +   +   +   +   +   +   +   +   +   +   +   +   +   +   +   +   +   +   +   +   +
  58 I  1   1   1   1   1   1   1   1   1   1   1   1   1   1   1   1   1   1   1   1   0   1   1   2   1   1   0   1   1   1   1   1   2   1   1   1   1   1   1   1
     I  +   +   +   +   +   +   +   +   +   +   +   +   +   +   +   +   +   +   +   +   +   +   +   +   +   +   +   +   +   +   +   +   +   +   +   +   +   +   +   +
  57 I  1   1   1   1   1   1   1   1   1   1   1   1   1   1   1   1   1   1   1   1   1   1   1   1   1   1   1   1   1   1   1   1   0   1   1   1   1   1   1   1
     I  +   +   +   +   +   +   +   +   +   +   +   +   +   +   +   +   +   +   +   +   +   +   +   +   +   +   +   +   +   +   +   +   +   +   +   +   +   +   +   +
  56 I  1   1   1   1   1   1   1   1   1   1   1   1   1   1   1   1   1   1   1   1   1   1   1   1   1   1   1   1   1   1   1   1   1   1   1   1   1   2   1   1
     I  +   +   +   +   +   +   +   +   +   +   +   +   +   +   +   +   +   +   +   +   +   +   +   +   +   +   +   +   +   +   +   +   +   +   +   +   +   +   +   +
  55 I  1   1   1   1   1   1   1   1   1   1   1   1   1   1   1   1   1   1   1   1   1   1   1   1   1   1   1   1   1   1   1   1   1   1   1   1   1   1   1   1
     I  +   +   +   +   +   +   +   +   +   +   +   +   +   +   +   +   +   +   +   +   +   +   +   +   +   +   +   +   +   +   +   +   +   +   +   +   +   +   +   +
  54 I  1   0   1   1   1   1   1   1   1   1   1   1   1   1   1   1   1   1   1   1   1   1   1   1   1   1   1   1   1   1   1   1   1   1   1   1   1   1   1   1
     I  +   +   +   +   +   +   +   +   +   +   +   +   +   +   +   +   +   +   +   +   +   +   +   +   +   +   +   +   +   +   +   +   +   +   +   +   +   +   +   +
  53 I  1   2   1   1   1   1   1   0   1   1   1   1   2   0   1   1   1   1   1   1   1   1   1   1   1   1   1   1   1   1   1   1   1   1   1   1   1   1   1   1
     I  +   +   +   +   +   +   +   +   +   +   +   +   +   +   +   +   +   +   +   +   +   +   +   +   +   +   +   +   +   +   +   +   +   +   +   +   +   +   +   +
  52 I  1   1   1   1   1   1   1   2   1   1   1   1   1   1   1   1   1   1   1   0   1   1   1   1   1   1   1   1   1   1   1   1   1   1   1   1   1   1   1   1
     I  +   +   +   +   +   +   +   +   +   +   +   +   +   +   +   +   +   +   +   +   +   +   +   +   +   +   +   +   +   +   +   +   +   +   +   +   +   +   +   +
  51 I  1   1   1   1   1   1   1   1   1   1   1   1   1   1   1   1   1   1   1   1   1   1   1   1   1   0   1   2   1   1   1   0   1   1   1   1   1   1   1   1
     I  +   +   +   +   +   +   +   +   +   +   +   +   +   +   +   +   +   +   +   +   +   +   +   +   +   +   +   +   +   +   +   +   +   +   +   +   +   +   +   +
  50 I  1   1   1   1   1   1   1   1   1   1   1   1   1   2   1   1   1   1   1   1   1   1   1   1   1   1   1   1   1   1   1   1   1   1   1   1   1   0   1   1
     I  +   +   +   +   +   +   +   +   +   +   +   +   +   +   +   +   +   +   +   +   +   +   +   +   +   +   +   +   +   +   +   +   +   +   +   +   +   +   +   +
  49 I  1   1   1   1   1   1   1   1   1   1   1   1   1   1   1   1   1   1   1   2   1   1   1   1   1   1   1   1   1   1   1   1   1   1   1   1   1   1   1   1
     I  +   +   +   +   +   +   +   +   +   +   +   +   +   +   +   +   +   +   +   +   +   +   +   +   +   +   +   +   +   +   +   +   +   +   +   +   +   +   +   +
  48 I  1   1   1   1   1   1   1   1   1   1   1   1   1   1   1   1   1   1   1   1   1   1   1   1   1   2   1   1   1   1   1   1   1   1   1   1   1   1   1   1
     I  +   +   +   +   +   +   +   +   +   +   +   +   +   +   +   +   +   +   +   +   +   +   +   +   +   +   +   +   +   +   +   +   +   +   +   +   +   +   +   +
  47 I  1   1   1   1   1   1   1   0   1   1   1   1   1   1   1   1   1   1   1   1   1   1   1   1   1   1   1   1   1   1   1   2   1   1   1   1   1   1   1   1
     I  +   +   +   +   +   +   +   +   +   +   +   +   +   +   +   +   +   +   +   +   +   +   +   +   +   +   +   +   +   +   +   +   +   +   +   +   +   +   +   +
  46 I  1   1   1   1   1   1   1   1   1   1   1   1   1   0   1   1   2   1   1   0   1   1   1   1   1   1   1   1   1   1   1   1   1   1   1   1   1   1   1   1
     I  +   +   +   +   +   +   +   +   +   +   +   +   +   +   +   +   +   +   +   +   +   +   +   +   +   +   +   +   +   +   +   +   +   +   +   +   +   +   +   +
  45 I  1   1   1   1   1   1   1   1   1   1   1   1   1   1   1   1   1   1   1   1   1   1   1   1   1   0   1   1   1   1   1   1   1   1   1   1   1   2   1   1
     I  +   +   +   +   +   +   +   +   +   +   +   +   +   +   +   +   +   +   +   +   +   +   +   +   +   +   +   +   +   +   +   +   +   +   +   +   +   +   +   +
  44 I  1   1   1   1   1   1   1   1   1   1   1   1   1   1   1   1   1   1   1   1   1   1   1   1   1   1   1   1   1   1   1   1   1   1   1   1   1   0   1   1
     I  +   +   +   +   +   +   +   +   +   +   +   +   +   +   +   +   +   +   +   +   +   +   +   +   +   +   +   +   +   +   +   +   +   +   +   +   +   +   +   +
  43 I  1   1   1   1   1   1   1   1   1   1   1   1   1   1   1   1   1   1   1   1   1   1   1   1   1   1   1   1   1   1   1   1   1   1   1   1   1   1   1   1
     I  +   +   +   +   +   +   +   +   +   +   +   +   +   +   +   +   +   +   +   +   +   +   +   +   +   +   +   +   +   +   +   +   +   +   +   +   +   +   +   +
  42 I  1   2   1   1   1   1   1   1   1   1   1   1   1   1   1   1   1   1   1   1   1   1   1   1   1   1   1   1   1   1   1   1   1   1   1   1   1   1   1   1
     I  +   +   +   +   +   +   +   +   +   +   +   +   +   +   +   +   +   +   +   +   +   +   +   +   +   +   +   +   +   +   +   +   +   +   +   +   +   +   +   +
  41 I  1   0   1   1   1   1   1   1   1   1   1   1   1   1   1   1   1   1   1   1   1   1   1   1   1   1   1   1   1   1   1   1   1   1   1   1   1   1   1   1
     I  +   +   +   +   +   +   +   +   +   +   +   +   +   +   +   +   +   +   +   +   +   +   +   +   +   +   +   +   +   +   +   +   +   +   +   +   +   +   +   +
  40 I  1   1   1   1   1   1   2   1   1   1   1   1   0   1   1   1   1   1   1   1   1   1   1   1   1   1   1   1   1   1   1   1   1   1   1   1   1   1   1   1
     I  +   +   +   +   +   +   +   +   +   +   +   +   +   +   +   +   +   +   +   +   +   +   +   +   +   +   +   +   +   +   +   +   +   +   +   +   +   +   +   +
  39 I  1   1   1   1   1   1   1   1   1   1   1   1   2   1   1   1   1   1   0   1   2   1   1   1   0   1   1   1   1   1   1   1   1   1   1   1   1   1   1   1
     I  +   +   +   +   +   +   +   +   +   +   +   +   +   +   +   +   +   +   +   +   +   +   +   +   +   +   +   +   +   +   +   +   +   +   +   +   +   +   +   +
  38 I  1   1   1   1   1   1   1   1   1   1   1   1   1   1   1   1   1   1   2   1   1   1   1   1   1   1   1   1   1   1   0   1   1   1   1   2   0   1   1   1
     I  +   +   +   +   +   +   +   +   +   +   +   +   +   +   +   +   +   +   +   +   +   +   +   +   +   +   +   +   +   +   +   +   +   +   +   +   +   +   +   +
  37 I  1   1   1   1   1   1   1   1   1   1   1   1   1   1   1   1   1   1   1   1   1   1   1   1   2   1   1   1   1   1   1   1   1   1   1   1   1   1   1   1
     I  +   +   +   +   +   +   +   +   +   +   +   +   +   +   +   +   +   +   +   +   +   +   +   +   +   +   +   +   +   +   +   +   +   +   +   +   +   +   +   +
  36 I  1   1   1   1   1   1   1   1   1   1   1   1   1   1   1   1   1   1   1   1   1   1   1   1   1   1   1   1   1   1   1   1   1   1   1   1   1   1   1   1
     I  +   +   +   +   +   +   +   +   +   +   +   +   +   +   +   +   +   +   +   +   +   +   +   +   +   +   +   +   +   +   +   +   +   +   +   +   +   +   +   +
  35 I  0   1   1   1   1   1   1   1   1   1   1   1   1   1   1   1   1   1   1   1   1   1   1   1   1   1   1   1   1   1   2   1   1   1   1   1   1   1   1   1
     I  +   +   +   +   +   +   +   +   +   +   +   +   +   +   +   +   +   +   +   +   +   +   +   +   +   +   +   +   +   +   +   +   +   +   +   +   +   +   +   +
  34 I  1   1   1   1   1   1   0   1   1   1   2   1   0   1   1   1   1   1   1   1   1   1   1   1   1   1   1   1   1   1   1   1   1   1   1   1   2   1   1   1
     I  +   +   +   +   +   +   +   +   +   +   +   +   +   +   +   +   +   +   +   +   +   +   +   +   +   +   +   +   +   +   +   +   +   +   +   +   +   +   +   +
  33 I  1   1   1   1   1   1   1   1   1   1   1   1   1   1   1   1   1   1   0   1   1   1   1   1   1   1   1   1   1   1   1   1   1   1   1   1   1   1   1   1
     I  +   +   +   +   +   +   +   +   +   +   +   +   +   +   +   +   +   +   +   +   +   +   +   +   +   +   +   +   +   +   +   +   +   +   +   +   +   +   +   +
  32 I  1   1   1   1   1   1   1   1   1   1   1   1   1   1   1   1   1   1   1   1   1   1   1   1   0   2   1   1   1   1   0   1   1   1   1   1   1   1   1   1
     I  +   +   +   +   +   +   +   +   +   +   +   +   +   +   +   +   +   +   +   +   +   +   +   +   +   +   +   +   +   +   +   +   +   +   +   +   +   +   +   +
  31 I  1   1   1   1   1   1   1   1   1   1   1   1   1   1   1   1   1   1   1   1   1   1   1   1   1   1   1   1   1   1   1   1   1   1   1   1   0   1   1   2
     I  +   +   +   +   +   +   +   +   +   +   +   +   +   +   +   +   +   +   +   +   +   +   +   +   +   +   +   +   +   +   +   +   +   +   +   +   +   +   +   +
  30 I  2   1   1   1   1   1   1   1   1   1   1   1   1   1   1   1   1   1   1   1   1   1   1   1   1   1   1   1   1   1   1   1   1   1   1   1   1   1   1   1
     I  +   +   +   +   +   +   +   +   +   +   +   +   +   +   +   +   +   +   +   +   +   +   +   +   +   +   +   +   +   +   +   +   +   +   +   +   +   +   +   +
  29 I  1   1   1   1   1   1   2   1   1   1   1   1   1   1   1   1   1   1   1   1   1   1   1   1   1   1   1   1   1   1   1   1   1   1   1   1   1   1   1   1
     I  +   +   +   +   +   +   +   +   +   +   +   +   +   +   +   +   +   +   +   +   +   +   +   +   +   +   +   +   +   +   +   +   +   +   +   +   +   +   +   +
  28 I  1   1   1   1   1   1   0   1   1   1   1   1   2   1   1   1   1   1   1   1   1   1   1   1   1   1   1   1   1   1   1   1   1   1   1   1   1   1   1   1
     I  +   +   +   +   +   +   +   +   +   +   +   +   +   +   +   +   +   +   +   +   +   +   +   +   +   +   +   +   +   +   +   +   +   +   +   +   +   +   +   +
  27 I  1   1   1   1   1   1   1   1   1   1   1   1   0   1   2   1   1   1   1   1   1   1   1   1   1   1   1   1   1   1   1   1   1   1   1   1   1   1   1   1
     I  +   +   +   +   +   +   +   +   +   +   +   +   +   +   +   +   +   +   +   +   +   +   +   +   +   +   +   +   +   +   +   +   +   +   +   +   +   +   +   +
  26 I  1   1   1   1   1   1   1   1   1   1   1   1   1   1   1   1   1   1   1   1   1   1   1   0   1   1   1   1   1   1   1   1   1   1   1   1   1   1   1   1
     I  +   +   +   +   +   +   +   +   +   +   +   +   +   +   +   +   +   +   +   +   +   +   +   +   +   +   +   +   +   +   +   +   +   +   +   +   +   +   +   +
  25 I  1   1   1   1   1   1   1   1   1   1   1   1   1   1   1   1   1   1   1   1   1   1   1   2   1   1   1   1   1   1   1   1   1   1   1   0   1   1   1   1
     I  +   +   +   +   +   +   +   +   +   +   +   +   +   +   +   +   +   +   +   +   +   +   +   +   +   +   +   +   +   +   +   +   +   +   +   +   +   +   +   +
  24 I  1   1   1   1   1   1   1   1   1   1   1   1   1   1   1   1   1   1   1   1   1   1   1   1   1   1   1   1   1   2   1   1   1   1   1   1   1   1   1   1
     I  +   +   +   +   +   +   +   +   +   +   +   +   +   +   +   +   +   +   +   +   +   +   +   +   +   +   +   +   +   +   +   +   +   +   +   +   +   +   +   +
  23 I  1   1   1   1   1   1   1   1   1   1   1   1   1   1   1   1   1   1   1   1   1   1   1   1   1   1   1   1   1   1   1   1   1   1   1   2   1   1   1   1
     I  +   +   +   +   +   +   +   +   +   +   +   +   +   +   +   +   +   +   +   +   +   +   +   +   +   +   +   +   +   +   +   +   +   +   +   +   +   +   +   +
  22 I  1   1   1   1   2   0   1   1   1   1   1   1   1   1   1   1   1   1   1   1   1   1   1   1   1   1   1   1   1   1   1   1   1   1   1   1   1   1   1   1
     I  +   +   +   +   +   +   +   +   +   +   +   +   +   +   +   +   +   +   +   +   +   +   +   +   +   +   +   +   +   +   +   +   +   +   +   +   +   +   +   +
  21 I  1   1   1   1   1   1   1   1   1   1   1   0   1   1   1   1   1   1   1   1   1   1   1   1   1   1   1   1   1   1   1   1   1   1   1   1   1   1   1   1
     I  +   +   +   +   +   +   +   +   +   +   +   +   +   +   +   +   +   +   +   +   +   +   +   +   +   +   +   +   +   +   +   +   +   +   +   +   +   +   +   +
  20 I  1   1   1   1   1   1   1   1   1   1   1   1   1   1   1   1   1   0   1   2   1   1   1   0   1   1   1   1   1   1   1   1   1   1   1   1   1   1   1   1
     I  +   +   +   +   +   +   +   +   +   +   +   +   +   +   +   +   +   +   +   +   +   +   +   +   +   +   +   +   +   +   +   +   +   +   +   +   +   +   +   +
  19 I  1   1   1   1   1   1   1   1   1   1   1   1   1   1   1   1   1   1   1   1   1   1   1   1   1   1   1   1   1   0   1   1   1   2   1   0   1   1   1   1
     I  +   +   +   +   +   +   +   +   +   +   +   +   +   +   +   +   +   +   +   +   +   +   +   +   +   +   +   +   +   +   +   +   +   +   +   +   +   +   +   +
  18 I  1   1   1   1   1   2   1   1   1   1   1   1   1   1   1   1   1   1   1   1   1   1   1   1   1   1   1   1   1   1   1   1   1   1   1   1   1   1   1   1
     I  +   +   +   +   +   +   +   +   +   +   +   +   +   +   +   +   +   +   +   +   +   +   +   +   +   +   +   +   +   +   +   +   +   +   +   +   +   +   +   +
  17 I  1   1   1   1   1   1   1   1   1   1   1   1   1   1   1   1   1   1   1   1   1   1   1   1   1   1   1   1   1   1   1   1   1   1   1   1   1   1   1   1
     I  +   +   +   +   +   +   +   +   +   +   +   +   +   +   +   +   +   +   +   +   +   +   +   +   +   +   +   +   +   +   +   +   +   +   +   +   +   +   +   +
  16 I  1   1   1   1   1   1   1   1   1   1   1   2   1   1   1   1   1   1   1   1   1   1   1   1   1   1   1   1   1   1   1   1   1   1   1   1   1   1   1   1
     I  +   +   +   +   +   +   +   +   +   +   +   +   +   +   +   +   +   +   +   +   +   +   +   +   +   +   +   +   +   +   +   +   +   +   +   +   +   +   +   +
  15 I  1   1   1   1   1   0   1   1   1   2   1   0   1   1   1   1   1   2   1   1   1   1   1   1   1   1   1   1   1   1   1   1   1   1   1   1   1   1   1   1
     I  +   +   +   +   +   +   +   +   +   +   +   +   +   +   +   +   +   +   +   +   +   +   +   +   +   +   +   +   +   +   +   +   +   +   +   +   +   +   +   +
  14 I  1   1   1   1   1   1   1   1   1   1   1   1   1   1   1   1   1   0   1   1   1   1   1   2   1   1   1   1   1   1   1   1   1   1   1   1   1   1   1   1
     I  +   +   +   +   +   +   +   +   +   +   +   +   +   +   +   +   +   +   +   +   +   +   +   +   +   +   +   +   +   +   +   +   +   +   +   +   +   +   +   +
  13 I  1   1   1   1   1   1   1   1   1   1   1   1   1   1   1   1   1   1   1   1   1   1   1   1   1   1   1   1   1   1   1   1   1   1   1   1   1   1   1   1
     I  +   +   +   +   +   +   +   +   +   +   +   +   +   +   +   +   +   +   +   +   +   +   +   +   +   +   +   +   +   +   +   +   +   +   +   +   +   +   +   +
  12 I  1   1   1   1   1   1   1   1   1   1   1   1   1   1   1   1   1   1   1   1   1   1   1   1   1   1   1   1   1   1   1   1   1   1   1   1   1   1   2   1
     I  +   +   +   +   +   +   +   +   +   +   +   +   +   +   +   +   +   +   +   +   +   +   +   +   +   +   +   +   +   +   +   +   +   +   +   +   +   +   +   +
  11 I  1   1   1   1   1   1   1   1   1   1   1   1   1   1   1   1   1   1   1   1   1   1   1   1   1   1   1   1   1   1   1   1   1   1   1   1   1   1   1   1
     I  +   +   +   +   +   +   +   +   +   +   +   +   +   +   +   +   +   +   +   +   +   +   +   +   +   +   +   +   +   +   +   +   +   +   +   +   +   +   +   +
  10 I  1   1   1   1   1   1   1   1   1   1   1   1   1   1   1   1   1   1   1   1   1   1   1   1   1   1   1   1   1   1   1   1   1   1   1   1   1   1   1   1
     I  +   +   +   +   +   +   +   +   +   +   +   +   +   +   +   +   +   +   +   +   +   +   +   +   +   +   +   +   +   +   +   +   +   +   +   +   +   +   +   +
   9 I  1   1   1   1   0   1   1   1   1   1   1   1   1   1   1   1   1   1   1   1   1   1   1   1   1   1   1   1   1   1   1   1   1   1   1   1   1   1   1   1
     I  +   +   +   +   +   +   +   +   +   +   +   +   +   +   +   +   +   +   +   +   +   +   +   +   +   +   +   +   +   +   +   +   +   +   +   +   +   +   +   +
   8 I  1   1   1   1   1   1   1   1   1   1   0   1   1   2   1   1   0   1   1   1   1   1   1   1   1   1   1   1   1   1   1   1   1   1   1   1   1   1   1   1
     I  +   +   +   +   +   +   +   +   +   +   +   +   +   +   +   +   +   +   +   +   +   +   +   +   +   +   +   +   +   +   +   +   +   +   +   +   +   +   +   +
   7 I  1   1   1   1   1   1   1   1   1   1   1   1   1   1   1   1   1   1   1   1   1   1   0   1   1   1   1   1   1   1   1   1   1   1   1   1   1   1   1   1
     I  +   +   +   +   +   +   +   +   +   +   +   +   +   +   +   +   +   +   +   +   +   +   +   +   +   +   +   +   +   +   +   +   +   +   +   +   +   +   +   +
   6 I  1   1   1   1   2   1   1   1   1   1   1   1   1   1   1   1   1   1   1   1   1   1   1   1   1   1   1   1   1   1   1   1   1   1   0   1   1   1   1   1
     I  +   +   +   +   +   +   +   +   +   +   +   +   +   +   +   +   +   +   +   +   +   +   +   +   +   +   +   +   +   +   +   +   +   +   +   +   +   +   +   +
   5 I  1   1   1   1   1   1   1   1   1   1   2   1   1   1   1   1   1   1   1   1   1   1   1   1   1   1   1   1   1   1   1   1   1   1   1   1   1   1   1   1
     I  +   +   +   +   +   +   +   +   +   +   +   +   +   +   +   +   +   +   +   +   +   +   +   +   +   +   +   +   +   +   +   +   +   +   +   +   +   +   +   +
   4 I  1   1   1   1   1   1   1   1   1   1   1   1   1   1   1   1   2   1   1   1   1   1   1   1   1   1   1   1   1   1   1   1   1   1   1   1   1   1   1   1
     I  +   +   +   +   +   +   +   +   +   +   +   +   +   +   +   +   +   +   +   +   +   +   +   +   +   +   +   +   +   +   +   +   +   +   +   +   +   +   +   +
   3 I  1   1   1   2   0   1   1   1   1   1   1   1   1   1   1   1   1   1   1   1   1   1   2   1   1   1   1   1   1   1   1   1   1   1   1   1   1   1   1   1
     I  +   +   +   +   +   +   +   +   +   +   +   +   +   +   +   +   +   +   +   +   +   +   +   +   +   +   +   +   +   +   +   +   +   +   +   +   +   +   +   +
   2 I  1   1   1   1   1   1   1   1   1   1   0   1   1   1   1   1   1   1   1   1   1   1   1   1   1   1   1   1   2   1   1   1   1   1   1   1   1   1   1   1
     I  +   +   +   +   +   +   +   +   +   +   +   +   +   +   +   +   +   +   +   +   +   +   +   +   +   +   +   +   +   +   +   +   +   +   +   +   +   +   +   +
   1 I  1   1   1   1   1   1   1   1   1   1   1   1   1   1   1   1   0   1   2   1   1   1   0   1   1   1   1   1   1   1   1   1   1   1   1   1   1   1   1   1
     I  +   +   +   +   +   +   +   +   +   +   +   +   +   +   +   +   +   +   +   +   +   +   +   +   +   +   +   +   +   +   +   +   +   +   +   +   +   +   +   +
     ----------------------------------------------------------------------------------------------------------------------------------------------------------------
       41  42  43  44  45  46  47  48  49  50  51  52  53  54  55  56  57  58  59  60  61  62  63  64  65  66  67  68  69  70  71  72  73  74  75  76  77  78  79  80

 Number of CTG land use cell hits                                      

 Multiply all values by 10 **   0

 100 I  2   1   1   1   1   1   0   1   1   1   1   1   1   1   1   1   1   1   1   1
     I  +   +   +   +   +   +   +   +   +   +   +   +   +   +   +   +   +   +   +   +
  99 I  1   1   1   1   1   1   2   1   1   1   1   1   0   1   1   1   2   1   0   1
     I  +   +   +   +   +   +   +   +   +   +   +   +   +   +   +   +   +   +   +   +
  98 I  1   1   1   1   1   1   1   1   1   1   1   1   1   1   1   1   1   1   1   1
     I  +   +   +   +   +   +   +   +   +   +   +   +   +   +   +   +   +   +   +   +
  97 I  1   1   1   1   1   1   1   1   1   1   1   1   2   1   1   1   1   1   1   1
     I  +   +   +   +   +   +   +   +   +   +   +   +   +   +   +   +   +   +   +   +
  96 I  1   1   1   1   1   1   1   1   1   1   1   1   1   1   1   1   1   1   2   1
     I  +   +   +   +   +   +   +   +   +   +   +   +   +   +   +   +   +   +   +   +
  95 I  1   1   1   1   1   1   1   1   1   1   1   1   1   1   1   1   1   1   1   1
     I  +   +   +   +   +   +   +   +   +   +   +   +   +   +   +   +   +   +   +   +
  94 I  0   1   1   1   2   1   0   1   1   1   1   1   1   1   1   1   1   1   1   1
     I  +   +   +   +   +   +   +   +   +   +   +   +   +   +   +   +   +   +   +   +
  93 I  1   1   1   1   1   1   1   1   1   1   1   1   0   1   1   1   1   1   1   1
     I  +   +   +   +   +   +   +   +   +   +   +   +   +   +   +   +   +   +   +   +
  92 I  1   1   1   1   1   1   1   1   1   1   1   1   1   1   1   1   1   1   0   2
     I  +   +   +   +   +   +   +   +   +   +   +   +   +   +   +   +   +   +   +   +
  91 I  1   1   1   1   1   1   1   1   1   1   1   1   1   1   1   1   1   1   1   1
     I  +   +   +   +   +   +   +   +   +   +   +   +   +   +   +   +   +   +   +   +
  90 I  1   1   1   1   1   1   1   1   1   1   1   1   1   1   1   1   1   1   1   1
     I  +   +   +   +   +   +   +   +   +   +   +   +   +   +   +   +   +   +   +   +
  89 I  2   1   1   1   1   1   1   1   1   1   1   1   1   1   1   1   1   1   1   1
     I  +   +   +   +   +   +   +   +   +   +   +   +   +   +   +   +   +   +   +   +
  88 I  0   1   1   1   1   1   2   1   1   1   1   1   1   1   1   1   1   1   1   1
     I  +   +   +   +   +   +   +   +   +   +   +   +   +   +   +   +   +   +   +   +
  87 I  1   1   1   1   1   1   0   1   2   1   1   0   1   1   1   1   1   1   1   1
     I  +   +   +   +   +   +   +   +   +   +   +   +   +   +   +   +   +   +   +   +
  86 I  1   1   1   1   1   1   1   1   1   1   1   2   1   1   1   1   1   0   1   1
     I  +   +   +   +   +   +   +   +   +   +   +   +   +   +   +   +   +   +   +   +
  85 I  1   1   1   1   1   1   1   1   1   1   1   1   1   1   1   1   1   2   1   1
     I  +   +   +   +   +   +   +   +   +   +   +   +   +   +   +   +   +   +   +   +
  84 I  1   1   1   1   1   1   1   1   1   1   1   1   1   1   1   1   1   1   1   1
     I  +   +   +   +   +   +   +   +   +   +   +   +   +   +   +   +   +   +   +   +
  83 I  1   1   1   1   1   1   1   1   1   1   1   1   1   1   1   1   1   1   1   1
     I  +   +   +   +   +   +   +   +   +   +   +   +   +   +   +   +   +   +   +   +
  82 I  1   1   1   1   1   1   1   1   1   1   1   1   1   1   1   1   1   1   1   1
     I  +   +   +   +   +   +   +   +   +   +   +   +   +   +   +   +   +   +   +   +
  81 I  1   1   1   1   1   0   1   1   1   1   1   1   1   1   1   1   1   1   1   1
     I  +   +   +   +   +   +   +   +   +   +   +   +   +   +   +   +   +   +   +   +
  80 I  1   1   1   1   1   1   1   1   1   1   1   0   2   1   1   1   1   0   1   1
     I  +   +   +   +   +   +   +   +   +   +   +   +   +   +   +   +   +   +   +   +
  79 I  1   1   1   1   1   1   1   1   1   1   1   1   1   1   1   1   1   1   1   1
     I  +   +   +   +   +   +   +   +   +   +   +   +   +   +   +   +   +   +   +   +
  78 I  1   1   1   1   1   1   1   1   1   1   1   1   1   1   1   1   1   1   1   1
     I  +   +   +   +   +   +   +   +   +   +   +   +   +   +   +   +   +   +   +   +
  77 I  1   1   1   1   1   2   1   1   1   1   1   1   1   1   1   1   1   1   1   1
     I  +   +   +   +   +   +   +   +   +   +   +   +   +   +   +   +   +   +   +   +
  76 I  1   1   1   1   1   1   1   1   1   1   1   1   1   1   1   1   1   1   1   1
     I  +   +   +   +   +   +   +   +   +   +   +   +   +   +   +   +   +   +   +   +
  75 I  2   1   1   1   1   0   1   1   1   1   1   2   1   1   1   1   1   1   1   1
     I  +   +   +   +   +   +   +   +   +   +   +   +   +   +   +   +   +   +   +   +
  74 I  1   1   1   1   1   1   1   1   1   1   1   0   1   1   1   2   1   1   1   1
     I  +   +   +   +   +   +   +   +   +   +   +   +   +   +   +   +   +   +   +   +
  73 I  1   1   1   1   1   1   1   1   1   1   1   1   1   1   1   1   1   1   1   1
     I  +   +   +   +   +   +   +   +   +   +   +   +   +   +   +   +   +   +   +   +
  72 I  1   1   1   1   1   1   1   1   1   1   1   1   1   1   1   1   1   1   1   1
     I  +   +   +   +   +   +   +   +   +   +   +   +   +   +   +   +   +   +   +   +
  71 I  1   1   1   1   1   1   1   1   1   1   1   1   1   1   1   1   1   1   1   1
     I  +   +   +   +   +   +   +   +   +   +   +   +   +   +   +   +   +   +   +   +
  70 I  1   1   1   1   1   1   1   1   1   1   1   1   1   1   1   1   1   1   1   1
     I  +   +   +   +   +   +   +   +   +   +   +   +   +   +   +   +   +   +   +   +
  69 I  1   1   1   1   1   1   1   1   1   1   1   1   1   1   1   1   1   1   1   1
     I  +   +   +   +   +   +   +   +   +   +   +   +   +   +   +   +   +   +   +   +
  68 I  1   1   1   1   1   1   1   1   1   1   0   1   1   1   1   1   1   1   1   1
     I  +   +   +   +   +   +   +   +   +   +   +   +   +   +   +   +   +   +   +   +
  67 I  1   1   1   1   1   1   1   1   1   1   1   1   1   1   1   1   0   1   1   2
     I  +   +   +   +   +   +   +   +   +   +   +   +   +   +   +   +   +   +   +   +
  66 I  1   1   1   1   2   1   1   1   1   1   1   1   1   1   1   1   1   1   1   1
     I  +   +   +   +   +   +   +   +   +   +   +   +   +   +   +   +   +   +   +   +
  65 I  1   1   1   1   1   1   1   1   1   1   1   1   1   1   1   1   1   1   1   1
     I  +   +   +   +   +   +   +   +   +   +   +   +   +   +   +   +   +   +   +   +
  64 I  1   1   1   1   1   1   1   1   1   1   2   1   1   1   1   1   1   1   1   1
     I  +   +   +   +   +   +   +   +   +   +   +   +   +   +   +   +   +   +   +   +
  63 I  1   1   1   1   1   1   1   1   1   1   1   1   1   1   1   1   2   1   1   1
     I  +   +   +   +   +   +   +   +   +   +   +   +   +   +   +   +   +   +   +   +
  62 I  1   1   1   1   0   1   1   1   2   1   0   1   1   1   1   1   1   1   1   1
     I  +   +   +   +   +   +   +   +   +   +   +   +   +   +   +   +   +   +   +   +
  61 I  1   1   1   1   1   1   1   1   1   1   1   1   1   1   1   1   0   1   1   1
     I  +   +   +   +   +   +   +   +   +   +   +   +   +   +   +   +   +   +   +   +
  60 I  1   1   1   1   1   1   1   1   1   1   1   1   1   1   1   1   1   1   1   1
     I  +   +   +   +   +   +   +   +   +   +   +   +   +   +   +   +   +   +   +   +
  59 I  1   1   1   1   1   1   1   1   1   1   1   1   1   1   1   1   1   1   1   1
     I  +   +   +   +   +   +   +   +   +   +   +   +   +   +   +   +   +   +   +   +
  58 I  1   1   1   1   1   1   1   1   1   1   1   1   1   1   1   1   1   1   1   1
     I  +   +   +   +   +   +   +   +   +   +   +   +   +   +   +   +   +   +   +   +
  57 I  1   1   1   1   1   1   1   1   1   1   1   1   1   1   1   1   1   1   1   1
     I  +   +   +   +   +   +   +   +   +   +   +   +   +   +   +   +   +   +   +   +
  56 I  1   1   1   0   1   1   1   1   1   1   1   1   1   1   1   1   1   1   1   1
     I  +   +   +   +   +   +   +   +   +   +   +   +   +   +   +   +   +   +   +   +
  55 I  1   1   1   2   1   1   1   1   1   0   1   1   2   1   1   0   1   1   1   1
     I  +   +   +   +   +   +   +   +   +   +   +   +   +   +   +   +   +   +   +   +
  54 I  1   1   1   1   1   1   1   1   1   1   1   1   1   1   1   1   1   1   1   1
     I  +   +   +   +   +   +   +   +   +   +   +   +   +   +   +   +   +   +   +   +
  53 I  1   1   1   1   1   1   1   1   1   2   1   1   1   1   1   1   1   1   1   1
     I  +   +   +   +   +   +   +   +   +   +   +   +   +   +   +   +   +   +   +   +
  52 I  1   1   1   1   1   1   1   1   1   1   1   1   1   1   1   2   1   1   1   1
     I  +   +   +   +   +   +   +   +   +   +   +   +   +   +   +   +   +   +   +   +
  51 I  1   1   1   1   1   1   1   1   1   1   1   1   1   1   1   1   1   1   1   1
     I  +   +   +   +   +   +   +   +   +   +   +   +   +   +   +   +   +   +   +   +
  50 I  1   2   1   0   1   1   1   1   1   1   1   1   1   1   1   1   1   1   1   1
     I  +   +   +   +   +   +   +   +   +   +   +   +   +   +   +   +   +   +   +   +
  49 I  1   1   1   1   1   1   1   1   1   0   1   1   1   1   1   1   1   1   1   1
     I  +   +   +   +   +   +   +   +   +   +   +   +   +   +   +   +   +   +   +   +
  48 I  1   1   1   1   1   1   1   1   1   1   1   1   1   1   1   0   2   1   1   1
     I  +   +   +   +   +   +   +   +   +   +   +   +   +   +   +   +   +   +   +   +
  47 I  1   1   1   1   1   1   1   1   1   1   1   1   1   1   1   1   1   1   1   1
     I  +   +   +   +   +   +   +   +   +   +   +   +   +   +   +   +   +   +   +   +
  46 I  1   1   1   1   1   1   1   1   1   1   1   1   1   1   1   1   1   1   1   1
     I  +   +   +   +   +   +   +   +   +   +   +   +   +   +   +   +   +   +   +   +
  45 I  1   1   1   1   1   1   1   1   1   1   1   1   1   1   1   1   1   1   1   1
     I  +   +   +   +   +   +   +   +   +   +   +   +   +   +   +   +   +   +   +   +
  44 I  1   1   1   2   1   1   1   1   1   1   1   1   1   1   1   1   1   1   1   1
     I  +   +   +   +   +   +   +   +   +   +   +   +   +   +   +   +   +   +   +   +
  43 I  1   1   1   0   1   2   1   1   0   1   1   1   1   1   1   1   1   1   1   1
     I  +   +   +   +   +   +   +   +   +   +   +   +   +   +   +   +   +   +   +   +
  42 I  1   1   1   1   1   1   1   1   2   1   1   1   1   1   0   1   1   1   1   1
     I  +   +   +   +   +   +   +   +   +   +   +   +   +   +   +   +   +   +   +   +
  41 I  1   1   1   1   1   1   1   1   1   1   1   1   1   1   2   1   1   1   1   1
     I  +   +   +   +   +   +   +   +   +   +   +   +   +   +   +   +   +   +   +   +
  40 I  1   1   1   1   1   1   1   1   1   1   1   1   1   1   1   1   1   1   1   1
     I  +   +   +   +   +   +   +   +   +   +   +   +   +   +   +   +   +   +   +   +
  39 I  1   1   1   1   1   1   1   1   1   1   1   1   1   1   1   1   1   1   1   1
     I  +   +   +   +   +   +   +   +   +   +   +   +   +   +   +   +   +   +   +   +
  38 I  1   1   1   1   1   1   1   1   1   1   1   1   1   1   1   1   1   1   1   1
     I  +   +   +   +   +   +   +   +   +   +   +   +   +   +   +   +   +   +   +   +
  37 I  1   1   0   1   1   1   1   1   1   1   1   1   1   1   1   1   1   1   1   1
     I  +   +   +   +   +   +   +   +   +   +   +   +   +   +   +   +   +   +   +   +
  36 I  1   1   1   1   1   1   1   1   0   1   2   1   1   1   0   1   1   1   1   1
     I  +   +   +   +   +   +   +   +   +   +   +   +   +   +   +   +   +   +   +   +
  35 I  1   1   1   1   1   1   1   1   1   1   1   1   1   1   1   1   1   1   1   1
     I  +   +   +   +   +   +   +   +   +   +   +   +   +   +   +   +   +   +   +   +
  34 I  1   1   1   1   1   1   1   1   1   1   1   1   1   1   1   1   1   1   1   1
     I  +   +   +   +   +   +   +   +   +   +   +   +   +   +   +   +   +   +   +   +
  33 I  1   1   2   1   1   1   1   1   1   1   1   1   1   1   1   1   1   1   1   1
     I  +   +   +   +   +   +   +   +   +   +   +   +   +   +   +   +   +   +   +   +
  32 I  1   1   1   1   1   1   1   1   1   1   1   1   1   1   1   1   1   1   1   1
     I  +   +   +   +   +   +   +   +   +   +   +   +   +   +   +   +   +   +   +   +
  31 I  1   1   0   1   1   1   1   1   2   1   1   1   1   1   1   1   1   1   1   1
     I  +   +   +   +   +   +   +   +   +   +   +   +   +   +   +   +   +   +   +   +
  30 I  1   1   1   1   1   1   1   1   0   1   1   1   1   1   2   1   1   1   1   1
     I  +   +   +   +   +   +   +   +   +   +   +   +   +   +   +   +   +   +   +   +
  29 I  1   1   1   1   1   1   1   1   1   1   1   1   1   1   1   1   1   1   1   0
     I  +   +   +   +   +   +   +   +   +   +   +   +   +   +   +   +   +   +   +   +
  28 I  1   1   1   1   1   1   1   1   1   1   1   1   1   1   1   1   1   1   1   2
     I  +   +   +   +   +   +   +   +   +   +   +   +   +   +   +   +   +   +   +   +
  27 I  1   1   1   1   1   1   1   1   1   1   1   1   1   1   1   1   1   1   1   1
     I  +   +   +   +   +   +   +   +   +   +   +   +   +   +   +   +   +   +   +   +
  26 I  1   1   1   1   1   1   1   1   1   1   1   1   1   1   1   1   1   1   1   1
     I  +   +   +   +   +   +   +   +   +   +   +   +   +   +   +   +   +   +   +   +
  25 I  1   1   1   1   1   1   1   1   1   1   1   1   1   1   1   1   1   1   1   1
     I  +   +   +   +   +   +   +   +   +   +   +   +   +   +   +   +   +   +   +   +
  24 I  1   0   1   2   1   1   1   0   1   1   1   1   1   1   1   1   1   1   1   1
     I  +   +   +   +   +   +   +   +   +   +   +   +   +   +   +   +   +   +   +   +
  23 I  1   1   1   1   1   1   1   1   1   1   1   1   1   0   1   1   1   1   2   0
     I  +   +   +   +   +   +   +   +   +   +   +   +   +   +   +   +   +   +   +   +
  22 I  1   2   1   1   1   1   1   1   1   1   1   1   1   1   1   1   1   1   1   1
     I  +   +   +   +   +   +   +   +   +   +   +   +   +   +   +   +   +   +   +   +
  21 I  1   1   1   1   1   1   1   1   1   1   1   1   1   1   1   1   1   1   1   1
     I  +   +   +   +   +   +   +   +   +   +   +   +   +   +   +   +   +   +   +   +
  20 I  1   1   1   1   1   1   1   2   1   1   1   1   1   1   1   1   1   1   1   1
     I  +   +   +   +   +   +   +   +   +   +   +   +   +   +   +   +   +   +   +   +
  19 I  1   1   1   1   1   1   1   1   1   1   1   1   1   2   1   1   1   1   1   1
     I  +   +   +   +   +   +   +   +   +   +   +   +   +   +   +   +   +   +   +   +
  18 I  1   0   1   1   1   1   1   1   1   1   1   1   1   1   1   1   1   1   1   1
     I  +   +   +   +   +   +   +   +   +   +   +   +   +   +   +   +   +   +   +   +
  17 I  1   1   1   1   1   1   1   0   2   1   1   1   1   0   1   1   1   1   1   2
     I  +   +   +   +   +   +   +   +   +   +   +   +   +   +   +   +   +   +   +   +
  16 I  1   1   1   1   1   1   1   1   1   1   1   1   1   1   1   1   1   1   1   0
     I  +   +   +   +   +   +   +   +   +   +   +   +   +   +   +   +   +   +   +   +
  15 I  1   1   1   1   1   1   1   1   1   1   1   1   1   1   1   1   1   1   1   1
     I  +   +   +   +   +   +   +   +   +   +   +   +   +   +   +   +   +   +   +   +
  14 I  1   1   1   1   1   1   1   1   1   1   1   1   1   1   1   1   1   1   1   1
     I  +   +   +   +   +   +   +   +   +   +   +   +   +   +   +   +   +   +   +   +
  13 I  1   1   1   1   1   1   1   1   1   1   1   1   1   1   1   1   1   1   1   1
     I  +   +   +   +   +   +   +   +   +   +   +   +   +   +   +   +   +   +   +   +
  12 I  0   1   1   1   1   1   1   1   1   1   1   1   1   1   1   1   1   1   1   1
     I  +   +   +   +   +   +   +   +   +   +   +   +   +   +   +   +   +   +   +   +
  11 I  1   1   1   1   1   1   0   1   1   1   1   1   1   1   1   1   1   1   1   1
     I  +   +   +   +   +   +   +   +   +   +   +   +   +   +   +   +   +   +   +   +
  10 I  2   1   1   1   1   1   1   1   1   1   1   1   1   1   1   1   1   1   0   1
     I  +   +   +   +   +   +   +   +   +   +   +   +   +   +   +   +   +   +   +   +
   9 I  1   1   1   1   1   1   2   1   1   1   1   1   1   1   1   1   1   1   1   1
     I  +   +   +   +   +   +   +   +   +   +   +   +   +   +   +   +   +   +   +   +
   8 I  1   1   1   1   1   1   1   1   1   1   1   1   2   1   1   1   1   1   1   1
     I  +   +   +   +   +   +   +   +   +   +   +   +   +   +   +   +   +   +   +   +
   7 I  1   1   1   1   1   1   1   1   1   1   1   1   1   1   1   1   1   1   1   1
     I  +   +   +   +   +   +   +   +   +   +   +   +   +   +   +   +   +   +   +   +
   6 I  1   1   1   1   1   1   1   1   1   1   1   1   1   1   1   1   1   1   2   1
     I  +   +   +   +   +   +   +   +   +   +   +   +   +   +   +   +   +   +   +   +
   5 I  0   1   2   1   1   1   0   1   1   1   1   1   1   1   1   1   1   1   1   1
     I  +   +   +   +   +   +   +   +   +   +   +   +   +   +   +   +   +   +   +   +
   4 I  1   1   1   1   1   1   1   1   1   1   1   1   0   1   1   1   2   1   0   1
     I  +   +   +   +   +   +   +   +   +   +   +   +   +   +   +   +   +   +   +   +
   3 I  1   1   1   1   1   1   1   1   1   1   1   1   1   1   1   1   1   1   1   1
     I  +   +   +   +   +   +   +   +   +   +   +   +   +   +   +   +   +   +   +   +
   2 I  1   1   1   1   1   1   1   1   1   1   1   1   1   1   1   1   1   1   1   1
     I  +   +   +   +   +   +   +   +   +   +   +   +   +   +   +   +   +   +   +   +
   1 I  1   1   1   1   1   1   1   1   1   1   1   1   1   1   1   1   1   1   1   1
     I  +   +   +   +   +   +   +   +   +   +   +   +   +   +   +   +   +   +   +   +
     --------------------------------------------------------------------------------
       81  82  83  84  85  86  87  88  89  90  91  92  93  94  95  96  97  98  99 100

