386|LINK: 8.04-Lahey -- Copyright (C) 1986-97 Phar Lap Software, Inc.


Linking for 32-bit protected mode


Command line switches:

-LIBPATH C:\LF9040\LIB
@c:\windows\TEMP\LFT4.
"C:\LF9040\BIN\lfinitw.obj"
"C:\LF9040\BIN\ptest.obj"
"AIRCAL.OBJ"
"AIRSAVE.OBJ"
"AIRSET.OBJ"
"ANMCAL.OBJ"
"AQUCAL.OBJ"
"ATODAT.OBJ"
"ATOIN.OBJ"
"AVGCON.OBJ"
"BLKDAT.OBJ"
"BLOCKD.OBJ"
"CANDH.OBJ"
"CHAIN.OBJ"
"CRPCAL.OBJ"
"DKHARV.OBJ"
"DRKCAL.OBJ"
"EDRANM.OBJ"
"EDRCRP.OBJ"
"EDRRES.OBJ"
"ENV.OBJ"
"ENVLIB.OBJ"
"EPFDAT.OBJ"
"EPFDSET.OBJ"
"EPFGRID.OBJ"
"EPFHEAD.OBJ"
"EXPOS.OBJ"
"EXPOSR.OBJ"
"EXTCAL.OBJ"
"FILERR.OBJ"
"GETINT.OBJ"
"GETLEACH.OBJ"
"GETLOG.OBJ"
"GETNAM.OBJ"
"GETREAL.OBJ"
"GETSET.OBJ"
"GETSTR.OBJ"
"GETXY.OBJ"
"HEADIN.OBJ"
"HEADNG.OBJ"
"INHCAL.OBJ"
"INITNV.OBJ"
"LENWORD.OBJ"
"MAKDA2.OBJ"
"MARKIN.OBJ"
"MOVESET.OBJ"
"MOVETO.OBJ"
"OPNFIL.OBJ"
"REDCAS.OBJ"
"RMDGET.OBJ"
"SEQ.OBJ"
"SEQI.OBJ"
"SETAIR.OBJ"
"SETANION.OBJ"
"SETCON.OBJ"
"SETELAW.OBJ"
"TRNSPT.OBJ"
"UPPERC.OBJ"
"VINTERP.OBJ"
"WCFDAT.OBJ"
"WCFIN.OBJ"
"XYPOINT.OBJ"
-lib import1.lib import2.lib import3.lib
-lib lf90w.lib
-lib lf90wio.lib
-libpath ".\"
-stack 20000h
-subsystem windows
-start WinMainCRTStartup
-exeformat portexe
-stub lfdummy.exe
-offset 10000h
-order class CODE
-order class DATA
-order class CONST
-order class BSS
-order class STACK
-order class RSRC
-empty class BSS
-exe "expos.exe"
-twocase


Input module(s):

Stub "lfdummy" from file "C:\LF9040\BIN\lfdummy.exe"  [Wed May 22 11:13:04 1996].
"lfinitw" from file "C:\LF9040\BIN\lfinitw.obj"  [Wed Aug 20 16:34:38 1997].
"pentest" from file "C:\LF9040\BIN\ptest.obj"  [Mon Feb 27 11:16:14 1995].
"AIRCAL" from file "AIRCAL.OBJ"  [Wed May 06 15:14:38 1998].
"AIRSAVE" from file "AIRSAVE.OBJ"  [Wed May 06 15:14:42 1998].
"AIRSET" from file "AIRSET.OBJ"  [Wed May 06 15:14:46 1998].
"ANMCAL" from file "ANMCAL.OBJ"  [Wed May 06 15:14:56 1998].
"AQUCAL" from file "AQUCAL.OBJ"  [Wed May 06 15:15:02 1998].
"ATODAT" from file "ATODAT.OBJ"  [Wed May 06 15:15:20 1998].
"ATOIN" from file "ATOIN.OBJ"  [Wed May 06 15:15:30 1998].
"AVGCON" from file "AVGCON.OBJ"  [Wed May 06 15:15:34 1998].
"BLKDAT" from file "BLKDAT.OBJ"  [Wed May 06 15:15:38 1998].
"BLOCKD" from file "BLOCKD.OBJ"  [Wed May 06 15:15:44 1998].
"CANDH" from file "CANDH.OBJ"  [Wed May 06 15:15:54 1998].
"CHAIN" from file "CHAIN.OBJ"  [Thu May 07 13:33:36 1998].
"CRPCAL" from file "CRPCAL.OBJ"  [Thu May 07 13:33:46 1998].
"DKHARV" from file "DKHARV.OBJ"  [Thu May 07 13:33:52 1998].
"DRKCAL" from file "DRKCAL.OBJ"  [Thu May 07 13:33:56 1998].
"EDRANM" from file "EDRANM.OBJ"  [Thu May 07 13:34:04 1998].
"EDRCRP" from file "EDRCRP.OBJ"  [Thu May 07 13:34:10 1998].
"EDRRES" from file "EDRRES.OBJ"  [Thu May 07 13:34:14 1998].
"ENV" from file "ENV.OBJ"  [Thu May 07 13:34:20 1998].
"ENVLIB" from file "ENVLIB.OBJ"  [Thu May 07 13:34:28 1998].
"EPFDAT" from file "EPFDAT.OBJ"  [Thu May 07 13:34:34 1998].
"EPFDSET" from file "EPFDSET.OBJ"  [Thu May 07 13:34:40 1998].
"EPFGRID" from file "EPFGRID.OBJ"  [Thu May 07 13:34:52 1998].
"EPFHEAD" from file "EPFHEAD.OBJ"  [Thu May 07 13:34:58 1998].
"EXPOS" from file "EXPOS.OBJ"  [Thu May 07 13:35:18 1998].
"EXPOSR" from file "EXPOSR.OBJ"  [Thu May 07 13:35:24 1998].
"EXTCAL" from file "EXTCAL.OBJ"  [Thu May 07 13:35:30 1998].
"FILERR" from file "FILERR.OBJ"  [Thu May 07 13:35:34 1998].
"GETINT" from file "GETINT.OBJ"  [Thu May 07 13:35:40 1998].
"GETLEACH" from file "GETLEACH.OBJ"  [Thu May 07 13:35:46 1998].
"GETLOG" from file "GETLOG.OBJ"  [Thu May 07 13:35:50 1998].
"GETNAM" from file "GETNAM.OBJ"  [Thu May 07 13:35:56 1998].
"GETREAL" from file "GETREAL.OBJ"  [Thu May 07 13:36:00 1998].
"GETSET" from file "GETSET.OBJ"  [Thu May 07 13:36:04 1998].
"GETSTR" from file "GETSTR.OBJ"  [Thu May 07 13:36:10 1998].
"GETXY" from file "GETXY.OBJ"  [Thu May 07 13:36:14 1998].
"HEADIN" from file "HEADIN.OBJ"  [Thu May 07 13:36:18 1998].
"HEADNG" from file "HEADNG.OBJ"  [Thu May 07 13:36:24 1998].
"INHCAL" from file "INHCAL.OBJ"  [Thu May 07 13:36:28 1998].
"INITNV" from file "INITNV.OBJ"  [Thu May 07 13:36:34 1998].
"LENWORD" from file "LENWORD.OBJ"  [Thu May 07 13:36:38 1998].
"MAKDA2" from file "MAKDA2.OBJ"  [Thu May 07 13:36:42 1998].
"MARKIN" from file "MARKIN.OBJ"  [Thu May 07 13:36:46 1998].
"MOVESET" from file "MOVESET.OBJ"  [Thu May 07 13:36:50 1998].
"MOVETO" from file "MOVETO.OBJ"  [Thu May 07 13:36:54 1998].
"OPNFIL" from file "OPNFIL.OBJ"  [Thu May 07 13:37:02 1998].
"REDCAS" from file "REDCAS.OBJ"  [Thu May 07 13:37:12 1998].
"RMDGET" from file "RMDGET.OBJ"  [Thu May 07 13:37:20 1998].
"SEQ" from file "SEQ.OBJ"  [Thu May 07 13:37:24 1998].
"SEQI" from file "SEQI.OBJ"  [Thu May 07 13:37:28 1998].
"SETAIR" from file "SETAIR.OBJ"  [Thu May 07 13:37:32 1998].
"SETANION" from file "SETANION.OBJ"  [Thu May 07 13:37:36 1998].
"SETCON" from file "SETCON.OBJ"  [Thu May 07 13:37:42 1998].
"SETELAW" from file "SETELAW.OBJ"  [Thu May 07 13:37:46 1998].
"TRNSPT" from file "TRNSPT.OBJ"  [Thu May 07 13:37:50 1998].
"UPPERC" from file "UPPERC.OBJ"  [Thu May 07 13:37:56 1998].
"VINTERP" from file "VINTERP.OBJ"  [Thu May 07 13:38:00 1998].
"WCFDAT" from file "WCFDAT.OBJ"  [Thu May 07 13:38:08 1998].
"WCFIN" from file "WCFIN.OBJ"  [Thu May 07 13:38:14 1998].
"XYPOINT" from file "XYPOINT.OBJ"  [Thu May 07 13:38:18 1998].
"FCOSF" from file "C:\LF9040\LIB\lf90w.lib"  [Tue Dec 16 17:14:38 1997].
"FEXP" from file "C:\LF9040\LIB\lf90w.lib"  [Tue Dec 16 17:14:38 1997].
"FEXPF" from file "C:\LF9040\LIB\lf90w.lib"  [Tue Dec 16 17:14:38 1997].
"FLOG10" from file "C:\LF9040\LIB\lf90w.lib"  [Tue Dec 16 17:14:38 1997].
"FLOGF" from file "C:\LF9040\LIB\lf90w.lib"  [Tue Dec 16 17:14:38 1997].
"FSINF" from file "C:\LF9040\LIB\lf90w.lib"  [Tue Dec 16 17:14:38 1997].
"FSQRTF" from file "C:\LF9040\LIB\lf90w.lib"  [Tue Dec 16 17:14:38 1997].
"POW_RR_V" from file "C:\LF9040\LIB\lf90w.lib"  [Tue Dec 16 17:14:38 1997].
"INDEX" from file "C:\LF9040\LIB\lf90w.lib"  [Tue Dec 16 17:14:38 1997].
"LFINITWC" from file "C:\LF9040\LIB\lf90w.lib"  [Tue Dec 16 17:14:38 1997].
"BC_DEFS" from file "C:\LF9040\LIB\lf90w.lib"  [Tue Dec 16 17:14:38 1997].
"LFDATE" from file "C:\LF9040\LIB\lf90w.lib"  [Tue Dec 16 17:14:38 1997].
"LFTIME" from file "C:\LF9040\LIB\lf90w.lib"  [Tue Dec 16 17:14:38 1997].
"exp" from file "C:\LF9040\LIB\lf90w.lib"  [Tue Dec 16 17:14:38 1997].
"expf" from file "C:\LF9040\LIB\lf90w.lib"  [Tue Dec 16 17:14:38 1997].
"f_cosf" from file "C:\LF9040\LIB\lf90w.lib"  [Tue Dec 16 17:14:38 1997].
"f_sinf" from file "C:\LF9040\LIB\lf90w.lib"  [Tue Dec 16 17:14:38 1997].
"log10" from file "C:\LF9040\LIB\lf90w.lib"  [Tue Dec 16 17:14:38 1997].
"logf" from file "C:\LF9040\LIB\lf90w.lib"  [Tue Dec 16 17:14:38 1997].
"nsqrtf" from file "C:\LF9040\LIB\lf90w.lib"  [Tue Dec 16 17:14:38 1997].
"POWF" from file "C:\LF9040\LIB\lf90w.lib"  [Tue Dec 16 17:14:38 1997].
"ERRNO" from file "C:\LF9040\LIB\lf90w.lib"  [Tue Dec 16 17:14:38 1997].
"CSTRING" from file "C:\LF9040\LIB\lf90w.lib"  [Tue Dec 16 17:14:38 1997].
"winstack" from file "C:\LF9040\LIB\lf90w.lib"  [Tue Dec 16 17:14:38 1997].
"pow" from file "C:\LF9040\LIB\lf90w.lib"  [Tue Dec 16 17:14:38 1997].
"pow_tbl1" from file "C:\LF9040\LIB\lf90w.lib"  [Tue Dec 16 17:14:38 1997].
"pow_tbl2" from file "C:\LF9040\LIB\lf90w.lib"  [Tue Dec 16 17:14:38 1997].
"CLOSE" from file "C:\LF9040\LIB\lf90wio.lib"  [Mon Oct 20 11:48:24 1997].
"EREPORT" from file "C:\LF9040\LIB\lf90wio.lib"  [Mon Oct 20 11:48:24 1997].
"FCHEQS" from file "C:\LF9040\LIB\lf90wio.lib"  [Mon Oct 20 11:48:24 1997].
"FCHCMP" from file "C:\LF9040\LIB\lf90wio.lib"  [Mon Oct 20 11:48:24 1997].
"FMTIN" from file "C:\LF9040\LIB\lf90wio.lib"  [Mon Oct 20 11:48:24 1997].
"FMTOT" from file "C:\LF9040\LIB\lf90wio.lib"  [Mon Oct 20 11:48:24 1997].
"INQUIRE" from file "C:\LF9040\LIB\lf90wio.lib"  [Mon Oct 20 11:48:24 1997].
"IOMISC" from file "C:\LF9040\LIB\lf90wio.lib"  [Mon Oct 20 11:48:24 1997].
"MINIMUM" from file "C:\LF9040\LIB\lf90wio.lib"  [Mon Oct 20 11:48:24 1997].
"OPEN" from file "C:\LF9040\LIB\lf90wio.lib"  [Mon Oct 20 11:48:24 1997].
"REWIND" from file "C:\LF9040\LIB\lf90wio.lib"  [Mon Oct 20 11:48:24 1997].
"UNFIO" from file "C:\LF9040\LIB\lf90wio.lib"  [Mon Oct 20 11:48:24 1997].
"chkstack" from file "C:\LF9040\LIB\lf90wio.lib"  [Mon Oct 20 11:48:24 1997].
"LF_LOW" from file "C:\LF9040\LIB\lf90wio.lib"  [Mon Oct 20 11:48:24 1997].
"LFCTYPE" from file "C:\LF9040\LIB\lf90wio.lib"  [Mon Oct 20 11:48:24 1997].
"FHEAP" from file "C:\LF9040\LIB\lf90wio.lib"  [Mon Oct 20 11:48:24 1997].
"initfpu" from file "C:\LF9040\LIB\lf90wio.lib"  [Mon Oct 20 11:48:24 1997].
"LFINITWD" from file "C:\LF9040\LIB\lf90wio.lib"  [Mon Oct 20 11:48:24 1997].
"errpub" from file "C:\LF9040\LIB\lf90wio.lib"  [Mon Oct 20 11:48:24 1997].
"FLG2RT" from file "C:\LF9040\LIB\lf90wio.lib"  [Mon Oct 20 11:48:24 1997].
"ADIRECT" from file "C:\LF9040\LIB\lf90wio.lib"  [Mon Oct 20 11:48:24 1997].
"AFMTIO" from file "C:\LF9040\LIB\lf90wio.lib"  [Mon Oct 20 11:48:24 1997].
"AUNFIO" from file "C:\LF9040\LIB\lf90wio.lib"  [Mon Oct 20 11:48:24 1997].
"FCB" from file "C:\LF9040\LIB\lf90wio.lib"  [Mon Oct 20 11:48:24 1997].
"FMTIO" from file "C:\LF9040\LIB\lf90wio.lib"  [Mon Oct 20 11:48:24 1997].
"location" from file "C:\LF9040\LIB\lf90wio.lib"  [Mon Oct 20 11:48:24 1997].
"PAUSE" from file "C:\LF9040\LIB\lf90wio.lib"  [Mon Oct 20 11:48:24 1997].
"MEMORY" from file "C:\LF9040\LIB\lf90wio.lib"  [Mon Oct 20 11:48:24 1997].
"COREIO" from file "C:\LF9040\LIB\lf90wio.lib"  [Mon Oct 20 11:48:24 1997].
"LFGETENV" from file "C:\LF9040\LIB\lf90wio.lib"  [Mon Oct 20 11:48:24 1997].
"lfsold" from file "C:\LF9040\LIB\lf90wio.lib"  [Mon Oct 20 11:48:24 1997].
"LFEXIT" from file "C:\LF9040\LIB\lf90wio.lib"  [Mon Oct 20 11:48:24 1997].
"FMTNOMOD" from file "C:\LF9040\LIB\lf90wio.lib"  [Mon Oct 20 11:48:24 1997].
"GetStockObject" from file "C:\LF9040\LIB\import1.lib"  [Wed Jul 24 12:09:26 1996].
"DefWindowProcA" from file "C:\LF9040\LIB\import2.lib"  [Wed Jul 24 12:09:26 1996].
"DestroyWindow" from file "C:\LF9040\LIB\import2.lib"  [Wed Jul 24 12:09:26 1996].
"LoadCursorA" from file "C:\LF9040\LIB\import2.lib"  [Wed Jul 24 12:09:26 1996].
"LoadIconA" from file "C:\LF9040\LIB\import2.lib"  [Wed Jul 24 12:09:26 1996].
"MessageBoxA" from file "C:\LF9040\LIB\import2.lib"  [Wed Jul 24 12:09:26 1996].
"PostQuitMessage" from file "C:\LF9040\LIB\import2.lib"  [Wed Jul 24 12:09:26 1996].
"RegisterClassA" from file "C:\LF9040\LIB\import2.lib"  [Wed Jul 24 12:09:26 1996].
"AllocConsole" from file "C:\LF9040\LIB\import3.lib"  [Wed Jul 24 12:09:26 1996].
"CloseHandle" from file "C:\LF9040\LIB\import3.lib"  [Wed Jul 24 12:09:26 1996].
"CreateFileA" from file "C:\LF9040\LIB\import3.lib"  [Wed Jul 24 12:09:26 1996].
"DeleteFileA" from file "C:\LF9040\LIB\import3.lib"  [Wed Jul 24 12:09:26 1996].
"ExitProcess" from file "C:\LF9040\LIB\import3.lib"  [Wed Jul 24 12:09:26 1996].
"FreeConsole" from file "C:\LF9040\LIB\import3.lib"  [Wed Jul 24 12:09:26 1996].
"GetCommandLineA" from file "C:\LF9040\LIB\import3.lib"  [Wed Jul 24 12:09:26 1996].
"GetEnvironmentVariableA" from file "C:\LF9040\LIB\import3.lib"  [Wed Jul 24 12:09:26 1996].
"GetFileSize" from file "C:\LF9040\LIB\import3.lib"  [Wed Jul 24 12:09:26 1996].
"GetFileType" from file "C:\LF9040\LIB\import3.lib"  [Wed Jul 24 12:09:26 1996].
"GetLastError" from file "C:\LF9040\LIB\import3.lib"  [Wed Jul 24 12:09:26 1996].
"GetLocalTime" from file "C:\LF9040\LIB\import3.lib"  [Wed Jul 24 12:09:26 1996].
"GetModuleFileNameA" from file "C:\LF9040\LIB\import3.lib"  [Wed Jul 24 12:09:26 1996].
"GetModuleHandleA" from file "C:\LF9040\LIB\import3.lib"  [Wed Jul 24 12:09:26 1996].
"GetProcessHeap" from file "C:\LF9040\LIB\import3.lib"  [Wed Jul 24 12:09:26 1996].
"GetStartupInfoA" from file "C:\LF9040\LIB\import3.lib"  [Wed Jul 24 12:09:26 1996].
"GetStdHandle" from file "C:\LF9040\LIB\import3.lib"  [Wed Jul 24 12:09:26 1996].
"GetTempFileNameA" from file "C:\LF9040\LIB\import3.lib"  [Wed Jul 24 12:09:26 1996].
"GetTempPathA" from file "C:\LF9040\LIB\import3.lib"  [Wed Jul 24 12:09:26 1996].
"GetVersion" from file "C:\LF9040\LIB\import3.lib"  [Wed Jul 24 12:09:26 1996].
"HeapAlloc" from file "C:\LF9040\LIB\import3.lib"  [Wed Jul 24 12:09:26 1996].
"ReadConsoleA" from file "C:\LF9040\LIB\import3.lib"  [Wed Jul 24 12:09:26 1996].
"ReadFile" from file "C:\LF9040\LIB\import3.lib"  [Wed Jul 24 12:09:26 1996].
"SetEndOfFile" from file "C:\LF9040\LIB\import3.lib"  [Wed Jul 24 12:09:26 1996].
"SetFilePointer" from file "C:\LF9040\LIB\import3.lib"  [Wed Jul 24 12:09:26 1996].
"WriteFile" from file "C:\LF9040\LIB\import3.lib"  [Wed Jul 24 12:09:26 1996].
"lstrlenA" from file "C:\LF9040\LIB\import3.lib"  [Wed Jul 24 12:09:26 1996].


Segment map

     Name         Group         Class     Type   Offset     Size
------------  ------------  ------------  ----  --------  --------
REAL STUB                                       00010000  0000036C
PE HEADER                                       0001036C  000000F8
OBJECT TABLE                                    00010464  000000F0
_TEXT         CGROUP        CODE          PUB   00011000  00030D1D
.jdata                      CODE          PUB   00041D20  000000D2
_DATA         DGROUP        DATA          PUB   00041DF4  00006706
_lc_OPT       DGROUP        DATA          COM   00048500  00000300
_lc_CONC      DGROUP        DATA          COM   00048800  00000F00
_lc_RAD       DGROUP        DATA          COM   00049700  000000E4
_lc_OPT2      DGROUP        DATA          COM   000497F0  0000009F
_lc_FODPAR    DGROUP        DATA          COM   00049890  00000300
_lc_AQUPAR    DGROUP        DATA          COM   00049B90  00000200
_lc_ANMPAR    DGROUP        DATA          COM   00049D90  00000400
_lc_AIRPAR    DGROUP        DATA          COM   0004A190  00000300
_lc_DEVICE    DGROUP        DATA          COM   0004A490  00000030
_lc_SOLPAR    DGROUP        DATA          COM   0004A4C0  00000200
_lc_TIMES     DGROUP        DATA          COM   0004A6C0  00000054
_lc_AIRINFO   DGROUP        DATA          COM   0004A720  00003500
_lc_CURNAM    DGROUP        DATA          COM   0004DC20  00000020
_lc_CONIN     DGROUP        DATA          COM   0004DC40  0004BB00
_lc_FLUX      DGROUP        DATA          COM   00099740  00000300
_lc_EXPLOC    DGROUP        DATA          COM   00099A40  00000012
_lc_EXINFO    DGROUP        DATA          COM   00099A60  00000A00
_lc_FNAMES    DGROUP        DATA          COM   0009A460  00000200
_lc_EXPNAM    DGROUP        DATA          COM   0009A660  00000600
_lc_EXTPAR    DGROUP        DATA          COM   0009AC60  0000004C
_lc_FILES     DGROUP        DATA          COM   0009ACB0  00000600
_lc_SWPAR     DGROUP        DATA          COM   0009B2B0  00000004
_lc_DECAY     DGROUP        DATA          COM   0009B2C0  00000100
_lc_AFLAGS    DGROUP        DATA          COM   0009B3C0  00000008
_lc_NUCNAM    DGROUP        DATA          COM   0009B3D0  0000004C
_lc_LEACH     DGROUP        DATA          COM   0009B420  0000005C
_lc_EXPALL    DGROUP        DATA          COM   0009B480  00011600
_lc__FLG2RT   DGROUP        DATA          COM   000ACA80  00000040
_lc_DACPCC    DGROUP        DATA          COM   000ACAC0  00000014
_lc_TITL      DGROUP        DATA          COM   000ACAE0  00001000
_lc_DAYPC     DGROUP        DATA          COM   000ADAE0  0000000E
_lc_ENVPAR    DGROUP        DATA          COM   000ADAF0  00000400
CONST2        DGROUP        DATA          PUB   000ADEF0  00000000
_data                       DATA          PUB   000ADEF0  00000C20
CONST         DGROUP        CONST         PUB   000AEB10  0000023A
_BSS          DGROUP        BSS           PUB   000AED4C  00079A78
??stack                     STACK         STK   001287D0  00004000
.idata                      IMPORTS       PUB   0012D000  000003DC
.edata                      EXPORTS       PUB   0012E000  00001000
.reloc                      RELOCS        PUB   0012F000  00005800


Portable .EXE (PE) Sections

  Name    Address     Size    File Off  File Sz    Flags
--------  --------  --------  --------  --------  --------
CODE      00011000  0009DD4A  00000600  0009DE00  E0000020  
.bss      000AF000  0007D7D0  00000000  0007D800  C0000080  
.idata    0012D000  000003DC  0009E400  00000400  C0000040  
.edata    0012E000  00001000  0009E800  00001000  C0000040  
.reloc    0012F000  00005800  0009F800  00005800  42000040  
$$DOSX    00135000  00000200  000A5000  00000200  42000040  


Public symbols

     Name       Value      Module        Segment      Size
------------  --------  ------------  ------------  --------
$$lfdummy     00000001                              
AIRCAL        000110A0  AIRCAL        _TEXT         
AIRSAVE       000113A0  AIRSAVE       _TEXT         
AIRSET        000114E0  AIRSET        _TEXT         
ANMCAL        00011610  ANMCAL        _TEXT         
AQUCAL        00012C40  AQUCAL        _TEXT         
ATODAT        00012FD0  ATODAT        _TEXT         
ATOIN         00016900  ATOIN         _TEXT         
AVGCON        00018810  AVGCON        _TEXT         
AllocConsole  00041D26  AllocConsole  .jdata        IMPORT
BLKDAT        00018DD0  BLKDAT        _TEXT         
BLOCKD        00018DE0  BLOCKD        _TEXT         
CANDH         00018DF0  CANDH         _TEXT         
CHAIN         0001A2A0  CHAIN         _TEXT         
CRPCAL        0001B1B0  CRPCAL        _TEXT         
CloseHandle   00041D2C  CloseHandle   .jdata        IMPORT
CreateFileA   00041D32  CreateFileA   .jdata        IMPORT
DKHARV        0001C160  DKHARV        _TEXT         
DRKCAL        0001CA90  DRKCAL        _TEXT         
DefWindowPr-  00041DC8  DefWindowPr-  .jdata        IMPORT
DeleteFileA   00041D38  DeleteFileA   .jdata        IMPORT
DestroyWind-  00041DCE  DestroyWind-  .jdata        IMPORT
EDRANM        0001CE00  EDRANM        _TEXT         
EDRCRP        0001D430  EDRCRP        _TEXT         
EDRRES        0001DB00  EDRRES        _TEXT         
ENV           0001DE70  ENV           _TEXT         
ENVLIB        0001E920  ENVLIB        _TEXT         
EPFDAT        0001F380  EPFDAT        _TEXT         
EPFDSET       000200F0  EPFDSET       _TEXT         
EPFGRID       00020570  EPFGRID       _TEXT         
EPFHEAD       000227C0  EPFHEAD       _TEXT         
EXPOSR        00027330  EXPOSR        _TEXT         
EXTCAL        00027860  EXTCAL        _TEXT         
ExitProcess   00041D3E  ExitProcess   .jdata        IMPORT
FILERR        00027F10  FILERR        _TEXT         
FreeConsole   00041D44  FreeConsole   .jdata        IMPORT
GETINT        00028240  GETINT        _TEXT         
GETLEACH      00028500  GETLEACH      _TEXT         
GETLOG        00029280  GETLOG        _TEXT         
GETNAM        00029540  GETNAM        _TEXT         
GETREAL       00029D50  GETREAL       _TEXT         
GETSET        0002A010  GETSET        _TEXT         
GETSTR        0002A530  GETSTR        _TEXT         
GETXY         0002A830  GETXY         _TEXT         
GetCommandL-  00041D4A  GetCommandL-  .jdata        IMPORT
GetEnvironm-  00041D50  GetEnvironm-  .jdata        IMPORT
GetFileSize   00041D56  GetFileSize   .jdata        IMPORT
GetFileType   00041D5C  GetFileType   .jdata        IMPORT
GetLastError  00041D62  GetLastError  .jdata        IMPORT
GetLocalTime  00041D68  GetLocalTime  .jdata        IMPORT
GetModuleFi-  00041D6E  GetModuleFi-  .jdata        IMPORT
GetModuleHa-  00041D74  GetModuleHa-  .jdata        IMPORT
GetProcessH-  00041D7A  GetProcessH-  .jdata        IMPORT
GetStartupI-  00041D80  GetStartupI-  .jdata        IMPORT
GetStdHandle  00041D86  GetStdHandle  .jdata        IMPORT
GetStockObj-  00041D20  GetStockObj-  .jdata        IMPORT
GetTempFile-  00041D8C  GetTempFile-  .jdata        IMPORT
GetTempPathA  00041D92  GetTempPathA  .jdata        IMPORT
GetVersion    00041D98  GetVersion    .jdata        IMPORT
HEADIN        0002A8E0  HEADIN        _TEXT         
HEADNG        0002ACE0  HEADNG        _TEXT         
HeapAlloc     00041D9E  HeapAlloc     .jdata        IMPORT
INHCAL        0002B0A0  INHCAL        _TEXT         
INITNV        0002B2E0  INITNV        _TEXT         
LENWORD       0002BA20  LENWORD       _TEXT         
LF90WndProc   0003F0EE  LFINITWD      _TEXT         
LoadCursorA   00041DD4  LoadCursorA   .jdata        IMPORT
LoadIconA     00041DDA  LoadIconA     .jdata        IMPORT
MAKDA2        0002BAF0  MAKDA2        _TEXT         
MARKIN        0002BB30  MARKIN        _TEXT         
MOVESET       0002BD70  MOVESET       _TEXT         
MOVETO        0002BF50  MOVETO        _TEXT         
MessageBoxA   00041DE0  MessageBoxA   .jdata        IMPORT
OPNFIL        0002C260  OPNFIL        _TEXT         
PostQuitMes-  00041DE6  PostQuitMes-  .jdata        IMPORT
REDCAS        0002D760  REDCAS        _TEXT         
RMDGET        00030BB0  RMDGET        _TEXT         
ReadConsoleA  00041DA4  ReadConsoleA  .jdata        IMPORT
ReadFile      00041DAA  ReadFile      .jdata        IMPORT
RegisterCla-  00041DEC  RegisterCla-  .jdata        IMPORT
SEQ           00031AA0  SEQ           _TEXT         
SEQI          00031C90  SEQI          _TEXT         
SETAIR        00031F10  SETAIR        _TEXT         
SETANION      00032220  SETANION      _TEXT         
SETCON        00032360  SETCON        _TEXT         
SETELAW       00032870  SETELAW       _TEXT         
SetEndOfFile  00041DB0  SetEndOfFile  .jdata        IMPORT
SetFilePoin-  00041DB6  SetFilePoin-  .jdata        IMPORT
Startup       0003509C  LFINITWC      _TEXT         
TRNSPT        00032B30  TRNSPT        _TEXT         
UPPERC        00032BF0  UPPERC        _TEXT         
VINTERP       00032EA0  VINTERP       _TEXT         
WCFDAT        00033720  WCFDAT        _TEXT         
WCFIN         00034560  WCFIN         _TEXT         
WinMain       0003EFF8  LFINITWD      _TEXT         
WinMainCRTS-  00011036  lfinitw       _TEXT         
WriteFile     00041DBC  WriteFile     .jdata        IMPORT
XYPOINT       00034D70  XYPOINT       _TEXT         
_DLLEntryPo-  0003EE6B  LF_LOW        _TEXT         
__argc        00046FF4  LFINITWC      _DATA         
__argv        00046FF8  LFINITWC      _DATA         
__initenv     00047000  LFINITWC      _DATA         
__turboFloat  00047108  BC_DEFS       _DATA         
_acmdln       001284B8  LFINITWD      _BSS          
_aenvptr      00047008  LFINITWC      _DATA         
_aexit_rtn    0004700C  LFINITWC      _DATA         
_amsg_exit    0003EE58  LF_LOW        _TEXT         EXPORT
_environ      00046FFC  LFINITWC      _DATA         
_exit         0003EE5D  LF_LOW        _TEXT         EXPORT
_ftol         0003EFB4  initfpu       _TEXT         
_lc_AFLAGS    0009B3C0  ENV           _lc_AFLAGS    
_lc_AIRINFO   0004A720  ATODAT        _lc_AIRINFO   
_lc_AIRPAR    0004A190  AIRCAL        _lc_AIRPAR    
_lc_ANMPAR    00049D90  AIRCAL        _lc_ANMPAR    
_lc_AQUPAR    00049B90  AIRCAL        _lc_AQUPAR    
_lc_CONC      00048800  AIRCAL        _lc_CONC      
_lc_CONIN     0004DC40  ATODAT        _lc_CONIN     
_lc_CURNAM    0004DC20  ATODAT        _lc_CURNAM    
_lc_DACPCC    000ACAC0  HEADNG        _lc_DACPCC    
_lc_DAYPC     000ADAE0  HEADNG        _lc_DAYPC     
_lc_DECAY     0009B2C0  CHAIN         _lc_DECAY     
_lc_DEVICE    0004A490  ANMCAL        _lc_DEVICE    
_lc_ENVPAR    000ADAF0  REDCAS        _lc_ENVPAR    
_lc_EXINFO    00099A60  ATODAT        _lc_EXINFO    
_lc_EXPALL    0009B480  EPFDAT        _lc_EXPALL    
_lc_EXPLOC    00099A40  ATODAT        _lc_EXPLOC    
_lc_EXPNAM    0009A660  BLKDAT        _lc_EXPNAM    
_lc_EXTPAR    0009AC60  BLOCKD        _lc_EXTPAR    
_lc_FILES     0009ACB0  BLOCKD        _lc_FILES     
_lc_FLUX      00099740  ATODAT        _lc_FLUX      
_lc_FNAMES    0009A460  ATODAT        _lc_FNAMES    
_lc_FODPAR    00049890  AIRCAL        _lc_FODPAR    
_lc_LEACH     0009B420  ENVLIB        _lc_LEACH     
_lc_NUCNAM    0009B3D0  ENV           _lc_NUCNAM    
_lc_OPT       00048500  AIRCAL        _lc_OPT       
_lc_OPT2      000497F0  AIRCAL        _lc_OPT2      
_lc_RAD       00049700  AIRCAL        _lc_RAD       
_lc_SOLPAR    0004A4C0  ANMCAL        _lc_SOLPAR    
_lc_SWPAR     0009B2B0  BLOCKD        _lc_SWPAR     
_lc_TIMES     0004A6C0  AQUCAL        _lc_TIMES     
_lc_TITL      000ACAE0  HEADNG        _lc_TITL      
_lc__FLG2RT   000ACA80  EXPOS         _lc__FLG2RT   
_lf_7_close   0003CD7A  MINIMUM       _TEXT         EXPORT
_lf_7_open    00041840  COREIO        _TEXT         
_lf_7_read    00041907  COREIO        _TEXT         
_lf_7_write   000419A5  COREIO        _TEXT         
_lf_EOL_FF    00039142  FMTIN         _TEXT         EXPORT
_lf_Message-  0003EDDA  LF_LOW        _TEXT         EXPORT
_lf___close   0004189B  COREIO        _TEXT         
_lf__back1_-  0003C46B  IOMISC        _TEXT         EXPORT
_lf__drst     0003C55E  IOMISC        _TEXT         EXPORT
_lf__gpvc     0003C3D9  IOMISC        _TEXT         EXPORT
_lf__lseek    000418B6  COREIO        _TEXT         
_lf__lsize    000418F0  COREIO        _TEXT         
_lf__prompt   0004797F  IOMISC        _DATA         
_lf__unlink   000419E4  COREIO        _TEXT         
_lf_absolut-  00036AF3  EREPORT       _TEXT         
_lf_alloc_b-  0003CF29  MINIMUM       _TEXT         EXPORT
_lf_alocfcb   0003FB27  FCB           _TEXT         EXPORT
_lf_altreta   0003F2DF  errpub        _TEXT         
_lf_app_name  0012807C  LF_LOW        _BSS          
_lf_ascii_t-  000392F8  FMTIN         _TEXT         EXPORT
_lf_ascii_t-  00039402  FMTIN         _TEXT         EXPORT
_lf_assign_-  0003F3C8  errpub        _TEXT         
_lf_bad_pen-  00047010  LFINITWC      _DATA         
_lf_buffer_-  00127F1C  LF_LOW        _BSS          
_lf_calloc    00041095  MEMORY        _TEXT         
_lf_check_f-  0003FC89  FCB           _TEXT         EXPORT
_lf_check_p-  000407EA  FMTIO         _TEXT         EXPORT
_lf_check_s-  0003EC90  chkstack      _TEXT         
_lf_chopfil   000419FF  COREIO        _TEXT         
_lf_class_n-  0012809A  LF_LOW        _BSS          
_lf_clear_i-  0003F298  errpub        _TEXT         
_lf_clenflag  00040EAA  FMTIO         _TEXT         EXPORT
_lf_close     000360D4  CLOSE         _TEXT         EXPORT
_lf_cmp_name  0003C222  IOMISC        _TEXT         EXPORT
_lf_codeend   00047FC4  LFINITWD      _DATA         
_lf_codesta-  00047FC0  LFINITWD      _DATA         
_lf_command-  001280B8  LF_LOW        _BSS          
_lf_command-  00047DDC  LF_LOW        _DATA         
_lf_conflsh   0003CC19  MINIMUM       _TEXT         EXPORT
_lf_console-  00047DCE  LF_LOW        _DATA         
_lf_console-  00047DCD  LF_LOW        _DATA         
_lf_contact-  00047014  LFINITWC      _DATA         
_lf_cosf      000355F0  f_cosf        _TEXT         
_lf_create_-  00041A38  COREIO        _TEXT         
_lf_crrnt_c-  0004822B  FMTIO         _DATA         
_lf_ctype_    00047E47  LFCTYPE       _DATA         
_lf_curfcb    00047A10  MINIMUM       _DATA         
_lf_date      00035174  LFDATE        _TEXT         
_lf_dcode     000377FF  FMTIN         _TEXT         EXPORT
_lf_default-  00127F18  LF_LOW        _BSS          
_lf_delfcb    0003CBB4  MINIMUM       _TEXT         EXPORT
_lf_determi-  0003FD89  FMTIO         _TEXT         EXPORT
_lf_display   00041015  PAUSE         _TEXT         EXPORT
_lf_display-  0003EE46  LF_LOW        _TEXT         EXPORT
_lf_doinc0a   0003F33B  errpub        _TEXT         
_lf_dpowuw    0003B5A6  FMTOT         _TEXT         EXPORT
_lf_ebp_of_-  00047A00  MINIMUM       _DATA         
_lf_eip_of_-  000479FC  MINIMUM       _DATA         
_lf_emit_er-  0003643C  EREPORT       _TEXT         EXPORT
_lf_emit_me-  0003ECEC  LF_LOW        _TEXT         EXPORT
_lf_emit_me-  0003ED3B  LF_LOW        _TEXT         EXPORT
_lf_end_inp-  0004083B  FMTIO         _TEXT         EXPORT
_lf_end_out-  00040994  FMTIO         _TEXT         EXPORT
_lf_ensure_-  00041B0C  COREIO        _TEXT         
_lf_ensure_-  0003C974  IOMISC        _TEXT         EXPORT
_lf_env_poi-  00047DD8  LF_LOW        _DATA         
_lf_err_fcb   00047A08  MINIMUM       _DATA         
_lf_err_pos-  00047A04  MINIMUM       _DATA         
_lf_errno     00047174  ERRNO         _DATA         
_lf_error_e-  000472FC  EREPORT       _DATA         
_lf_error_e-  00047304  EREPORT       _DATA         
_lf_error_e-  00047300  EREPORT       _DATA         
_lf_error_i-  0003F42A  errpub        _TEXT         
_lf_excepti-  00036B01  EREPORT       _TEXT         EXPORT
_lf_exit      00041CF0  LFEXIT        _TEXT         
_lf_exitdos   0003EE19  LF_LOW        _TEXT         EXPORT
_lf_exp       00035390  exp           _TEXT         
_lf_expf      000354D0  expf          _TEXT         
_lf_f90_con-  00127F58  LF_LOW        _BSS          
_lf_fcalloc   0003EF7F  FHEAP         _TEXT         
_lf_fcb_list  00047A0C  MINIMUM       _DATA         
_lf_fchcmp    00037560  FCHCMP        _TEXT         EXPORT
_lf_fcheqs    000374D8  FCHEQS        _TEXT         EXPORT
_lf_ffree     0003EF0B  FHEAP         _TEXT         
_lf_file_of-  00047310  EREPORT       _DATA         
_lf_finish_-  0003ED83  LF_LOW        _TEXT         EXPORT
_lf_flush_u-  0003CAB6  IOMISC        _TEXT         EXPORT
_lf_fmalloc   0003EEE4  FHEAP         _TEXT         
_lf_fmalloc-  00036BE8  EREPORT       _TEXT         EXPORT
_lf_fmt_ini-  0003FDDF  FMTIO         _TEXT         EXPORT
_lf_fmt_lis-  0003FE4A  FMTIO         _TEXT         EXPORT
_lf_fmtflag   00048218  FMTIO         _DATA         
_lf_fmtmod    00041D18  FMTNOMOD      _TEXT         
_lf_fndname   0003FAE8  FCB           _TEXT         EXPORT
_lf_fndunit   0003CB78  MINIMUM       _TEXT         EXPORT
_lf_fpu_con-  00047DC8  LF_LOW        _DATA         
_lf_frealloc  0003EF2C  FHEAP         _TEXT         
_lf_free      000411DC  MEMORY        _TEXT         
_lf_get_byte  0003D013  MINIMUM       _TEXT         EXPORT
_lf_get_cur-  0003FC35  FCB           _TEXT         EXPORT
_lf_get_env   00041BFB  LFGETENV      _TEXT         
_lf_get_env-  00041C4A  LFGETENV      _TEXT         
_lf_get_fmt-  00040DBE  FMTIO         _TEXT         EXPORT
_lf_get_n_d   0003F4E4  ADIRECT       _TEXT         EXPORT
_lf_get_n_f-  0003F718  AFMTIO        _TEXT         EXPORT
_lf_getenv    00041BD4  LFGETENV      _TEXT         
_lf_heap_ha-  00128068  LF_LOW        _BSS          
_lf_inchr     00037D2E  FMTIN         _TEXT         EXPORT
_lf_incmx16   00037AC9  FMTIN         _TEXT         EXPORT
_lf_incmx8    00037A9E  FMTIN         _TEXT         EXPORT
_lf_index     00034FFC  INDEX         _TEXT         
_lf_indnf     00037869  FMTIN         _TEXT         EXPORT
_lf_indnfa    000378FA  FMTIN         _TEXT         EXPORT
_lf_indnu     0003E803  UNFIO         _TEXT         EXPORT
_lf_inint1    000379D3  FMTIN         _TEXT         EXPORT
_lf_inint2    000379F7  FMTIN         _TEXT         EXPORT
_lf_inint4    0003798B  FMTIN         _TEXT         EXPORT
_lf_inint8    000379AF  FMTIN         _TEXT         EXPORT
_lf_init_co-  0003F1D2  LFINITWD      _TEXT         
_lf_init_de-  00038FC8  FMTIN         _TEXT         EXPORT
_lf_init_fpu  0003EF90  initfpu       _TEXT         
_lf_init_in-  0003FCA4  FMTIO         _TEXT         EXPORT
_lf_init_win  0003F146  LFINITWD      _TEXT         
_lf_initial-  00041621  MEMORY        _TEXT         
_lf_inlog1    00037C87  FMTIN         _TEXT         EXPORT
_lf_inlog4    00037C63  FMTIN         _TEXT         EXPORT
_lf_inquire   0003B5EC  INQUIRE       _TEXT         EXPORT
_lf_inrel4    00037943  FMTIN         _TEXT         EXPORT
_lf_inrel8    00037967  FMTIN         _TEXT         EXPORT
_lf_instance  00128064  LF_LOW        _BSS          
_lf_intel_n-  00047018  LFINITWC      _DATA         
_lf_intrin_-  00036C32  EREPORT       _TEXT         EXPORT
_lf_intrin_-  0003F271  errpub        _TEXT         
_lf_intzf     000375E0  FMTIN         _TEXT         EXPORT
_lf_intzfa    00037769  FMTIN         _TEXT         EXPORT
_lf_intzu     0003E70C  UNFIO         _TEXT         EXPORT
_lf_inunlen   0003FA34  AUNFIO        _TEXT         EXPORT
_lf_io_emit-  00036AC3  EREPORT       _TEXT         EXPORT
_lf_ioerr     0003F250  errpub        _TEXT         
_lf_iostat    000479F8  MINIMUM       _DATA         
_lf_iostat_-  000369FC  EREPORT       _TEXT         EXPORT
_lf_itemsize  00040EDB  FMTIO         _TEXT         EXPORT
_lf_line_of-  0004730C  EREPORT       _DATA         
_lf_link_th-  00127F54  LF_LOW        _BSS          
_lf_log10     00035650  log10         _TEXT         
_lf_logf      00035720  logf          _TEXT         
_lf_lsl_ds    0003EE3D  LF_LOW        _TEXT         EXPORT
_lf_main      00022E60  EXPOS         _TEXT         
_lf_main_er-  00041CED  lfsold        _TEXT         
_lf_main_wi-  00128078  LF_LOW        _BSS          
_lf_malloc    0004107C  MEMORY        _TEXT         
_lf_margin_-  0003AFE2  FMTOT         _TEXT         EXPORT
_lf_memchr    000359B8  CSTRING       _TEXT         
_lf_memcmp    00035906  CSTRING       _TEXT         
_lf_memcmpr   0003C34F  IOMISC        _TEXT         EXPORT
_lf_memcopy   0003C3B9  IOMISC        _TEXT         EXPORT
_lf_memicmp   0003593A  CSTRING       _TEXT         
_lf_memmem    000359D6  CSTRING       _TEXT         
_lf_message-  00047308  EREPORT       _DATA         
_lf_nchin     0003E8EE  UNFIO         _TEXT         EXPORT
_lf_nchot     0003EC0A  UNFIO         _TEXT         EXPORT
_lf_ncode     00039665  FMTOT         _TEXT         EXPORT
_lf_negdima   0003F369  errpub        _TEXT         
_lf_newmodu-  0003745D  EREPORT       _TEXT         
_lf_next_bu-  0003D07E  MINIMUM       _TEXT         EXPORT
_lf_next_wr-  0003D143  MINIMUM       _TEXT         EXPORT
_lf_nl_flag   0004822A  FMTIO         _DATA         
_lf_no_head-  00127F50  LF_LOW        _BSS          
_lf_ntznumf   00040ED0  FMTIO         _TEXT         EXPORT
_lf_null_pr-  00041CEF  lfsold        _TEXT         
_lf_ontzf     0003944C  FMTOT         _TEXT         EXPORT
_lf_ontzfa    00039606  FMTOT         _TEXT         EXPORT
_lf_ontzu     0003E96C  UNFIO         _TEXT         EXPORT
_lf_open      0003D198  OPEN          _TEXT         EXPORT
_lf_otchr     00039CCF  FMTOT         _TEXT         EXPORT
_lf_otcmx16   00039A71  FMTOT         _TEXT         EXPORT
_lf_otcmx8    00039A14  FMTOT         _TEXT         EXPORT
_lf_otdnf     000396D2  FMTOT         _TEXT         EXPORT
_lf_otdnu     0003EAA7  UNFIO         _TEXT         EXPORT
_lf_otint1    00039863  FMTOT         _TEXT         EXPORT
_lf_otint2    000398A9  FMTOT         _TEXT         EXPORT
_lf_otint4    000398EF  FMTOT         _TEXT         EXPORT
_lf_otint8    00039935  FMTOT         _TEXT         EXPORT
_lf_otlog1    00039BE4  FMTOT         _TEXT         EXPORT
_lf_otlog4    00039C08  FMTOT         _TEXT         EXPORT
_lf_otrel4    000397B7  FMTOT         _TEXT         EXPORT
_lf_otrel8    0003980D  FMTOT         _TEXT         EXPORT
_lf_otunlen   0003F990  AUNFIO        _TEXT         EXPORT
_lf_output_-  00048214  FMTIO         _DATA         
_lf_pause1    00040F50  PAUSE         _TEXT         EXPORT
_lf_penttest  00011040  pentest       _TEXT         
_lf_pfill     000476FF  FMTOT         _DATA         
_lf_pow       00035B20  pow           _TEXT         
_lf_powf      0003587C  POWF          _TEXT         
_lf_ptr_asg-  0003F3F9  errpub        _TEXT         
_lf_put_byte  0003D0AA  MINIMUM       _TEXT         EXPORT
_lf_put_fmt-  00040B67  FMTIO         _TEXT         EXPORT
_lf_put_n_d   0003F5E0  ADIRECT       _TEXT         EXPORT
_lf_put_n_f-  0003F8CF  AFMTIO        _TEXT         EXPORT
_lf_put_n_u   0003FA80  AUNFIO        _TEXT         EXPORT
_lf_rand_ti-  00035355  LFTIME        _TEXT         
_lf_read_bu-  0003C839  IOMISC        _TEXT         EXPORT
_lf_realloc   000410F1  MEMORY        _TEXT         
_lf_realloc-  0003FBCB  FCB           _TEXT         EXPORT
_lf_refbnda   0003F2B1  errpub        _TEXT         
_lf_release-  0003FC3B  FCB           _TEXT         EXPORT
_lf_rep_cnt   00127E0C  FMTIN         _BSS          
_lf_rewind    0003E5CC  REWIND        _TEXT         EXPORT
_lf_rt_io_e-  00036B1F  EREPORT       _TEXT         EXPORT
_lf_rtp_fla-  00047DC6  LF_LOW        _DATA         
_lf_scan_di-  00038FDD  FMTIN         _TEXT         EXPORT
_lf_set_dev-  00041B4A  COREIO        _TEXT         EXPORT
_lf_set_io_-  0003CB26  IOMISC        _TEXT         EXPORT
_lf_set_ios-  0003CB02  IOMISC        _TEXT         EXPORT
_lf_set_loc-  00040F40  location      _TEXT         
_lf_set_name  0003CF64  MINIMUM       _TEXT         EXPORT
_lf_set_rea-  0003C078  IOMISC        _TEXT         EXPORT
_lf_set_rec-  0003C506  IOMISC        _TEXT         EXPORT
_lf_set_sta-  0003EE4B  LF_LOW        _TEXT         EXPORT
_lf_set_unb-  00041B8F  COREIO        _TEXT         EXPORT
_lf_set_wri-  0003C0D9  IOMISC        _TEXT         EXPORT
_lf_setup_f-  0003F440  FLG2RT        _TEXT         
_lf_shape_e-  0003F397  errpub        _TEXT         
_lf_show_pr-  00041054  PAUSE         _TEXT         
_lf_sinf      00035620  f_sinf        _TEXT         
_lf_sold_ND-  00041CEE  lfsold        _TEXT         
_lf_sold_ea-  00041CE0  lfsold        _TEXT         
_lf_spindri-  0003E582  OPEN          _TEXT         
_lf_spindri-  0003E470  OPEN          _TEXT         
_lf_spindri-  0003E5B4  OPEN          _TEXT         
_lf_sqrtf     000357D0  nsqrtf        _TEXT         
_lf_stack_e-  00036BF1  EREPORT       _TEXT         EXPORT
_lf_stack_t-  001287D0  winstack      ??stack       
_lf_stackbo-  001284C0  LFINITWD      _BSS          
_lf_stackma-  00047DD4  LF_LOW        _DATA         
_lf_stacktop  001284BC  LFINITWD      _BSS          
_lf_status    00047DCA  LF_LOW        _DATA         
_lf_stderr_-  00128074  LF_LOW        _BSS          
_lf_stdin_h-  0012806C  LF_LOW        _BSS          
_lf_stdout_-  00128070  LF_LOW        _BSS          
_lf_stop      0003CC7E  MINIMUM       _TEXT         EXPORT
_lf_stop1     0003CC8E  MINIMUM       _TEXT         EXPORT
_lf_strcat    0003C262  IOMISC        _TEXT         EXPORT
_lf_strchr    000358EB  CSTRING       _TEXT         
_lf_strcmpr   0003C298  IOMISC        _TEXT         EXPORT
_lf_strcopy   0003C37B  IOMISC        _TEXT         EXPORT
_lf_strcpy    0003589C  CSTRING       _TEXT         
_lf_strncpy   000358B8  CSTRING       _TEXT         
_lf_strpbrk   00035AA7  CSTRING       _TEXT         
_lf_strstr    00035A64  CSTRING       _TEXT         
_lf_subbnda   0003F30D  errpub        _TEXT         
_lf_tag_fcb   0003CBF1  MINIMUM       _TEXT         EXPORT
_lf_time      00035254  LFTIME        _TEXT         
_lf_trace     00127F34  LF_LOW        _BSS          
_lf_trace_b-  00036FC5  EREPORT       _TEXT         
_lf_trap_d    00127F24  LF_LOW        _BSS          
_lf_trap_i    00127F20  LF_LOW        _BSS          
_lf_trap_ma-  00047DD0  LF_LOW        _DATA         
_lf_trap_o    00127F28  LF_LOW        _BSS          
_lf_trap_p    00127F30  LF_LOW        _BSS          
_lf_trap_u    00127F2C  LF_LOW        _BSS          
_lf_truncate  0003C170  IOMISC        _TEXT         EXPORT
_lf_unit_ch-  0003C1FB  IOMISC        _TEXT         EXPORT
_lf_unused11  00127F38  LF_LOW        _BSS          
_lf_unused12  00127F3C  LF_LOW        _BSS          
_lf_unused13  00127F40  LF_LOW        _BSS          
_lf_unused14  00127F44  LF_LOW        _BSS          
_lf_unused15  00127F48  LF_LOW        _BSS          
_lf_unused16  00127F4C  LF_LOW        _BSS          
_lf_vect_le-  00036C0E  EREPORT       _TEXT         EXPORT
_lf_win32s_-  00047DCC  LF_LOW        _DATA         
_lf_winver    00128060  LF_LOW        _BSS          
_lf_write_b-  0003CE66  MINIMUM       _TEXT         EXPORT
_lfacos_err-  00036B3D  EREPORT       _TEXT         EXPORT
_lfasin_err-  00036B46  EREPORT       _TEXT         EXPORT
_lfc_div_c_-  00036BC4  EREPORT       _TEXT         EXPORT
_lfcabs_err-  00036B85  EREPORT       _TEXT         EXPORT
_lfccos_err-  00036B8E  EREPORT       _TEXT         EXPORT
_lfcexp_err-  00036B97  EREPORT       _TEXT         EXPORT
_lfcheck_de-  0003E31A  OPEN          _TEXT         
_lfclog_err-  00036BA0  EREPORT       _TEXT         EXPORT
_lfcosf       00034EE0  FCOSF         _TEXT         
_lfcosh_err-  00036B4F  EREPORT       _TEXT         EXPORT
_lfcsin_err-  00036BA9  EREPORT       _TEXT         EXPORT
_lfcsqrt_er-  00036BB2  EREPORT       _TEXT         EXPORT
_lfdz_div_e-  00036BDF  EREPORT       _TEXT         EXPORT
_lfexp        00034EF0  FEXP          _TEXT         
_lfexp_error  00036B58  EREPORT       _TEXT         EXPORT
_lfexpf       00034F24  FEXPF         _TEXT         
_lffltused    001274AD  BC_DEFS       _BSS          
_lflog10      00034F44  FLOG10        _TEXT         
_lflog10_er-  00036B61  EREPORT       _TEXT         EXPORT
_lflog_error  00036B6A  EREPORT       _TEXT         EXPORT
_lflogf       00034F78  FLOGF         _TEXT         
_lfpow_rr_v-  00034FE0  POW_RR_V      _TEXT         
_lfpower_er-  00036BBB  EREPORT       _TEXT         EXPORT
_lfrc_div_e-  00036BD6  EREPORT       _TEXT         EXPORT
_lfsinf       00034FA4  FSINF         _TEXT         
_lfsinh_err-  00036B73  EREPORT       _TEXT         EXPORT
_lfsqrt_err-  00036B7C  EREPORT       _TEXT         EXPORT
_lfsqrtf      00034FB4  FSQRTF        _TEXT         
_lfsure_the-  0004162C  COREIO        _TEXT         
_lfz_div_z_-  00036BCD  EREPORT       _TEXT         EXPORT
_mwINIT       001274AC  BC_DEFS       _BSS          
_osver        00047FB0  LFINITWD      _DATA         
_pgmptr       00047004  LFINITWC      _DATA         
_winmajor     00047FB8  LFINITWD      _DATA         
_winminor     00047FB4  LFINITWD      _DATA         
_winver       00047FBC  LFINITWD      _DATA         
do_test       00011064  pentest       _TEXT         
inv_b_hi      000ADEF0  pow_tbl1      _data         
log10         0003EFE6  initfpu       _TEXT         
lstrlenA      00041DC2  lstrlenA      .jdata        IMPORT
main          0003F013  LFINITWD      _TEXT         
mainCRTStar-  00011000  lfinitw       _TEXT         
memcpy        00035AD3  CSTRING       _TEXT         
memset        00035AF6  CSTRING       _TEXT         
t_hi          000AE300  pow_tbl2      _data         
t_lo          000AE708  pow_tbl2      _data         
windows_ins-  0003EE40  LF_LOW        _TEXT         EXPORT


Public symbols imported from DLLs

   AllocConsole=kernel32.dll.AllocConsole
   CloseHandle=kernel32.dll.CloseHandle
   CreateFileA=kernel32.dll.CreateFileA
   DefWindowProcA=user32.dll.DefWindowProcA
   DeleteFileA=kernel32.dll.DeleteFileA
   DestroyWindow=user32.dll.DestroyWindow
   ExitProcess=kernel32.dll.ExitProcess
   FreeConsole=kernel32.dll.FreeConsole
   GetCommandLineA=kernel32.dll.GetCommandLineA
   GetEnvironmentVariableA=kernel32.dll.GetEnvironmentVariableA
   GetFileSize=kernel32.dll.GetFileSize
   GetFileType=kernel32.dll.GetFileType
   GetLastError=kernel32.dll.GetLastError
   GetLocalTime=kernel32.dll.GetLocalTime
   GetModuleFileNameA=kernel32.dll.GetModuleFileNameA
   GetModuleHandleA=kernel32.dll.GetModuleHandleA
   GetProcessHeap=kernel32.dll.GetProcessHeap
   GetStartupInfoA=kernel32.dll.GetStartupInfoA
   GetStdHandle=kernel32.dll.GetStdHandle
   GetStockObject=gdi32.dll.GetStockObject
   GetTempFileNameA=kernel32.dll.GetTempFileNameA
   GetTempPathA=kernel32.dll.GetTempPathA
   GetVersion=kernel32.dll.GetVersion
   HeapAlloc=kernel32.dll.HeapAlloc
   LoadCursorA=user32.dll.LoadCursorA
   LoadIconA=user32.dll.LoadIconA
   MessageBoxA=user32.dll.MessageBoxA
   PostQuitMessage=user32.dll.PostQuitMessage
   ReadConsoleA=kernel32.dll.ReadConsoleA
   ReadFile=kernel32.dll.ReadFile
   RegisterClassA=user32.dll.RegisterClassA
   SetEndOfFile=kernel32.dll.SetEndOfFile
   SetFilePointer=kernel32.dll.SetFilePointer
   WriteFile=kernel32.dll.WriteFile
   lstrlenA=kernel32.dll.lstrlenA
