
 Start         Length     Name                   Class
 0001:00401000 000047858H _TEXT                  CODE
 0002:00449000 000009E88H _DATA                  DATA
 0003:00452E88 0000089A0H _BSS                   BSS
 0004:00000000 0000000B4H _TLS                   TLS


Detailed map of segments
 0001:00000000 000001F9 C=CODE    S=_TEXT    G=(none)   M=C:\PROGRAM FILES\BORLAND\CBUILDER3\LIB\C0D32.OBJ ACBP=A9
 0001:000001F9 00000173 C=CODE    S=_TEXT    G=(none)   M=C:\PROGRAM FILES\BORLAND\CBUILDER3\LIB\OBJ\SYSINIT.OBJ ACBP=A9
 0001:0000036C 0000000C C=CODE    S=_TEXT    G=(none)   M=C:\REPSS\FRAMES DLL\FRAMES.OBJ ACBP=A9
 0001:00000378 00002B37 C=CODE    S=_TEXT    G=(none)   M=C:\REPSS\COMMON FILES\ROBUST.OBJ ACBP=A9
 0001:00002EAF 000009B5 C=CODE    S=_TEXT    G=(none)   M=C:\REPSS\COMMON FILES\CSV.OBJ ACBP=A9
 0001:00003864 00000727 C=CODE    S=_TEXT    G=(none)   M=C:\REPSS\COMMON FILES\FCSV.OBJ ACBP=A9
 0001:00003F71 00001DA3 C=CODE    S=_TEXT    G=(none)   M=C:\REPSS\COMMON FILES\SERIES.OBJ ACBP=A9
 0001:00005D14 00000E8C C=CODE    S=_TEXT    G=(none)   M=C:\REPSS\COMMON FILES\GID.OBJ ACBP=A9
 0001:00006BA0 000070F2 C=CODE    S=_TEXT    G=(none)   M=C:\REPSS\FRAMES DLL\ATOCLASS.OBJ ACBP=A9
 0001:0000DC58 000025DE C=CODE    S=_TEXT    G=(none)   M=C:\REPSS\FRAMES DLL\AFFCLASS.OBJ ACBP=A9
 0001:000101FC 000026A2 C=CODE    S=_TEXT    G=(none)   M=C:\REPSS\FRAMES DLL\WFFCLASS.OBJ ACBP=A9
 0001:00012864 00001EBE C=CODE    S=_TEXT    G=(none)   M=C:\REPSS\FRAMES DLL\WCFCLASS.OBJ ACBP=A9
 0001:000146E8 00001F9E C=CODE    S=_TEXT    G=(none)   M=C:\REPSS\FRAMES DLL\SCFCLASS.OBJ ACBP=A9
 0001:0001664C 0000135C C=CODE    S=_TEXT    G=(none)   M=C:\REPSS\FRAMES DLL\BBFCLASS.OBJ ACBP=A9
 0001:000179A8 00001100 C=CODE    S=_TEXT    G=(none)   M=C:\REPSS\FRAMES DLL\EXFCLASS.OBJ ACBP=A9
 0001:00018AA8 00007574 C=CODE    S=_TEXT    G=(none)   M=C:\REPSS\FRAMES DLL\EPFREAD.OBJ ACBP=A9
 0001:0002001C 00003B9C C=CODE    S=_TEXT    G=(none)   M=C:\REPSS\FRAMES DLL\RIFREAD.OBJ ACBP=A9
 0001:000239D0 00004240 C=CODE    S=_TEXT    G=(none)   M=C:\REPSS\FRAMES DLL\HIFREAD.OBJ ACBP=A9
 0001:00027A28 00000EA2 C=CODE    S=_TEXT    G=(none)   M=C:\REPSS\FRAMES DLL\CFPROC.OBJ ACBP=A9
 0001:00028886 00000A9A C=CODE    S=_TEXT    G=(none)   M=C:\REPSS\FRAMES DLL\RIFPROC.OBJ ACBP=A9
 0001:00029320 00000CAC C=CODE    S=_TEXT    G=(none)   M=C:\REPSS\FRAMES DLL\HIFPROC.OBJ ACBP=A9
 0001:00029F88 000005DA C=CODE    S=_TEXT    G=(none)   M=C:\REPSS\FRAMES DLL\EPFPROC.OBJ ACBP=A9
 0001:0002A562 000005E4 C=CODE    S=_TEXT    G=(none)   M=C:\REPSS\FRAMES DLL\TWIPROC.OBJ ACBP=A9
 0001:0002AB46 0000111A C=CODE    S=_TEXT    G=(none)   M=C:\REPSS\FRAMES DLL\DISTRIBUTION.OBJ ACBP=A9
 0001:0002BC60 000012F9 C=CODE    S=_TEXT    G=(none)   M=C:\REPSS\FRAMES DLL\RESULTS.OBJ ACBP=A9
 0001:0002CF15 000010B6 C=CODE    S=_TEXT    G=(none)   M=C:\REPSS\FRAMES DLL\SUMDATA.OBJ ACBP=A9
 0001:0002DF87 00000A00 C=CODE    S=_TEXT    G=(none)   M=C:\REPSS\FRAMES DLL\EQUATION.OBJ ACBP=A9
 0001:0002E987 0000158D C=CODE    S=_TEXT    G=(none)   M=C:\REPSS\FRAMES DLL\SUM3.OBJ ACBP=A9
 0001:0002FF14 00000084 C=CODE    S=_TEXT    G=(none)   M=C:\PROGRAM FILES\BORLAND\CBUILDER3\LIB\RELEASE\VCL35.LIB|TypInfo ACBP=A9
 0001:0002FF98 00000038 C=CODE    S=_TEXT    G=(none)   M=C:\PROGRAM FILES\BORLAND\CBUILDER3\LIB\RELEASE\VCL35.LIB|Windows ACBP=A9
 0001:0002FFD0 000002A8 C=CODE    S=_TEXT    G=(none)   M=C:\PROGRAM FILES\BORLAND\CBUILDER3\LIB\RELEASE\VCL35.LIB|SysConst ACBP=A9
 0001:00030278 00003278 C=CODE    S=_TEXT    G=(none)   M=C:\PROGRAM FILES\BORLAND\CBUILDER3\LIB\RELEASE\VCL35.LIB|SysUtils ACBP=A9
 0001:000334F0 00003AEC C=CODE    S=_TEXT    G=(none)   M=C:\PROGRAM FILES\BORLAND\CBUILDER3\LIB\RELEASE\VCL35.LIB|System ACBP=A9
 0001:00036FDC 0000002B C=CODE    S=_TEXT    G=(none)   M=C:\PROGRAM FILES\BORLAND\CBUILDER3\LIB\CP32MT.LIB|calloc ACBP=A9
 0001:00037007 00000010 C=CODE    S=_TEXT    G=(none)   M=C:\PROGRAM FILES\BORLAND\CBUILDER3\LIB\CP32MT.LIB|del ACBP=A9
 0001:00037017 00000010 C=CODE    S=_TEXT    G=(none)   M=C:\PROGRAM FILES\BORLAND\CBUILDER3\LIB\CP32MT.LIB|delarray ACBP=A9
 0001:00037027 00000049 C=CODE    S=_TEXT    G=(none)   M=C:\PROGRAM FILES\BORLAND\CBUILDER3\LIB\CP32MT.LIB|new ACBP=A9
 0001:00037070 0000000F C=CODE    S=_TEXT    G=(none)   M=C:\PROGRAM FILES\BORLAND\CBUILDER3\LIB\CP32MT.LIB|newarray ACBP=A9
 0001:00037080 000000E8 C=CODE    S=_TEXT    G=(none)   M=C:\PROGRAM FILES\BORLAND\CBUILDER3\LIB\CP32MT.LIB|setnew ACBP=A9
 0001:00037145 00000162 C=CODE    S=_TEXT    G=(none)   M=C:\PROGRAM FILES\BORLAND\CBUILDER3\LIB\CP32MT.LIB|vdelldtc ACBP=A9
 0001:000372A7 000001CD C=CODE    S=_TEXT    G=(none)   M=C:\PROGRAM FILES\BORLAND\CBUILDER3\LIB\CP32MT.LIB|vnewldtc ACBP=A9
 0001:00037474 00000049 C=CODE    S=_TEXT    G=(none)   M=C:\PROGRAM FILES\BORLAND\CBUILDER3\LIB\CP32MT.LIB|pheap ACBP=A9
 0001:000374BD 00000040 C=CODE    S=_TEXT    G=(none)   M=C:\PROGRAM FILES\BORLAND\CBUILDER3\LIB\CP32MT.LIB|crtlvcl ACBP=A9
 0001:00037500 00000001 C=CODE    S=_TEXT    G=(none)   M=C:\PROGRAM FILES\BORLAND\CBUILDER3\LIB\CP32MT.LIB|vlibstub ACBP=A9
 0001:00037501 0000001F C=CODE    S=_TEXT    G=(none)   M=C:\PROGRAM FILES\BORLAND\CBUILDER3\LIB\CP32MT.LIB|predecl ACBP=A9
 0001:00037520 00001BF0 C=CODE    S=_TEXT    G=(none)   M=C:\PROGRAM FILES\BORLAND\CBUILDER3\LIB\CP32MT.LIB|allstl ACBP=A9
 0001:000390E8 000000A4 C=CODE    S=_TEXT    G=(none)   M=C:\PROGRAM FILES\BORLAND\CBUILDER3\LIB\CP32MT.LIB|tree ACBP=A9
 0001:00039160 0000001E C=CODE    S=_TEXT    G=(none)   M=C:\PROGRAM FILES\BORLAND\CBUILDER3\LIB\CP32MT.LIB|memchr ACBP=A9
 0001:00039180 00000024 C=CODE    S=_TEXT    G=(none)   M=C:\PROGRAM FILES\BORLAND\CBUILDER3\LIB\CP32MT.LIB|memcpy ACBP=A9
 0001:000391A4 0000004A C=CODE    S=_TEXT    G=(none)   M=C:\PROGRAM FILES\BORLAND\CBUILDER3\LIB\CP32MT.LIB|memmove ACBP=A9
 0001:000391F0 0000008A C=CODE    S=_TEXT    G=(none)   M=C:\PROGRAM FILES\BORLAND\CBUILDER3\LIB\CP32MT.LIB|memset ACBP=A9
 0001:0003927C 00000018 C=CODE    S=_TEXT    G=(none)   M=C:\PROGRAM FILES\BORLAND\CBUILDER3\LIB\CP32MT.LIB|wmemset ACBP=A9
 0001:00039294 0000003C C=CODE    S=_TEXT    G=(none)   M=C:\PROGRAM FILES\BORLAND\CBUILDER3\LIB\CP32MT.LIB|strcat ACBP=A9
 0001:000392D0 00000053 C=CODE    S=_TEXT    G=(none)   M=C:\PROGRAM FILES\BORLAND\CBUILDER3\LIB\CP32MT.LIB|strchr ACBP=A9
 0001:00039324 0000002F C=CODE    S=_TEXT    G=(none)   M=C:\PROGRAM FILES\BORLAND\CBUILDER3\LIB\CP32MT.LIB|strcpy ACBP=A9
 0001:00039354 0000005A C=CODE    S=_TEXT    G=(none)   M=C:\PROGRAM FILES\BORLAND\CBUILDER3\LIB\CP32MT.LIB|strlen ACBP=A9
 0001:000393B0 0000006E C=CODE    S=_TEXT    G=(none)   M=C:\PROGRAM FILES\BORLAND\CBUILDER3\LIB\CP32MT.LIB|strncat ACBP=A9
 0001:00039420 0000000A C=CODE    S=_TEXT    G=(none)   M=C:\PROGRAM FILES\BORLAND\CBUILDER3\LIB\CP32MT.LIB|__strchr ACBP=A9
 0001:0003942C 0000000A C=CODE    S=_TEXT    G=(none)   M=C:\PROGRAM FILES\BORLAND\CBUILDER3\LIB\CP32MT.LIB|__strstr ACBP=A9
 0001:00039438 0000006C C=CODE    S=_TEXT    G=(none)   M=C:\PROGRAM FILES\BORLAND\CBUILDER3\LIB\CP32MT.LIB|memcmp ACBP=A9
 0001:000394A4 00000032 C=CODE    S=_TEXT    G=(none)   M=C:\PROGRAM FILES\BORLAND\CBUILDER3\LIB\CP32MT.LIB|strdup ACBP=A9
 0001:000394D8 00000045 C=CODE    S=_TEXT    G=(none)   M=C:\PROGRAM FILES\BORLAND\CBUILDER3\LIB\CP32MT.LIB|stricmp ACBP=A9
 0001:00039520 0000004F C=CODE    S=_TEXT    G=(none)   M=C:\PROGRAM FILES\BORLAND\CBUILDER3\LIB\CP32MT.LIB|strncpy ACBP=A9
 0001:00039570 0000005D C=CODE    S=_TEXT    G=(none)   M=C:\PROGRAM FILES\BORLAND\CBUILDER3\LIB\CP32MT.LIB|strnicmp ACBP=A9
 0001:000395D0 000000A2 C=CODE    S=_TEXT    G=(none)   M=C:\PROGRAM FILES\BORLAND\CBUILDER3\LIB\CP32MT.LIB|strstr ACBP=A9
 0001:00039674 0000006E C=CODE    S=_TEXT    G=(none)   M=C:\PROGRAM FILES\BORLAND\CBUILDER3\LIB\CP32MT.LIB|strtok ACBP=A9
 0001:000396E4 00000037 C=CODE    S=_TEXT    G=(none)   M=C:\PROGRAM FILES\BORLAND\CBUILDER3\LIB\CP32MT.LIB|_stpcpy ACBP=A9
 0001:0003971C 00000018 C=CODE    S=_TEXT    G=(none)   M=C:\PROGRAM FILES\BORLAND\CBUILDER3\LIB\CP32MT.LIB|wcslen ACBP=A9
 0001:00039734 0000003F C=CODE    S=_TEXT    G=(none)   M=C:\PROGRAM FILES\BORLAND\CBUILDER3\LIB\CP32MT.LIB|wcscpy ACBP=A9
 0001:00039773 00000042 C=CODE    S=_TEXT    G=(none)   M=C:\PROGRAM FILES\BORLAND\CBUILDER3\LIB\CP32MT.LIB|xxa ACBP=A9
 0001:000397B0 000008F6 C=CODE    S=_TEXT    G=(none)   M=C:\PROGRAM FILES\BORLAND\CBUILDER3\LIB\CP32MT.LIB|xxtype ACBP=A9
 0001:0003A0A8 00000207 C=CODE    S=_TEXT    G=(none)   M=C:\PROGRAM FILES\BORLAND\CBUILDER3\LIB\CP32MT.LIB|xxv ACBP=A9
 0001:0003A2B0 0000000A C=CODE    S=_TEXT    G=(none)   M=C:\PROGRAM FILES\BORLAND\CBUILDER3\LIB\CP32MT.LIB|defhandl ACBP=A9
 0001:0003A2BC 00000179 C=CODE    S=_TEXT    G=(none)   M=C:\PROGRAM FILES\BORLAND\CBUILDER3\LIB\CP32MT.LIB|except ACBP=A9
 0001:0003A438 00000046 C=CODE    S=_TEXT    G=(none)   M=C:\PROGRAM FILES\BORLAND\CBUILDER3\LIB\CP32MT.LIB|setexc ACBP=A9
 0001:0003A480 00000022 C=CODE    S=_TEXT    G=(none)   M=C:\PROGRAM FILES\BORLAND\CBUILDER3\LIB\CP32MT.LIB|ta ACBP=A9
 0001:0003A4A4 0000003D C=CODE    S=_TEXT    G=(none)   M=C:\PROGRAM FILES\BORLAND\CBUILDER3\LIB\CP32MT.LIB|__access ACBP=A9
 0001:0003A4E4 00000060 C=CODE    S=_TEXT    G=(none)   M=C:\PROGRAM FILES\BORLAND\CBUILDER3\LIB\CP32MT.LIB|__close ACBP=A9
 0001:0003A544 00000098 C=CODE    S=_TEXT    G=(none)   M=C:\PROGRAM FILES\BORLAND\CBUILDER3\LIB\CP32MT.LIB|__eof ACBP=A9
 0001:0003A5DC 00000047 C=CODE    S=_TEXT    G=(none)   M=C:\PROGRAM FILES\BORLAND\CBUILDER3\LIB\CP32MT.LIB|__isatty ACBP=A9
 0001:0003A624 00000084 C=CODE    S=_TEXT    G=(none)   M=C:\PROGRAM FILES\BORLAND\CBUILDER3\LIB\CP32MT.LIB|__lseek ACBP=A9
 0001:0003A6A8 00000200 C=CODE    S=_TEXT    G=(none)   M=C:\PROGRAM FILES\BORLAND\CBUILDER3\LIB\CP32MT.LIB|__open ACBP=A9
 0001:0003A8A8 000001B2 C=CODE    S=_TEXT    G=(none)   M=C:\PROGRAM FILES\BORLAND\CBUILDER3\LIB\CP32MT.LIB|__read ACBP=A9
 0001:0003AA5C 000001B0 C=CODE    S=_TEXT    G=(none)   M=C:\PROGRAM FILES\BORLAND\CBUILDER3\LIB\CP32MT.LIB|__write ACBP=A9
 0001:0003AC0C 00000011 C=CODE    S=_TEXT    G=(none)   M=C:\PROGRAM FILES\BORLAND\CBUILDER3\LIB\CP32MT.LIB|_cfinfo ACBP=A9
 0001:0003AC20 00000042 C=CODE    S=_TEXT    G=(none)   M=C:\PROGRAM FILES\BORLAND\CBUILDER3\LIB\CP32MT.LIB|_flshall ACBP=A9
 0001:0003AC64 00000061 C=CODE    S=_TEXT    G=(none)   M=C:\PROGRAM FILES\BORLAND\CBUILDER3\LIB\CP32MT.LIB|_read ACBP=A9
 0001:0003ACC5 00000017 C=CODE    S=_TEXT    G=(none)   M=C:\PROGRAM FILES\BORLAND\CBUILDER3\LIB\CP32MT.LIB|_umask ACBP=A9
 0001:0003ACC8 00000008 C=CODE    S=_TEXT    G=(none)   M=C:\PROGRAM FILES\BORLAND\CBUILDER3\LIB\CP32MT.LIB|_unlink ACBP=A9
 0001:0003ACD0 00000061 C=CODE    S=_TEXT    G=(none)   M=C:\PROGRAM FILES\BORLAND\CBUILDER3\LIB\CP32MT.LIB|_write ACBP=A9
 0001:0003AD34 00000008 C=CODE    S=_TEXT    G=(none)   M=C:\PROGRAM FILES\BORLAND\CBUILDER3\LIB\CP32MT.LIB|access ACBP=A9
 0001:0003AD3C 0000007D C=CODE    S=_TEXT    G=(none)   M=C:\PROGRAM FILES\BORLAND\CBUILDER3\LIB\CP32MT.LIB|allocbuf ACBP=A9
 0001:0003ADBC 0000009F C=CODE    S=_TEXT    G=(none)   M=C:\PROGRAM FILES\BORLAND\CBUILDER3\LIB\CP32MT.LIB|fclose ACBP=A9
 0001:0003AE5C 0000008F C=CODE    S=_TEXT    G=(none)   M=C:\PROGRAM FILES\BORLAND\CBUILDER3\LIB\CP32MT.LIB|fflush ACBP=A9
 0001:0003AEEC 0000013B C=CODE    S=_TEXT    G=(none)   M=C:\PROGRAM FILES\BORLAND\CBUILDER3\LIB\CP32MT.LIB|fgets ACBP=A9
 0001:0003B028 00000398 C=CODE    S=_TEXT    G=(none)   M=C:\PROGRAM FILES\BORLAND\CBUILDER3\LIB\CP32MT.LIB|findfrst ACBP=A9
 0001:0003B3C0 00000064 C=CODE    S=_TEXT    G=(none)   M=C:\PROGRAM FILES\BORLAND\CBUILDER3\LIB\CP32MT.LIB|flushout ACBP=A9
 0001:0003B424 0000000D C=CODE    S=_TEXT    G=(none)   M=C:\PROGRAM FILES\BORLAND\CBUILDER3\LIB\CP32MT.LIB|fmodeptr ACBP=A9
 0001:0003B424 00000021 C=CODE    S=_TEXT    G=(none)   M=C:\PROGRAM FILES\BORLAND\CBUILDER3\LIB\CP32MT.LIB|fnmerge ACBP=A9
 0001:0003B448 00000008 C=CODE    S=_TEXT    G=(none)   M=C:\PROGRAM FILES\BORLAND\CBUILDER3\LIB\CP32MT.LIB|fnsplit ACBP=A9
 0001:0003B450 000001E3 C=CODE    S=_TEXT    G=(none)   M=C:\PROGRAM FILES\BORLAND\CBUILDER3\LIB\CP32MT.LIB|fopen ACBP=A9
 0001:0003B634 00000034 C=CODE    S=_TEXT    G=(none)   M=C:\PROGRAM FILES\BORLAND\CBUILDER3\LIB\CP32MT.LIB|fprintf ACBP=A9
 0001:0003B668 000000D9 C=CODE    S=_TEXT    G=(none)   M=C:\PROGRAM FILES\BORLAND\CBUILDER3\LIB\CP32MT.LIB|fputn ACBP=A9
 0001:0003B744 00000173 C=CODE    S=_TEXT    G=(none)   M=C:\PROGRAM FILES\BORLAND\CBUILDER3\LIB\CP32MT.LIB|fread ACBP=A9
 0001:0003B8B8 00000039 C=CODE    S=_TEXT    G=(none)   M=C:\PROGRAM FILES\BORLAND\CBUILDER3\LIB\CP32MT.LIB|fscanf ACBP=A9
 0001:0003B8F4 0000015C C=CODE    S=_TEXT    G=(none)   M=C:\PROGRAM FILES\BORLAND\CBUILDER3\LIB\CP32MT.LIB|fseek ACBP=A9
 0001:0003BA50 000000D4 C=CODE    S=_TEXT    G=(none)   M=C:\PROGRAM FILES\BORLAND\CBUILDER3\LIB\CP32MT.LIB|fullpath ACBP=A9
 0001:0003BB24 00000045 C=CODE    S=_TEXT    G=(none)   M=C:\PROGRAM FILES\BORLAND\CBUILDER3\LIB\CP32MT.LIB|fwrite ACBP=A9
 0001:0003BB6C 00000143 C=CODE    S=_TEXT    G=(none)   M=C:\PROGRAM FILES\BORLAND\CBUILDER3\LIB\CP32MT.LIB|getdcwd ACBP=A9
 0001:0003BCB0 000003B3 C=CODE    S=_TEXT    G=(none)   M=C:\PROGRAM FILES\BORLAND\CBUILDER3\LIB\CP32MT.LIB|handles ACBP=A9
 0001:0003C064 0000008A C=CODE    S=_TEXT    G=(none)   M=C:\PROGRAM FILES\BORLAND\CBUILDER3\LIB\CP32MT.LIB|ioerror ACBP=A9
 0001:0003C0F0 0000019E C=CODE    S=_TEXT    G=(none)   M=C:\PROGRAM FILES\BORLAND\CBUILDER3\LIB\CP32MT.LIB|lgetc ACBP=A9
 0001:0003C290 00000110 C=CODE    S=_TEXT    G=(none)   M=C:\PROGRAM FILES\BORLAND\CBUILDER3\LIB\CP32MT.LIB|lputc ACBP=A9
 0001:0003C3A0 0000009A C=CODE    S=_TEXT    G=(none)   M=C:\PROGRAM FILES\BORLAND\CBUILDER3\LIB\CP32MT.LIB|makepath ACBP=A9
 0001:0003C43C 00000099 C=CODE    S=_TEXT    G=(none)   M=C:\PROGRAM FILES\BORLAND\CBUILDER3\LIB\CP32MT.LIB|mkname ACBP=A9
 0001:0003C4D5 00000083 C=CODE    S=_TEXT    G=(none)   M=C:\PROGRAM FILES\BORLAND\CBUILDER3\LIB\CP32MT.LIB|perror ACBP=A9
 0001:0003C4D8 0000003B C=CODE    S=_TEXT    G=(none)   M=C:\PROGRAM FILES\BORLAND\CBUILDER3\LIB\CP32MT.LIB|printf ACBP=A9
 0001:0003C514 0000001E C=CODE    S=_TEXT    G=(none)   M=C:\PROGRAM FILES\BORLAND\CBUILDER3\LIB\CP32MT.LIB|rename ACBP=A9
 0001:0003C534 000008A9 C=CODE    S=_TEXT    G=(none)   M=C:\PROGRAM FILES\BORLAND\CBUILDER3\LIB\CP32MT.LIB|scanner ACBP=A9
 0001:0003CDE0 00000228 C=CODE    S=_TEXT    G=(none)   M=C:\PROGRAM FILES\BORLAND\CBUILDER3\LIB\CP32MT.LIB|scn2i64 ACBP=A9
 0001:0003D008 0000005F C=CODE    S=_TEXT    G=(none)   M=C:\PROGRAM FILES\BORLAND\CBUILDER3\LIB\CP32MT.LIB|setvbuf ACBP=A9
 0001:0003D068 000002C5 C=CODE    S=_TEXT    G=(none)   M=C:\PROGRAM FILES\BORLAND\CBUILDER3\LIB\CP32MT.LIB|splitpth ACBP=A9
 0001:0003D330 00000070 C=CODE    S=_TEXT    G=(none)   M=C:\PROGRAM FILES\BORLAND\CBUILDER3\LIB\CP32MT.LIB|sprintf ACBP=A9
 0001:0003D3A0 00000073 C=CODE    S=_TEXT    G=(none)   M=C:\PROGRAM FILES\BORLAND\CBUILDER3\LIB\CP32MT.LIB|sscanf ACBP=A9
 0001:0003D414 00000238 C=CODE    S=_TEXT    G=(none)   M=C:\PROGRAM FILES\BORLAND\CBUILDER3\LIB\CP32MT.LIB|streams ACBP=A9
 0001:0003D64C 00000062 C=CODE    S=_TEXT    G=(none)   M=C:\PROGRAM FILES\BORLAND\CBUILDER3\LIB\CP32MT.LIB|ungetc ACBP=A9
 0001:0003D6B0 0000001A C=CODE    S=_TEXT    G=(none)   M=C:\PROGRAM FILES\BORLAND\CBUILDER3\LIB\CP32MT.LIB|unlink ACBP=A9
 0001:0003D6CC 000009B9 C=CODE    S=_TEXT    G=(none)   M=C:\PROGRAM FILES\BORLAND\CBUILDER3\LIB\CP32MT.LIB|vprinter ACBP=A9
 0001:0003E088 00000038 C=CODE    S=_TEXT    G=(none)   M=C:\PROGRAM FILES\BORLAND\CBUILDER3\LIB\CP32MT.LIB|xfclose ACBP=A9
 0001:0003E0C0 00000031 C=CODE    S=_TEXT    G=(none)   M=C:\PROGRAM FILES\BORLAND\CBUILDER3\LIB\CP32MT.LIB|xfflush ACBP=A9
 0001:0003E0F4 00000025 C=CODE    S=_TEXT    G=(none)   M=C:\PROGRAM FILES\BORLAND\CBUILDER3\LIB\CP32MT.LIB|fgetc ACBP=A9
 0001:0003E11C 00000588 C=CODE    S=_TEXT    G=(none)   M=C:\PROGRAM FILES\BORLAND\CBUILDER3\LIB\CP32MT.LIB|getinfo ACBP=A9
 0001:0003E6A4 00000103 C=CODE    S=_TEXT    G=(none)   M=C:\PROGRAM FILES\BORLAND\CBUILDER3\LIB\CP32MT.LIB|wis ACBP=A9
 0001:0003E7A8 00000055 C=CODE    S=_TEXT    G=(none)   M=C:\PROGRAM FILES\BORLAND\CBUILDER3\LIB\CP32MT.LIB|iswctype ACBP=A9
 0001:0003E800 000004C8 C=CODE    S=_TEXT    G=(none)   M=C:\PROGRAM FILES\BORLAND\CBUILDER3\LIB\CP32MT.LIB|mbyte1 ACBP=A9
 0001:0003ECC8 00000029 C=CODE    S=_TEXT    G=(none)   M=C:\PROGRAM FILES\BORLAND\CBUILDER3\LIB\CP32MT.LIB|toupper ACBP=A9
 0001:0003ECF4 00000200 C=CODE    S=_TEXT    G=(none)   M=C:\PROGRAM FILES\BORLAND\CBUILDER3\LIB\CP32MT.LIB|_ll ACBP=A9
 0001:0003EEF4 0000000F C=CODE    S=_TEXT    G=(none)   M=C:\PROGRAM FILES\BORLAND\CBUILDER3\LIB\CP32MT.LIB|atan ACBP=A9
 0001:0003EF04 0000001C C=CODE    S=_TEXT    G=(none)   M=C:\PROGRAM FILES\BORLAND\CBUILDER3\LIB\CP32MT.LIB|ceil ACBP=A9
 0001:0003EF20 00000013 C=CODE    S=_TEXT    G=(none)   M=C:\PROGRAM FILES\BORLAND\CBUILDER3\LIB\CP32MT.LIB|clear87 ACBP=A9
 0001:0003EF34 00000042 C=CODE    S=_TEXT    G=(none)   M=C:\PROGRAM FILES\BORLAND\CBUILDER3\LIB\CP32MT.LIB|cos ACBP=A9
 0001:0003EF78 00000028 C=CODE    S=_TEXT    G=(none)   M=C:\PROGRAM FILES\BORLAND\CBUILDER3\LIB\CP32MT.LIB|ctrl87 ACBP=A9
 0001:0003EFA0 00000018 C=CODE    S=_TEXT    G=(none)   M=C:\PROGRAM FILES\BORLAND\CBUILDER3\LIB\CP32MT.LIB|cvtentry ACBP=A9
 0001:0003EFB8 0000006C C=CODE    S=_TEXT    G=(none)   M=C:\PROGRAM FILES\BORLAND\CBUILDER3\LIB\CP32MT.LIB|exp ACBP=A9
 0001:0003F024 0000005F C=CODE    S=_TEXT    G=(none)   M=C:\PROGRAM FILES\BORLAND\CBUILDER3\LIB\CP32MT.LIB|f87atan ACBP=A9
 0001:0003F084 000000CD C=CODE    S=_TEXT    G=(none)   M=C:\PROGRAM FILES\BORLAND\CBUILDER3\LIB\CP32MT.LIB|f87exp ACBP=A9
 0001:0003F154 00000048 C=CODE    S=_TEXT    G=(none)   M=C:\PROGRAM FILES\BORLAND\CBUILDER3\LIB\CP32MT.LIB|f87log ACBP=A9
 0001:0003F19C 000000E2 C=CODE    S=_TEXT    G=(none)   M=C:\PROGRAM FILES\BORLAND\CBUILDER3\LIB\CP32MT.LIB|f87sine ACBP=A9
 0001:0003F280 0000000D C=CODE    S=_TEXT    G=(none)   M=C:\PROGRAM FILES\BORLAND\CBUILDER3\LIB\CP32MT.LIB|fabs ACBP=A9
 0001:0003F290 00000016 C=CODE    S=_TEXT    G=(none)   M=C:\PROGRAM FILES\BORLAND\CBUILDER3\LIB\CP32MT.LIB|fpreset ACBP=A9
 0001:0003F2A8 00000028 C=CODE    S=_TEXT    G=(none)   M=C:\PROGRAM FILES\BORLAND\CBUILDER3\LIB\CP32MT.LIB|ftol ACBP=A9
 0001:0003F2D0 0000002D C=CODE    S=_TEXT    G=(none)   M=C:\PROGRAM FILES\BORLAND\CBUILDER3\LIB\CP32MT.LIB|fuildq ACBP=A9
 0001:0003F300 00000021 C=CODE    S=_TEXT    G=(none)   M=C:\PROGRAM FILES\BORLAND\CBUILDER3\LIB\CP32MT.LIB|fuistq ACBP=A9
 0001:0003F324 00000011 C=CODE    S=_TEXT    G=(none)   M=C:\PROGRAM FILES\BORLAND\CBUILDER3\LIB\CP32MT.LIB|fxam ACBP=A9
 0001:0003F338 000000B1 C=CODE    S=_TEXT    G=(none)   M=C:\PROGRAM FILES\BORLAND\CBUILDER3\LIB\CP32MT.LIB|int64toa ACBP=A9
 0001:0003F3EC 0000006D C=CODE    S=_TEXT    G=(none)   M=C:\PROGRAM FILES\BORLAND\CBUILDER3\LIB\CP32MT.LIB|log ACBP=A9
 0001:0003F45C 000001DC C=CODE    S=_TEXT    G=(none)   M=C:\PROGRAM FILES\BORLAND\CBUILDER3\LIB\CP32MT.LIB|pow ACBP=A9
 0001:0003F638 00000025 C=CODE    S=_TEXT    G=(none)   M=C:\PROGRAM FILES\BORLAND\CBUILDER3\LIB\CP32MT.LIB|qdiv10 ACBP=A9
 0001:0003F660 0000002E C=CODE    S=_TEXT    G=(none)   M=C:\PROGRAM FILES\BORLAND\CBUILDER3\LIB\CP32MT.LIB|qmul10 ACBP=A9
 0001:0003F690 0000002C C=CODE    S=_TEXT    G=(none)   M=C:\PROGRAM FILES\BORLAND\CBUILDER3\LIB\CP32MT.LIB|round ACBP=A9
 0001:0003F6BC 00000042 C=CODE    S=_TEXT    G=(none)   M=C:\PROGRAM FILES\BORLAND\CBUILDER3\LIB\CP32MT.LIB|sin ACBP=A9
 0001:0003F700 0000003A C=CODE    S=_TEXT    G=(none)   M=C:\PROGRAM FILES\BORLAND\CBUILDER3\LIB\CP32MT.LIB|sqrt ACBP=A9
 0001:0003F73C 00000042 C=CODE    S=_TEXT    G=(none)   M=C:\PROGRAM FILES\BORLAND\CBUILDER3\LIB\CP32MT.LIB|tan ACBP=A9
 0001:0003F780 00000013 C=CODE    S=_TEXT    G=(none)   M=C:\PROGRAM FILES\BORLAND\CBUILDER3\LIB\CP32MT.LIB|atof ACBP=A9
 0001:0003F794 00000077 C=CODE    S=_TEXT    G=(none)   M=C:\PROGRAM FILES\BORLAND\CBUILDER3\LIB\CP32MT.LIB|atol ACBP=A9
 0001:0003F80C 00000018 C=CODE    S=_TEXT    G=(none)   M=C:\PROGRAM FILES\BORLAND\CBUILDER3\LIB\CP32MT.LIB|cvtfak ACBP=A9
 0001:0003F824 00000018 C=CODE    S=_TEXT    G=(none)   M=C:\PROGRAM FILES\BORLAND\CBUILDER3\LIB\CP32MT.LIB|cvtfakw ACBP=A9
 0001:0003F83C 000000FD C=CODE    S=_TEXT    G=(none)   M=C:\PROGRAM FILES\BORLAND\CBUILDER3\LIB\CP32MT.LIB|ldtrunc ACBP=A9
 0001:0003F93C 0000008F C=CODE    S=_TEXT    G=(none)   M=C:\PROGRAM FILES\BORLAND\CBUILDER3\LIB\CP32MT.LIB|longtoa ACBP=A9
 0001:0003F9CC 00000075 C=CODE    S=_TEXT    G=(none)   M=C:\PROGRAM FILES\BORLAND\CBUILDER3\LIB\CP32MT.LIB|ltoa1 ACBP=A9
 0001:0003FA44 0000002A C=CODE    S=_TEXT    G=(none)   M=C:\PROGRAM FILES\BORLAND\CBUILDER3\LIB\CP32MT.LIB|matherr ACBP=A9
 0001:0003FA70 0000002E C=CODE    S=_TEXT    G=(none)   M=C:\PROGRAM FILES\BORLAND\CBUILDER3\LIB\CP32MT.LIB|matherrl ACBP=A9
 0001:0003FA9E 00000016 C=CODE    S=_TEXT    G=(none)   M=C:\PROGRAM FILES\BORLAND\CBUILDER3\LIB\CP32MT.LIB|mathptr ACBP=A9
 0001:0003FAA0 000002F9 C=CODE    S=_TEXT    G=(none)   M=C:\PROGRAM FILES\BORLAND\CBUILDER3\LIB\CP32MT.LIB|realcvt ACBP=A9
 0001:0003FD9C 00000331 C=CODE    S=_TEXT    G=(none)   M=C:\PROGRAM FILES\BORLAND\CBUILDER3\LIB\CP32MT.LIB|realcvtw ACBP=A9
 0001:000400D0 000004E1 C=CODE    S=_TEXT    G=(none)   M=C:\PROGRAM FILES\BORLAND\CBUILDER3\LIB\CP32MT.LIB|scantod ACBP=A9
 0001:000405B4 000004E1 C=CODE    S=_TEXT    G=(none)   M=C:\PROGRAM FILES\BORLAND\CBUILDER3\LIB\CP32MT.LIB|scanwtod ACBP=A9
 0001:00040A98 000000C1 C=CODE    S=_TEXT    G=(none)   M=C:\PROGRAM FILES\BORLAND\CBUILDER3\LIB\CP32MT.LIB|strtod ACBP=A9
 0001:00040B5C 000002C9 C=CODE    S=_TEXT    G=(none)   M=C:\PROGRAM FILES\BORLAND\CBUILDER3\LIB\CP32MT.LIB|xcvt ACBP=A9
 0001:00040E28 000002E8 C=CODE    S=_TEXT    G=(none)   M=C:\PROGRAM FILES\BORLAND\CBUILDER3\LIB\CP32MT.LIB|xcvtw ACBP=A9
 0001:00041110 000000B0 C=CODE    S=_TEXT    G=(none)   M=C:\PROGRAM FILES\BORLAND\CBUILDER3\LIB\CP32MT.LIB|_matherr ACBP=A9
 0001:000411C0 00000178 C=CODE    S=_TEXT    G=(none)   M=C:\PROGRAM FILES\BORLAND\CBUILDER3\LIB\CP32MT.LIB|_pow10 ACBP=A9
 0001:00041338 00000064 C=CODE    S=_TEXT    G=(none)   M=C:\PROGRAM FILES\BORLAND\CBUILDER3\LIB\CP32MT.LIB|mbbtype ACBP=A9
 0001:0004139C 00000131 C=CODE    S=_TEXT    G=(none)   M=C:\PROGRAM FILES\BORLAND\CBUILDER3\LIB\CP32MT.LIB|mbctype ACBP=A9
 0001:000414D0 00000035 C=CODE    S=_TEXT    G=(none)   M=C:\PROGRAM FILES\BORLAND\CBUILDER3\LIB\CP32MT.LIB|mbisalp ACBP=A9
 0001:00041508 00000020 C=CODE    S=_TEXT    G=(none)   M=C:\PROGRAM FILES\BORLAND\CBUILDER3\LIB\CP32MT.LIB|mbisdgt ACBP=A9
 0001:00041528 00000020 C=CODE    S=_TEXT    G=(none)   M=C:\PROGRAM FILES\BORLAND\CBUILDER3\LIB\CP32MT.LIB|mbisspc ACBP=A9
 0001:00041548 0000002F C=CODE    S=_TEXT    G=(none)   M=C:\PROGRAM FILES\BORLAND\CBUILDER3\LIB\CP32MT.LIB|mbsbtype ACBP=A9
 0001:00041578 00000050 C=CODE    S=_TEXT    G=(none)   M=C:\PROGRAM FILES\BORLAND\CBUILDER3\LIB\CP32MT.LIB|mbschr ACBP=A9
 0001:000415C8 00000055 C=CODE    S=_TEXT    G=(none)   M=C:\PROGRAM FILES\BORLAND\CBUILDER3\LIB\CP32MT.LIB|mbsdec ACBP=A9
 0001:00041620 00000096 C=CODE    S=_TEXT    G=(none)   M=C:\PROGRAM FILES\BORLAND\CBUILDER3\LIB\CP32MT.LIB|mbsicmp ACBP=A9
 0001:000416B8 00000054 C=CODE    S=_TEXT    G=(none)   M=C:\PROGRAM FILES\BORLAND\CBUILDER3\LIB\CP32MT.LIB|mbsnbcpy ACBP=A9
 0001:0004170C 000000BB C=CODE    S=_TEXT    G=(none)   M=C:\PROGRAM FILES\BORLAND\CBUILDER3\LIB\CP32MT.LIB|mbsnbicm ACBP=A9
 0001:000417C8 00000056 C=CODE    S=_TEXT    G=(none)   M=C:\PROGRAM FILES\BORLAND\CBUILDER3\LIB\CP32MT.LIB|mbsrchr ACBP=A9
 0001:00041820 00000163 C=CODE    S=_TEXT    G=(none)   M=C:\PROGRAM FILES\BORLAND\CBUILDER3\LIB\CP32MT.LIB|errormsg ACBP=A9
 0001:00041984 000000BB C=CODE    S=_TEXT    G=(none)   M=C:\PROGRAM FILES\BORLAND\CBUILDER3\LIB\CP32MT.LIB|ermsghlp ACBP=A9
 0001:00041A40 00000089 C=CODE    S=_TEXT    G=(none)   M=C:\PROGRAM FILES\BORLAND\CBUILDER3\LIB\CP32MT.LIB|platform ACBP=A9
 0001:00041ACC 000000A6 C=CODE    S=_TEXT    G=(none)   M=C:\PROGRAM FILES\BORLAND\CBUILDER3\LIB\CP32MT.LIB|assert ACBP=A9
 0001:00041B74 00000009 C=CODE    S=_TEXT    G=(none)   M=C:\PROGRAM FILES\BORLAND\CBUILDER3\LIB\CP32MT.LIB|errno ACBP=A9
 0001:00041B80 00000022 C=CODE    S=_TEXT    G=(none)   M=C:\PROGRAM FILES\BORLAND\CBUILDER3\LIB\CP32MT.LIB|abort ACBP=A9
 0001:00041BA4 000000C7 C=CODE    S=_TEXT    G=(none)   M=C:\PROGRAM FILES\BORLAND\CBUILDER3\LIB\CP32MT.LIB|exit ACBP=A9
 0001:00041C6C 00000061 C=CODE    S=_TEXT    G=(none)   M=C:\PROGRAM FILES\BORLAND\CBUILDER3\LIB\CP32MT.LIB|getenv ACBP=A9
 0001:00041CD0 0000001D C=CODE    S=_TEXT    G=(none)   M=C:\PROGRAM FILES\BORLAND\CBUILDER3\LIB\CP32MT.LIB|spawnlp ACBP=A9
 0001:00041CF0 0000002D C=CODE    S=_TEXT    G=(none)   M=C:\PROGRAM FILES\BORLAND\CBUILDER3\LIB\CP32MT.LIB|srchenv ACBP=A9
 0001:00041D20 0000010D C=CODE    S=_TEXT    G=(none)   M=C:\PROGRAM FILES\BORLAND\CBUILDER3\LIB\CP32MT.LIB|srchstr ACBP=A9
 0001:00041E30 00000587 C=CODE    S=_TEXT    G=(none)   M=C:\PROGRAM FILES\BORLAND\CBUILDER3\LIB\CP32MT.LIB|loadprog ACBP=A9
 0001:000423B8 000001D2 C=CODE    S=_TEXT    G=(none)   M=C:\PROGRAM FILES\BORLAND\CBUILDER3\LIB\CP32MT.LIB|setenvp ACBP=A9
 0001:0004258C 0000031C C=CODE    S=_TEXT    G=(none)   M=C:\PROGRAM FILES\BORLAND\CBUILDER3\LIB\CP32MT.LIB|signal ACBP=A9
 0001:000428A8 0000016F C=CODE    S=_TEXT    G=(none)   M=C:\PROGRAM FILES\BORLAND\CBUILDER3\LIB\CP32MT.LIB|initexit ACBP=A9
 0001:00042A18 00000102 C=CODE    S=_TEXT    G=(none)   M=C:\PROGRAM FILES\BORLAND\CBUILDER3\LIB\CP32MT.LIB|startupd ACBP=A9
 0001:00042B1C 00000005 C=CODE    S=_TEXT    G=(none)   M=C:\PROGRAM FILES\BORLAND\CBUILDER3\LIB\CP32MT.LIB|dllstub ACBP=A9
 0001:00042B24 00000067 C=CODE    S=_TEXT    G=(none)   M=C:\PROGRAM FILES\BORLAND\CBUILDER3\LIB\CP32MT.LIB|tls ACBP=A9
 0001:00042B8C 0000003B C=CODE    S=_TEXT    G=(none)   M=C:\PROGRAM FILES\BORLAND\CBUILDER3\LIB\CP32MT.LIB|thrdbuf ACBP=A9
 0001:00042BC8 000001B7 C=CODE    S=_TEXT    G=(none)   M=C:\PROGRAM FILES\BORLAND\CBUILDER3\LIB\CP32MT.LIB|thrddata ACBP=A9
 0001:00042D80 000000D5 C=CODE    S=_TEXT    G=(none)   M=C:\PROGRAM FILES\BORLAND\CBUILDER3\LIB\CP32MT.LIB|_lock ACBP=A9
 0001:00042E58 000001F9 C=CODE    S=_TEXT    G=(none)   M=C:\PROGRAM FILES\BORLAND\CBUILDER3\LIB\CP32MT.LIB|gmtime ACBP=A9
 0001:00043054 000002A6 C=CODE    S=_TEXT    G=(none)   M=C:\PROGRAM FILES\BORLAND\CBUILDER3\LIB\CP32MT.LIB|timefunc ACBP=A9
 0001:000432FC 00000006 C=CODE    S=_TEXT    G=(none)   M=C:\PROGRAM FILES\BORLAND\CBUILDER3\LIB\CP32MT.LIB|tzdata ACBP=A9
 0001:00043304 000001B3 C=CODE    S=_TEXT    G=(none)   M=C:\PROGRAM FILES\BORLAND\CBUILDER3\LIB\CP32MT.LIB|tzset ACBP=A9
 0001:000434B8 00000008 C=CODE    S=_TEXT    G=(none)   M=C:\PROGRAM FILES\BORLAND\CBUILDER3\LIB\CP32MT.LIB|_tzset ACBP=A9
 0001:000434C0 00000064 C=CODE    S=_TEXT    G=(none)   M=C:\PROGRAM FILES\BORLAND\CBUILDER3\LIB\CP32MT.LIB|getdate ACBP=A9
 0001:00043524 0000004D C=CODE    S=_TEXT    G=(none)   M=C:\PROGRAM FILES\BORLAND\CBUILDER3\LIB\CP32MT.LIB|time ACBP=A9
 0001:00043574 00003EB0 C=CODE    S=_TEXT    G=(none)   M=C:\PROGRAM FILES\BORLAND\CBUILDER3\LIB\CP32MT.LIB|xx ACBP=A9
 0001:00047424 00000125 C=CODE    S=_TEXT    G=(none)   M=C:\PROGRAM FILES\BORLAND\CBUILDER3\LIB\RELEASE\VCLE35.LIB|dstring ACBP=A9
 0001:000474FD 00000159 C=CODE    S=_TEXT    G=(none)   M=C:\PROGRAM FILES\BORLAND\CBUILDER3\LIB\RELEASE\VCLE35.LIB|vclinit ACBP=A9
 0001:00047608 00000031 C=CODE    S=_TEXT    G=(none)   M=C:\PROGRAM FILES\BORLAND\CBUILDER3\LIB\RELEASE\VCLE35.LIB|classcre ACBP=A9
 0002:0000012C 000000DA C=DATA    S=_DATA    G=DGROUP   M=C:\PROGRAM FILES\BORLAND\CBUILDER3\LIB\C0D32.OBJ ACBP=A9
 0002:00000206 0000002E C=DATA    S=_DATA    G=DGROUP   M=C:\PROGRAM FILES\BORLAND\CBUILDER3\LIB\OBJ\SYSINIT.OBJ ACBP=A9
 0002:00000224 0000075C C=DATA    S=_DATA    G=DGROUP   M=C:\REPSS\COMMON FILES\ROBUST.OBJ ACBP=A9
 0002:00000980 000000BC C=DATA    S=_DATA    G=DGROUP   M=C:\REPSS\COMMON FILES\CSV.OBJ ACBP=A9
 0002:00000A3C 00000058 C=DATA    S=_DATA    G=DGROUP   M=C:\REPSS\COMMON FILES\FCSV.OBJ ACBP=A9
 0002:00000A94 000003FC C=DATA    S=_DATA    G=DGROUP   M=C:\REPSS\COMMON FILES\SERIES.OBJ ACBP=A9
 0002:00000E90 00000088 C=DATA    S=_DATA    G=DGROUP   M=C:\REPSS\COMMON FILES\GID.OBJ ACBP=A9
 0002:00000F18 000006F0 C=DATA    S=_DATA    G=DGROUP   M=C:\REPSS\FRAMES DLL\ATOCLASS.OBJ ACBP=A9
 0002:000015E8 000003C0 C=DATA    S=_DATA    G=DGROUP   M=C:\REPSS\FRAMES DLL\AFFCLASS.OBJ ACBP=A9
 0002:00001988 00000540 C=DATA    S=_DATA    G=DGROUP   M=C:\REPSS\FRAMES DLL\WFFCLASS.OBJ ACBP=A9
 0002:00001EA8 0000042C C=DATA    S=_DATA    G=DGROUP   M=C:\REPSS\FRAMES DLL\WCFCLASS.OBJ ACBP=A9
 0002:000022B4 00000438 C=DATA    S=_DATA    G=DGROUP   M=C:\REPSS\FRAMES DLL\SCFCLASS.OBJ ACBP=A9
 0002:000026CC 000001D8 C=DATA    S=_DATA    G=DGROUP   M=C:\REPSS\FRAMES DLL\BBFCLASS.OBJ ACBP=A9
 0002:000028A4 000001FC C=DATA    S=_DATA    G=DGROUP   M=C:\REPSS\FRAMES DLL\EXFCLASS.OBJ ACBP=A9
 0002:00002AA0 00000D94 C=DATA    S=_DATA    G=DGROUP   M=C:\REPSS\FRAMES DLL\EPFREAD.OBJ ACBP=A9
 0002:00003834 000005CC C=DATA    S=_DATA    G=DGROUP   M=C:\REPSS\FRAMES DLL\RIFREAD.OBJ ACBP=A9
 0002:00003DC8 000005F0 C=DATA    S=_DATA    G=DGROUP   M=C:\REPSS\FRAMES DLL\HIFREAD.OBJ ACBP=A9
 0002:00004380 000000EC C=DATA    S=_DATA    G=DGROUP   M=C:\REPSS\FRAMES DLL\CFPROC.OBJ ACBP=A9
 0002:0000446C 000000DC C=DATA    S=_DATA    G=DGROUP   M=C:\REPSS\FRAMES DLL\RIFPROC.OBJ ACBP=A9
 0002:00004548 000000F0 C=DATA    S=_DATA    G=DGROUP   M=C:\REPSS\FRAMES DLL\HIFPROC.OBJ ACBP=A9
 0002:00004638 00000014 C=DATA    S=_DATA    G=DGROUP   M=C:\REPSS\FRAMES DLL\EPFPROC.OBJ ACBP=A9
 0002:00004638 000001F4 C=DATA    S=_DATA    G=DGROUP   M=C:\REPSS\FRAMES DLL\TWIPROC.OBJ ACBP=A9
 0002:0000482C 000003EC C=DATA    S=_DATA    G=DGROUP   M=C:\REPSS\FRAMES DLL\DISTRIBUTION.OBJ ACBP=A9
 0002:00004C18 000003FC C=DATA    S=_DATA    G=DGROUP   M=C:\REPSS\FRAMES DLL\RESULTS.OBJ ACBP=A9
 0002:00005014 0000028C C=DATA    S=_DATA    G=DGROUP   M=C:\REPSS\FRAMES DLL\SUMDATA.OBJ ACBP=A9
 0002:000052A0 00000110 C=DATA    S=_DATA    G=DGROUP   M=C:\REPSS\FRAMES DLL\EQUATION.OBJ ACBP=A9
 0002:000053B0 00000A00 C=DATA    S=_DATA    G=DGROUP   M=C:\REPSS\FRAMES DLL\SUM3.OBJ ACBP=A9
 0002:00005DB0 00000010 C=DATA    S=_DATA    G=DGROUP   M=C:\PROGRAM FILES\BORLAND\CBUILDER3\LIB\RELEASE\VCL35.LIB|TypInfo ACBP=A9
 0002:00005DBC 00000010 C=DATA    S=_DATA    G=DGROUP   M=C:\PROGRAM FILES\BORLAND\CBUILDER3\LIB\RELEASE\VCL35.LIB|Windows ACBP=A9
 0002:00005DBC 000001CC C=DATA    S=_DATA    G=DGROUP   M=C:\PROGRAM FILES\BORLAND\CBUILDER3\LIB\RELEASE\VCL35.LIB|SysUtils ACBP=A9
 0002:00005F7C 0000009C C=DATA    S=_DATA    G=DGROUP   M=C:\PROGRAM FILES\BORLAND\CBUILDER3\LIB\RELEASE\VCL35.LIB|System ACBP=A9
 0002:00006014 00000058 C=DATA    S=_DATA    G=DGROUP   M=C:\PROGRAM FILES\BORLAND\CBUILDER3\LIB\CP32MT.LIB|setnew ACBP=A9
 0002:00006064 00000054 C=DATA    S=_DATA    G=DGROUP   M=C:\PROGRAM FILES\BORLAND\CBUILDER3\LIB\CP32MT.LIB|vdelldtc ACBP=A9
 0002:000060B8 00000074 C=DATA    S=_DATA    G=DGROUP   M=C:\PROGRAM FILES\BORLAND\CBUILDER3\LIB\CP32MT.LIB|vnewldtc ACBP=A9
 0002:0000612C 00000934 C=DATA    S=_DATA    G=DGROUP   M=C:\PROGRAM FILES\BORLAND\CBUILDER3\LIB\CP32MT.LIB|allstl ACBP=A9
 0002:00006A18 0000005C C=DATA    S=_DATA    G=DGROUP   M=C:\PROGRAM FILES\BORLAND\CBUILDER3\LIB\CP32MT.LIB|stdexcpt ACBP=A9
 0002:00006A74 00000038 C=DATA    S=_DATA    G=DGROUP   M=C:\PROGRAM FILES\BORLAND\CBUILDER3\LIB\CP32MT.LIB|tree ACBP=A9
 0002:00006AAC 000000A0 C=DATA    S=_DATA    G=DGROUP   M=C:\PROGRAM FILES\BORLAND\CBUILDER3\LIB\CP32MT.LIB|string ACBP=A9
 0002:00006B4C 00000338 C=DATA    S=_DATA    G=DGROUP   M=C:\PROGRAM FILES\BORLAND\CBUILDER3\LIB\CP32MT.LIB|xxtype ACBP=A9
 0002:00006E84 00000120 C=DATA    S=_DATA    G=DGROUP   M=C:\PROGRAM FILES\BORLAND\CBUILDER3\LIB\CP32MT.LIB|xxv ACBP=A9
 0002:00006FA4 00000014 C=DATA    S=_DATA    G=DGROUP   M=C:\PROGRAM FILES\BORLAND\CBUILDER3\LIB\CP32MT.LIB|except ACBP=A9
 0002:00006FB8 00000004 C=DATA    S=_DATA    G=DGROUP   M=C:\PROGRAM FILES\BORLAND\CBUILDER3\LIB\CP32MT.LIB|_cfinfo ACBP=A9
 0002:00006FBC 00000004 C=DATA    S=_DATA    G=DGROUP   M=C:\PROGRAM FILES\BORLAND\CBUILDER3\LIB\CP32MT.LIB|_umask ACBP=A9
 0002:00006FC0 00000004 C=DATA    S=_DATA    G=DGROUP   M=C:\PROGRAM FILES\BORLAND\CBUILDER3\LIB\CP32MT.LIB|cfinfo ACBP=A9
 0002:00006FC4 000004B0 C=DATA    S=_DATA    G=DGROUP   M=C:\PROGRAM FILES\BORLAND\CBUILDER3\LIB\CP32MT.LIB|files ACBP=A9
 0002:00007474 000000CC C=DATA    S=_DATA    G=DGROUP   M=C:\PROGRAM FILES\BORLAND\CBUILDER3\LIB\CP32MT.LIB|files2 ACBP=A9
 0002:00007540 0000001C C=DATA    S=_DATA    G=DGROUP   M=C:\PROGRAM FILES\BORLAND\CBUILDER3\LIB\CP32MT.LIB|findfrst ACBP=A9
 0002:0000755C 00000004 C=DATA    S=_DATA    G=DGROUP   M=C:\PROGRAM FILES\BORLAND\CBUILDER3\LIB\CP32MT.LIB|fmode ACBP=A9
 0002:00007560 00000004 C=DATA    S=_DATA    G=DGROUP   M=C:\PROGRAM FILES\BORLAND\CBUILDER3\LIB\CP32MT.LIB|fmodeptr ACBP=A9
 0002:00007564 00000054 C=DATA    S=_DATA    G=DGROUP   M=C:\PROGRAM FILES\BORLAND\CBUILDER3\LIB\CP32MT.LIB|handles ACBP=A9
 0002:000075B8 0000012B C=DATA    S=_DATA    G=DGROUP   M=C:\PROGRAM FILES\BORLAND\CBUILDER3\LIB\CP32MT.LIB|ioerror ACBP=A9
 0002:000076E4 0000000C C=DATA    S=_DATA    G=DGROUP   M=C:\PROGRAM FILES\BORLAND\CBUILDER3\LIB\CP32MT.LIB|mkname ACBP=A9
 0002:000076F0 0000047C C=DATA    S=_DATA    G=DGROUP   M=C:\PROGRAM FILES\BORLAND\CBUILDER3\LIB\CP32MT.LIB|perror ACBP=A9
 0002:00007B6C 00000080 C=DATA    S=_DATA    G=DGROUP   M=C:\PROGRAM FILES\BORLAND\CBUILDER3\LIB\CP32MT.LIB|scanner ACBP=A9
 0002:00007BEC 00000054 C=DATA    S=_DATA    G=DGROUP   M=C:\PROGRAM FILES\BORLAND\CBUILDER3\LIB\CP32MT.LIB|streams ACBP=A9
 0002:00007C40 00000076 C=DATA    S=_DATA    G=DGROUP   M=C:\PROGRAM FILES\BORLAND\CBUILDER3\LIB\CP32MT.LIB|vprinter ACBP=A9
 0002:00007CB8 00000202 C=DATA    S=_DATA    G=DGROUP   M=C:\PROGRAM FILES\BORLAND\CBUILDER3\LIB\CP32MT.LIB|bigctype ACBP=A9
 0002:00007EBC 00000008 C=DATA    S=_DATA    G=DGROUP   M=C:\PROGRAM FILES\BORLAND\CBUILDER3\LIB\CP32MT.LIB|getinfo ACBP=A9
 0002:00007EC4 00000260 C=DATA    S=_DATA    G=DGROUP   M=C:\PROGRAM FILES\BORLAND\CBUILDER3\LIB\CP32MT.LIB|clocale ACBP=A9
 0002:00008124 0000000C C=DATA    S=_DATA    G=DGROUP   M=C:\PROGRAM FILES\BORLAND\CBUILDER3\LIB\CP32MT.LIB|cos ACBP=A9
 0002:00008130 0000000C C=DATA    S=_DATA    G=DGROUP   M=C:\PROGRAM FILES\BORLAND\CBUILDER3\LIB\CP32MT.LIB|exp ACBP=A9
 0002:0000813C 00000014 C=DATA    S=_DATA    G=DGROUP   M=C:\PROGRAM FILES\BORLAND\CBUILDER3\LIB\CP32MT.LIB|f87atan ACBP=A9
 0002:00008150 00000012 C=DATA    S=_DATA    G=DGROUP   M=C:\PROGRAM FILES\BORLAND\CBUILDER3\LIB\CP32MT.LIB|f87exp ACBP=A9
 0002:00008164 00000016 C=DATA    S=_DATA    G=DGROUP   M=C:\PROGRAM FILES\BORLAND\CBUILDER3\LIB\CP32MT.LIB|f87log ACBP=A9
 0002:0000817C 0000001C C=DATA    S=_DATA    G=DGROUP   M=C:\PROGRAM FILES\BORLAND\CBUILDER3\LIB\CP32MT.LIB|f87sine ACBP=A9
 0002:00008198 0000000C C=DATA    S=_DATA    G=DGROUP   M=C:\PROGRAM FILES\BORLAND\CBUILDER3\LIB\CP32MT.LIB|log ACBP=A9
 0002:000081A4 0000001C C=DATA    S=_DATA    G=DGROUP   M=C:\PROGRAM FILES\BORLAND\CBUILDER3\LIB\CP32MT.LIB|pow ACBP=A9
 0002:000081C0 0000000C C=DATA    S=_DATA    G=DGROUP   M=C:\PROGRAM FILES\BORLAND\CBUILDER3\LIB\CP32MT.LIB|sin ACBP=A9
 0002:000081CC 00000010 C=DATA    S=_DATA    G=DGROUP   M=C:\PROGRAM FILES\BORLAND\CBUILDER3\LIB\CP32MT.LIB|sqrt ACBP=A9
 0002:000081DC 0000000C C=DATA    S=_DATA    G=DGROUP   M=C:\PROGRAM FILES\BORLAND\CBUILDER3\LIB\CP32MT.LIB|tan ACBP=A9
 0002:000081E8 00000068 C=DATA    S=_DATA    G=DGROUP   M=C:\PROGRAM FILES\BORLAND\CBUILDER3\LIB\CP32MT.LIB|cvtfak ACBP=A9
 0002:00008250 00000068 C=DATA    S=_DATA    G=DGROUP   M=C:\PROGRAM FILES\BORLAND\CBUILDER3\LIB\CP32MT.LIB|cvtfakw ACBP=A9
 0002:000082B8 00000004 C=DATA    S=_DATA    G=DGROUP   M=C:\PROGRAM FILES\BORLAND\CBUILDER3\LIB\CP32MT.LIB|deflt87 ACBP=A9
 0002:000082BC 0000003A C=DATA    S=_DATA    G=DGROUP   M=C:\PROGRAM FILES\BORLAND\CBUILDER3\LIB\CP32MT.LIB|hugeval ACBP=A9
 0002:000082F8 00000008 C=DATA    S=_DATA    G=DGROUP   M=C:\PROGRAM FILES\BORLAND\CBUILDER3\LIB\CP32MT.LIB|initcvt ACBP=A9
 0002:00008300 00000008 C=DATA    S=_DATA    G=DGROUP   M=C:\PROGRAM FILES\BORLAND\CBUILDER3\LIB\CP32MT.LIB|mathptr ACBP=A9
 0002:00008308 00000044 C=DATA    S=_DATA    G=DGROUP   M=C:\PROGRAM FILES\BORLAND\CBUILDER3\LIB\CP32MT.LIB|mathwhy ACBP=A9
 0002:0000834C 00000014 C=DATA    S=_DATA    G=DGROUP   M=C:\PROGRAM FILES\BORLAND\CBUILDER3\LIB\CP32MT.LIB|realcvt ACBP=A9
 0002:00008360 00000028 C=DATA    S=_DATA    G=DGROUP   M=C:\PROGRAM FILES\BORLAND\CBUILDER3\LIB\CP32MT.LIB|realcvtw ACBP=A9
 0002:00008388 00000028 C=DATA    S=_DATA    G=DGROUP   M=C:\PROGRAM FILES\BORLAND\CBUILDER3\LIB\CP32MT.LIB|scantod ACBP=A9
 0002:000083B0 00000028 C=DATA    S=_DATA    G=DGROUP   M=C:\PROGRAM FILES\BORLAND\CBUILDER3\LIB\CP32MT.LIB|scanwtod ACBP=A9
 0002:000083D8 00000010 C=DATA    S=_DATA    G=DGROUP   M=C:\PROGRAM FILES\BORLAND\CBUILDER3\LIB\CP32MT.LIB|_matherr ACBP=A9
 0002:000083E8 000000C0 C=DATA    S=_DATA    G=DGROUP   M=C:\PROGRAM FILES\BORLAND\CBUILDER3\LIB\CP32MT.LIB|_pow10 ACBP=A9
 0002:000084A8 00000048 C=DATA    S=_DATA    G=DGROUP   M=C:\PROGRAM FILES\BORLAND\CBUILDER3\LIB\CP32MT.LIB|mbctype ACBP=A9
 0002:000084F0 0000000C C=DATA    S=_DATA    G=DGROUP   M=C:\PROGRAM FILES\BORLAND\CBUILDER3\LIB\CP32MT.LIB|errormsg ACBP=A9
 0002:000084FC 00000024 C=DATA    S=_DATA    G=DGROUP   M=C:\PROGRAM FILES\BORLAND\CBUILDER3\LIB\CP32MT.LIB|ermsghlp ACBP=A9
 0002:00008520 00000028 C=DATA    S=_DATA    G=DGROUP   M=C:\PROGRAM FILES\BORLAND\CBUILDER3\LIB\CP32MT.LIB|platform ACBP=A9
 0002:00008548 00000024 C=DATA    S=_DATA    G=DGROUP   M=C:\PROGRAM FILES\BORLAND\CBUILDER3\LIB\CP32MT.LIB|assert ACBP=A9
 0002:0000856C 00000020 C=DATA    S=_DATA    G=DGROUP   M=C:\PROGRAM FILES\BORLAND\CBUILDER3\LIB\CP32MT.LIB|abort ACBP=A9
 0002:0000858C 00000004 C=DATA    S=_DATA    G=DGROUP   M=C:\PROGRAM FILES\BORLAND\CBUILDER3\LIB\CP32MT.LIB|patexit ACBP=A9
 0002:00008590 0000000C C=DATA    S=_DATA    G=DGROUP   M=C:\PROGRAM FILES\BORLAND\CBUILDER3\LIB\CP32MT.LIB|exit ACBP=A9
 0002:0000859C 00000004 C=DATA    S=_DATA    G=DGROUP   M=C:\PROGRAM FILES\BORLAND\CBUILDER3\LIB\CP32MT.LIB|lonedll ACBP=A9
 0002:000085A0 00000004 C=DATA    S=_DATA    G=DGROUP   M=C:\PROGRAM FILES\BORLAND\CBUILDER3\LIB\CP32MT.LIB|srchenv ACBP=A9
 0002:000085A4 00000004 C=DATA    S=_DATA    G=DGROUP   M=C:\PROGRAM FILES\BORLAND\CBUILDER3\LIB\CP32MT.LIB|srchstr ACBP=A9
 0002:000085A8 00000030 C=DATA    S=_DATA    G=DGROUP   M=C:\PROGRAM FILES\BORLAND\CBUILDER3\LIB\CP32MT.LIB|loadprog ACBP=A9
 0002:000085D8 0000006C C=DATA    S=_DATA    G=DGROUP   M=C:\PROGRAM FILES\BORLAND\CBUILDER3\LIB\CP32MT.LIB|setenvp ACBP=A9
 0002:00008644 0000005E C=DATA    S=_DATA    G=DGROUP   M=C:\PROGRAM FILES\BORLAND\CBUILDER3\LIB\CP32MT.LIB|signal ACBP=A9
 0002:000086A4 00000018 C=DATA    S=_DATA    G=DGROUP   M=C:\PROGRAM FILES\BORLAND\CBUILDER3\LIB\CP32MT.LIB|initexit ACBP=A9
 0002:000086BC 0000001C C=DATA    S=_DATA    G=DGROUP   M=C:\PROGRAM FILES\BORLAND\CBUILDER3\LIB\CP32MT.LIB|thrddata ACBP=A9
 0002:000086D8 00000014 C=DATA    S=_DATA    G=DGROUP   M=C:\PROGRAM FILES\BORLAND\CBUILDER3\LIB\CP32MT.LIB|_lock ACBP=A9
 0002:000086EC 000001C4 C=DATA    S=_DATA    G=DGROUP   M=C:\PROGRAM FILES\BORLAND\CBUILDER3\LIB\CP32MT.LIB|timedata ACBP=A9
 0002:000088B0 00000008 C=DATA    S=_DATA    G=DGROUP   M=C:\PROGRAM FILES\BORLAND\CBUILDER3\LIB\CP32MT.LIB|tzdata ACBP=A9
 0002:000088B8 00000010 C=DATA    S=_DATA    G=DGROUP   M=C:\PROGRAM FILES\BORLAND\CBUILDER3\LIB\CP32MT.LIB|tzset ACBP=A9
 0002:000088C8 00001398 C=DATA    S=_DATA    G=DGROUP   M=C:\PROGRAM FILES\BORLAND\CBUILDER3\LIB\CP32MT.LIB|xx ACBP=A9
 0002:00009C60 0000005C C=DATA    S=_DATA    G=DGROUP   M=C:\PROGRAM FILES\BORLAND\CBUILDER3\LIB\RELEASE\VCLE35.LIB|dstring ACBP=A9
 0002:00009CA8 0000006C C=DATA    S=_DATA    G=DGROUP   M=C:\PROGRAM FILES\BORLAND\CBUILDER3\LIB\RELEASE\VCLE35.LIB|vclinit ACBP=A9
 0002:00009D14 00000174 C=DATA    S=_DATA    G=DGROUP   M=<internal> ACBP=A9
 0003:00000000 0000001C C=BSS     S=_BSS     G=DGROUP   M=C:\PROGRAM FILES\BORLAND\CBUILDER3\LIB\OBJ\SYSINIT.OBJ ACBP=A9
 0003:0000001C 000028B8 C=BSS     S=_BSS     G=DGROUP   M=C:\REPSS\COMMON FILES\ROBUST.OBJ ACBP=A9
 0003:000028D4 00000564 C=BSS     S=_BSS     G=DGROUP   M=C:\REPSS\COMMON FILES\GID.OBJ ACBP=A9
 0003:00002E38 00001000 C=BSS     S=_BSS     G=DGROUP   M=C:\REPSS\FRAMES DLL\ATOCLASS.OBJ ACBP=A9
 0003:00003E38 00000C04 C=BSS     S=_BSS     G=DGROUP   M=C:\REPSS\FRAMES DLL\EQUATION.OBJ ACBP=A9
 0003:00004A3C 00000004 C=BSS     S=_BSS     G=DGROUP   M=C:\PROGRAM FILES\BORLAND\CBUILDER3\LIB\RELEASE\VCL35.LIB|TypInfo ACBP=A9
 0003:00004A40 00000004 C=BSS     S=_BSS     G=DGROUP   M=C:\PROGRAM FILES\BORLAND\CBUILDER3\LIB\RELEASE\VCL35.LIB|Windows ACBP=A9
 0003:00004A44 00000004 C=BSS     S=_BSS     G=DGROUP   M=C:\PROGRAM FILES\BORLAND\CBUILDER3\LIB\RELEASE\VCL35.LIB|SysConst ACBP=A9
 0003:00004A48 00000114 C=BSS     S=_BSS     G=DGROUP   M=C:\PROGRAM FILES\BORLAND\CBUILDER3\LIB\RELEASE\VCL35.LIB|SysUtils ACBP=A9
 0003:00004B5C 000004B4 C=BSS     S=_BSS     G=DGROUP   M=C:\PROGRAM FILES\BORLAND\CBUILDER3\LIB\RELEASE\VCL35.LIB|System ACBP=A9
 0003:00005010 00000008 C=BSS     S=_BSS     G=DGROUP   M=C:\PROGRAM FILES\BORLAND\CBUILDER3\LIB\CP32MT.LIB|setnew ACBP=A9
 0003:00005018 00000008 C=BSS     S=_BSS     G=DGROUP   M=C:\PROGRAM FILES\BORLAND\CBUILDER3\LIB\CP32MT.LIB|predecl ACBP=A9
 0003:00005018 0000001C C=BSS     S=_BSS     G=DGROUP   M=C:\PROGRAM FILES\BORLAND\CBUILDER3\LIB\CP32MT.LIB|tree ACBP=A9
 0003:00005034 00000408 C=BSS     S=_BSS     G=DGROUP   M=C:\PROGRAM FILES\BORLAND\CBUILDER3\LIB\CP32MT.LIB|xxtype ACBP=A9
 0003:0000543C 00000008 C=BSS     S=_BSS     G=DGROUP   M=C:\PROGRAM FILES\BORLAND\CBUILDER3\LIB\CP32MT.LIB|xxv ACBP=A9
 0003:00005444 00000008 C=BSS     S=_BSS     G=DGROUP   M=C:\PROGRAM FILES\BORLAND\CBUILDER3\LIB\CP32MT.LIB|except ACBP=A9
 0003:0000544C 00000190 C=BSS     S=_BSS     G=DGROUP   M=C:\PROGRAM FILES\BORLAND\CBUILDER3\LIB\CP32MT.LIB|files2 ACBP=A9
 0003:000055DC 00000108 C=BSS     S=_BSS     G=DGROUP   M=C:\PROGRAM FILES\BORLAND\CBUILDER3\LIB\CP32MT.LIB|findfrst ACBP=A9
 0003:000056E4 00000008 C=BSS     S=_BSS     G=DGROUP   M=C:\PROGRAM FILES\BORLAND\CBUILDER3\LIB\CP32MT.LIB|handles ACBP=A9
 0003:000056EC 00000001 C=BSS     S=_BSS     G=DGROUP   M=C:\PROGRAM FILES\BORLAND\CBUILDER3\LIB\CP32MT.LIB|lgetc ACBP=A9
 0003:000056ED 00000002 C=BSS     S=_BSS     G=DGROUP   M=C:\PROGRAM FILES\BORLAND\CBUILDER3\LIB\CP32MT.LIB|mkname ACBP=A9
 0003:000056F0 00000008 C=BSS     S=_BSS     G=DGROUP   M=C:\PROGRAM FILES\BORLAND\CBUILDER3\LIB\CP32MT.LIB|streams ACBP=A9
 0003:000056F8 00000108 C=BSS     S=_BSS     G=DGROUP   M=C:\PROGRAM FILES\BORLAND\CBUILDER3\LIB\CP32MT.LIB|mbctype ACBP=A9
 0003:00005800 00000018 C=BSS     S=_BSS     G=DGROUP   M=C:\PROGRAM FILES\BORLAND\CBUILDER3\LIB\CP32MT.LIB|ermsghlp ACBP=A9
 0003:00005818 00000004 C=BSS     S=_BSS     G=DGROUP   M=C:\PROGRAM FILES\BORLAND\CBUILDER3\LIB\CP32MT.LIB|platform ACBP=A9
 0003:0000581C 00000100 C=BSS     S=_BSS     G=DGROUP   M=C:\PROGRAM FILES\BORLAND\CBUILDER3\LIB\CP32MT.LIB|assert ACBP=A9
 0003:0000591C 00000010 C=BSS     S=_BSS     G=DGROUP   M=C:\PROGRAM FILES\BORLAND\CBUILDER3\LIB\CP32MT.LIB|setenvp ACBP=A9
 0003:0000592C 00000004 C=BSS     S=_BSS     G=DGROUP   M=C:\PROGRAM FILES\BORLAND\CBUILDER3\LIB\CP32MT.LIB|rawdll ACBP=A9
 0003:00005930 00000048 C=BSS     S=_BSS     G=DGROUP   M=C:\PROGRAM FILES\BORLAND\CBUILDER3\LIB\CP32MT.LIB|globals ACBP=A9
 0003:00005978 00000004 C=BSS     S=_BSS     G=DGROUP   M=C:\PROGRAM FILES\BORLAND\CBUILDER3\LIB\CP32MT.LIB|startupd ACBP=A9
 0003:0000597C 00000008 C=BSS     S=_BSS     G=DGROUP   M=C:\PROGRAM FILES\BORLAND\CBUILDER3\LIB\CP32MT.LIB|thrddata ACBP=A9
 0003:00005984 00003004 C=BSS     S=_BSS     G=DGROUP   M=C:\PROGRAM FILES\BORLAND\CBUILDER3\LIB\CP32MT.LIB|_lock ACBP=A9
 0003:00008988 00000008 C=BSS     S=_BSS     G=DGROUP   M=C:\PROGRAM FILES\BORLAND\CBUILDER3\LIB\CP32MT.LIB|tzset ACBP=A9
 0003:00008990 00000010 C=BSS     S=_BSS     G=DGROUP   M=C:\PROGRAM FILES\BORLAND\CBUILDER3\LIB\CP32MT.LIB|xx ACBP=A9
 0004:00000000 00000008 C=TLS     S=_TLS     G=DGROUP   M=C:\PROGRAM FILES\BORLAND\CBUILDER3\LIB\RELEASE\VCL35.LIB|System ACBP=A9
 0004:00000008 000000A4 C=TLS     S=_TLS     G=DGROUP   M=C:\PROGRAM FILES\BORLAND\CBUILDER3\LIB\CP32MT.LIB|xxv ACBP=A9
 0004:000000AC 00000008 C=TLS     S=_TLS     G=DGROUP   M=C:\PROGRAM FILES\BORLAND\CBUILDER3\LIB\CP32MT.LIB|tls ACBP=A9

  Address         Publics by Name

 0002:00006738      ::
 0002:00006740      ::
 0002:00006748      ::
 0002:00006750      ::
 0002:00006730      ::
 0002:00006728      ::
 0002:00006758      ::
 0002:00006720      ::
 0002:00006760      ::
 0002:0000666C      ::
 0002:00006718      ::
 0002:00006768      ::
 0002:00006710      ::
 0002:00006708      ::
 0002:00006770      ::
 0002:00006778      ::
 0002:00006780      ::
 0002:00006788      ::
 0002:00006700      ::
 0002:00006790      ::
 0002:000066F8      ::
 0002:000066F0      ::
 0002:000066D8      ::
 0002:000066E0      ::
 0002:000066E8      ::
 0002:000066D0      ::
 0003:00005800      @B1015_2
 0003:00005818      @B1016_2
 0003:0000581C      @B1019_2
 0003:0000591C      @B1093_2
 0003:0000592C      @B1103_0
 0003:00005930      @B1104_0
 0003:00005978      @B1108_1
 0003:0000597C      @B1114_2
 0003:00005984      @B1117_2
 0003:00008988      @B1128_2
 0003:00008990      @B1142_2
 0003:00003E38      @B27_2
 0003:00005010      @B366_2
 0003:00005018      @B388_2
 0003:0000001C      @B4_2
 0003:00005034      @B511_2
 0003:0000543C      @B512_2
 0003:00005444      @B515_2
 0003:0000544C      @B608_1
 0003:000055DC      @B609_2
 0003:000056E4      @B645_2
 0003:000056EC      @B649_1
 0003:000056F0      @B694_2
 0003:000028D4      @B8_2
 0003:000056F8      @B946_2
 0003:00002E38      @B9_2
 0001:00041820      @C1014_0
 0001:00041984      @C1015_0
 0001:00041A40      @C1016_0
 0001:00041A40      @C1016_3
 0001:00041ACC      @C1019_0
 0001:00041B74      @C1024_0
 0001:00041B80      @C1032_0
 0001:00041BA4      @C1051_0
 0001:00041C6C      @C1052_0
 0001:00041CD0      @C1065_0
 0001:00041CF0      @C1077_0
 0001:00041D20      @C1081_0
 0001:00041E30      @C1089_0
 0001:000423B8      @C1093_0
 0001:00042558      @C1093_3
 0001:000423D8      @C1093_4
 0001:0004258C      @C1095_0
 0001:000428A8      @C1105_0
 0001:00042A04      @C1105_2
 0001:00042A18      @C1108_0
 0001:00042B1C      @C1110_0
 0001:00042B24      @C1111_0
 0001:00042B3C      @C1111_2
 0001:00042B8C      @C1112_0
 0001:00042BC8      @C1114_0
 0001:00042CBC      @C1114_3
 0001:00042CD0      @C1114_4
 0001:00042D80      @C1117_0
 0001:00042E40      @C1117_3
 0001:00042E58      @C1121_0
 0001:00043054      @C1126_0
 0001:000432FC      @C1127_0
 0001:000432FC      @C1127_2
 0001:00043304      @C1128_0
 0001:000434B8      @C1129_0
 0001:000434C0      @C1135_0
 0001:00043524      @C1141_0
 0001:00043574      @C1142_0
 0001:00043574      @C1142_3
 0001:00045A80      @C1142_4
 0001:00047608      @C1184_0
 0001:00000000      @C1_0
 0001:00036FDC      @C360_0
 0001:00037080      @C366_0
 0001:000370D4      @C366_3
 0001:000370E0      @C366_4
 0001:00037114      @C366_5
 0001:00037474      @C377_0
 0001:00037500      @C380_0
 0001:00037520      @C382_0
 0001:000375BC      @C382_2
 0001:000378CC      @C382_3
 0001:000390E8      @C388_0
 0001:000390E8      @C388_3
 0001:00039124      @C388_4
 0001:00039160      @C446_0
 0001:00039180      @C448_0
 0001:000391A4      @C450_0
 0001:000391F0      @C451_0
 0001:0003927C      @C452_0
 0001:00039294      @C459_0
 0001:000392D0      @C460_0
 0001:00039324      @C462_0
 0001:00039354      @C463_0
 0001:000393B0      @C464_0
 0001:00039420      @C467_0
 0001:0003942C      @C470_0
 0001:00039438      @C472_0
 0001:000394A4      @C475_0
 0001:000394D8      @C477_0
 0001:00039520      @C478_0
 0001:00039570      @C479_0
 0001:000395D0      @C486_0
 0001:00039674      @C487_0
 0001:000396E4      @C488_0
 0001:0003971C      @C489_0
 0001:00039734      @C490_0
 0001:00000378      @C4_0
 0001:00000378      @C4_3
 0001:00000672      @C4_4
 0001:000397B0      @C511_0
 0001:0003A0A8      @C512_0
 0001:0003A0A8      @C512_4
 0001:0003A2B0      @C513_0
 0001:0003A2BC      @C515_0
 0001:0003A3F8      @C515_3
 0001:0003A410      @C515_4
 0001:0003A438      @C518_0
 0001:0003A480      @C519_0
 0001:0003A4A4      @C521_0
 0001:0003A4E4      @C522_0
 0001:0003A544      @C525_0
 0001:0003A5DC      @C527_0
 0001:0003A624      @C528_0
 0001:0003A6A8      @C529_0
 0001:0003A8A8      @C530_0
 0001:0003AA5C      @C533_0
 0001:0003AC0C      @C534_0
 0001:0003AC20      @C542_0
 0001:0003AC64      @C554_0
 0001:0003ACC8      @C561_0
 0001:0003ACD0      @C570_0
 0001:0003AD34      @C571_0
 0001:0003AD3C      @C572_0
 0001:0003ADBC      @C599_0
 0001:0003AE5C      @C601_0
 0001:0003AEEC      @C604_0
 0001:0003B028      @C609_0
 0001:0003B048      @C609_3
 0001:0003B028      @C609_4
 0001:0003B3C0      @C612_0
 0001:0003B424      @C615_0
 0001:0003B448      @C616_0
 0001:0003B450      @C617_0
 0001:0003B634      @C618_0
 0001:0003B668      @C621_0
 0001:0003B744      @C626_0
 0001:0003B8B8      @C628_0
 0001:0003B8F4      @C630_0
 0001:0003BA50      @C634_0
 0001:0003BB24      @C635_0
 0001:0003BB6C      @C638_0
 0001:0003BCB0      @C645_0
 0001:0003C064      @C646_0
 0001:0003C0F0      @C649_0
 0001:0003C290      @C653_0
 0001:0003C3A0      @C656_0
 0001:0003C43C      @C658_0
 0001:0003C4D8      @C663_0
 0001:0003C514      @C670_0
 0001:0003C534      @C676_0
 0001:0003CDE0      @C680_0
 0001:0003D008      @C685_0
 0001:0003D068      @C687_0
 0001:0003D330      @C688_0
 0001:0003D3A0      @C690_0
 0001:0003D414      @C694_0
 0001:0003D4D8      @C694_3
 0001:0003D64C      @C700_0
 0001:0003D6B0      @C702_0
 0001:0003D6CC      @C708_0
 0001:0003E088      @C744_0
 0001:0003E0C0      @C745_0
 0001:0003E0F4      @C746_0
 0001:0003E11C      @C756_0
 0001:0003E6A4      @C758_0
 0001:0003E7A8      @C760_0
 0001:0003E800      @C783_0
 0001:0003ECC8      @C806_0
 0001:0003ECF4      @C809_0
 0001:0003EEF4      @C812_0
 0001:0003EF04      @C816_0
 0001:0003EF20      @C818_0
 0001:0003EF34      @C819_0
 0001:0003EF78      @C825_0
 0001:0003EFA0      @C826_0
 0001:0003EFB8      @C829_0
 0001:0003F024      @C832_0
 0001:0003F084      @C833_0
 0001:0003F154      @C834_0
 0001:0003F19C      @C835_0
 0001:0003F280      @C836_0
 0001:0003F290      @C845_0
 0001:0003F2A8      @C848_0
 0001:0003F2D0      @C849_0
 0001:0003F300      @C850_0
 0001:0003F324      @C851_0
 0001:0003F338      @C856_0
 0001:0003F3EC      @C860_0
 0001:0003F45C      @C870_0
 0001:0003F638      @C872_0
 0001:0003F660      @C873_0
 0001:0003F690      @C876_0
 0001:0003F6BC      @C877_0
 0001:0003F700      @C881_0
 0001:0003F73C      @C884_0
 0001:0003F780      @C890_0
 0001:0003F794      @C892_0
 0001:0003F80C      @C898_0
 0001:0003F824      @C899_0
 0001:0003F83C      @C906_0
 0001:0003F93C      @C907_0
 0001:0003F9CC      @C909_0
 0001:0003FA44      @C911_0
 0001:0003FA70      @C912_0
 0001:0003FAA0      @C918_0
 0001:0003FD9C      @C919_0
 0001:000400D0      @C920_0
 0001:000405B4      @C921_0
 0001:00040A98      @C922_0
 0001:00040B5C      @C928_0
 0001:00040E28      @C929_0
 0001:00041110      @C934_0
 0001:000411C0      @C935_0
 0001:00041338      @C942_0
 0001:0004139C      @C946_0
 0001:000414C0      @C946_3
 0001:000414D0      @C947_0
 0001:00041508      @C948_0
 0001:00041528      @C957_0
 0001:00041548      @C962_0
 0001:00041578      @C963_0
 0001:000415C8      @C966_0
 0001:00041620      @C967_0
 0001:000416B8      @C976_0
 0001:0004170C      @C977_0
 0001:000417C8      @C988_0
 0002:000084F0      @D1014_1
 0002:000084FC      @D1015_1
 0002:00008520      @D1016_1
 0002:00008548      @D1019_1
 0002:0000856C      @D1032_1
 0002:0000858C      @D1033_0
 0002:00008590      @D1051_1
 0002:0000859C      @D1054_0
 0002:000085A0      @D1077_1
 0002:000085A4      @D1081_1
 0002:000085A8      @D1089_1
 0002:000085D8      @D1093_1
 0002:00008644      @D1095_1
 0002:000015E8      @D10_1
 0002:000086A4      @D1105_1
 0002:000086BC      @D1114_1
 0002:000086D8      @D1117_1
 0002:000086EC      @D1124_0
 0002:000088B0      @D1127_1
 0002:000088B8      @D1128_1
 0002:000088C8      @D1142_1
 0002:00009CA8      @D1182_1
 0002:00001988      @D11_1
 0002:00001EA8      @D12_1
 0002:000022B4      @D13_1
 0002:000026CC      @D14_1
 0002:000028A4      @D15_1
 0002:00002AA0      @D16_1
 0002:00003834      @D17_1
 0002:00003DC8      @D18_1
 0002:00004380      @D19_1
 0002:0000012C      @D1_1
 0002:0000446C      @D20_1
 0002:00004548      @D21_1
 0002:00004638      @D23_1
 0002:0000482C      @D24_1
 0002:00004C18      @D25_1
 0002:00005014      @D26_1
 0002:000052A0      @D27_1
 0002:000053B0      @D28_1
 0002:00006014      @D366_1
 0002:00006064      @D370_1
 0002:000060B8      @D371_1
 0002:0000612C      @D382_1
 0002:00006A18      @D385_0
 0002:00006A74      @D388_1
 0002:00006AAC      @D391_0
 0002:00000224      @D4_1
 0002:00006B4C      @D511_1
 0002:00006E84      @D512_1
 0002:00006FA4      @D515_1
 0002:00006FB8      @D534_1
 0002:00006FBC      @D560_1
 0002:00006FC0      @D573_0
 0002:00000980      @D5_1
 0002:00006FC4      @D607_0
 0002:00007474      @D608_0
 0002:00007540      @D609_1
 0002:0000755C      @D613_0
 0002:00007560      @D614_1
 0002:00007564      @D645_1
 0002:000075B8      @D646_1
 0002:000076E4      @D658_1
 0002:000076F0      @D662_1
 0002:00007B6C      @D676_1
 0002:00007BEC      @D694_1
 0002:00000A3C      @D6_1
 0002:00007C40      @D708_1
 0002:00007CB8      @D750_0
 0002:00007EBC      @D756_1
 0002:00007EC4      @D762_0
 0002:00000A94      @D7_1
 0002:00008124      @D819_1
 0002:00008130      @D829_1
 0002:0000813C      @D832_1
 0002:00008150      @D833_1
 0002:00008164      @D834_1
 0002:0000817C      @D835_1
 0002:00008198      @D860_1
 0002:000081A4      @D870_1
 0002:000081C0      @D877_1
 0002:000081CC      @D881_1
 0002:000081DC      @D884_1
 0002:000081E8      @D898_1
 0002:00008250      @D899_1
 0002:00000E90      @D8_1
 0002:000082B8      @D900_0
 0002:000082BC      @D903_0
 0002:000082F8      @D904_0
 0002:00008300      @D913_1
 0002:00008308      @D914_0
 0002:0000834C      @D918_1
 0002:00008360      @D919_1
 0002:00008388      @D920_1
 0002:000083B0      @D921_1
 0002:000083D8      @D934_1
 0002:000083E8      @D935_1
 0002:000084A8      @D946_1
 0002:00000F18      @D9_1
 0004:000000AC      @T1111_1
 0004:00000008      @T512_3
 0001:00039774      @__InitExceptBlockLDTC
 0001:0000F330      AFF::AFF(char*,char*)
 0001:0000F300      AFF::Init()
 0001:0000F4A0      AFF::~AFF()
 0001:0000DD20      AFFCon::AFFCon(icsv*,bool)
 0001:0000DC58      AFFCon::Init()
 0001:0000DEA4      AFFCon::~AFFCon()
 0001:0000DF68      AFFSet::AFFSet(icsv*)
 0001:0000E224      AFFSet::convertAFF(icsv*,ocsv*,char*)
 0001:0000E9E0      AFFSet::unconvertAFF(icsv*,ocsv*,char*,char*,char*,char*,int)
 0001:0000E178      AFFSet::~AFFSet()
 0001:0000C2BC      ATO::ATO()
 0001:0000C2A0      ATO::Init()
 0001:0000C3A4      ATO::Read(char*,char*,int,int,int)
 0001:0000C300      ATO::~ATO()
 0001:00009AB4      ATOCon::ATOCon(bool)
 0001:00009E5C      ATOCon::Read(icsv*)
 0001:0000A06C      ATOCon::Write(ocsv*,bool)
 0001:0000A184      ATOCon::add(ATOCon*)
 0001:0000A750      ATOCon::copy()
 0001:0000AB74      ATOCon::getTimeSeries(char*,char*,char*,double,double)
 0001:0000AD10      ATOCon::getTimeSeriesTime(int)
 0001:0000AD30      ATOCon::getTimeSeriesValue(int)
 0001:0000AD88      ATOCon::getTimeSeriesXAxisUnit(char*)
 0001:0000ADB8      ATOCon::getTimeSeriesYAxisUnit(char*)
 0001:0000A8B8      ATOCon::interpolateTimePeriod(ATOTimePeriod*,ATOTimePeriod*,double)
 0001:00009C40      ATOCon::~ATOCon()
 0001:0000AE08      ATOFluxType::ATOFluxType()
 0001:0000B004      ATOFluxType::Read(icsv*)
 0001:0000B0B8      ATOFluxType::Write(ocsv*)
 0001:0000B124      ATOFluxType::getFullName()
 0001:0000AF18      ATOFluxType::~ATOFluxType()
 0001:00007250      ATOGrid::ATOGrid()
 0001:00007368      ATOGrid::ATOGrid(ATOGrid*)
 0001:00007798      ATOGrid::GetGridMax(double&,double&)
 0001:000078AC      ATOGrid::GetGridMin(double&,double&)
 0001:00008D38      ATOGrid::Read(icsv*)
 0001:000090AC      ATOGrid::Write(ocsv*,bool)
 0001:00007CFC      ATOGrid::add(ATOGrid*)
 0001:00008A98      ATOGrid::closestThree(double,double,int*,int*)
 0001:00007C54      ATOGrid::compareAxis(ATOGrid*)
 0001:00008008      ATOGrid::convert(int,double*,int,double*,const char*)
 0001:00007D74      ATOGrid::getBounds(double&,double&,double&,double&,const char*)
 0001:00009388      ATOGrid::getValue(double,double)
 0001:00007FE0      ATOGrid::isPolar()
 0001:00008698      ATOGrid::linearToGrid()
 0001:000079E0      ATOGrid::matches(ATOGrid*)
 0001:00008CCC      ATOGrid::offset(int,int)
 0001:00007A98      ATOGrid::synchGrids(ATOGrid*)
 0001:00007610      ATOGrid::~ATOGrid()
 0001:0000B168      ATOSet::ATOSet()
 0001:0000B3CC      ATOSet::Read(icsv*)
 0001:0000B6B4      ATOSet::addFlux(ATOFluxType*)
 0001:0000B7B0      ATOSet::convertATO(ocsv*,char*)
 0001:0000B658      ATOSet::getFlux(char*)
 0001:0000BC68      ATOSet::unconvertATO(ocsv*,char*,char*,char*,char*,int)
 0001:0000B260      ATOSet::~ATOSet()
 0001:0000944C      ATOTimePeriod::ATOTimePeriod()
 0001:00009564      ATOTimePeriod::Read(icsv*)
 0001:0000963C      ATOTimePeriod::Write(ocsv*)
 0001:000098A8      ATOTimePeriod::add(ATOTimePeriod*)
 0001:000097B8      ATOTimePeriod::appendGrid(ATOGrid*)
 0001:000099D4      ATOTimePeriod::copy()
 0001:000096B4      ATOTimePeriod::getGrid(char*,char*,char*)
 0001:000094CC      ATOTimePeriod::~ATOTimePeriod()
 0001:00000C60      AddExtension(char*,char*)
 0001:00005B40      AddSeries
 0001:00016D34      BBF::BBF(char*,char*)
 0001:00016D04      BBF::Init()
 0001:00016E98      BBF::~BBF()
 0001:00016714      BBFCon::BBFCon(icsv*,bool)
 0001:0001664C      BBFCon::Init()
 0001:00016898      BBFCon::~BBFCon()
 0001:0001695C      BBFOrg::BBFOrg(icsv*)
 0001:00016A40      BBFOrg::~BBFOrg()
 0001:00016B04      BBFSet::BBFSet(icsv*)
 0001:00016C58      BBFSet::~BBFSet()
 0001:000021F4      ClearDecayFlags()
 0001:0002DF88      ClearError()
 0001:00001FF8      CloseDecayChain()
 0001:00006978      Close_GID(__GIDFILE*)
 0001:0000167C      Copy(char*,char*)
 0001:0002E988      CopyCase(char*,char*)
 0001:00000C0C      Date()
 0001:0002EB58      DelCase(char*)
 0001:0002AEC0      Distribution::DispBet(std::FILE*)
 0001:0002AD88      Distribution::DispExp(std::FILE*)
 0001:0002AE54      Distribution::DispGam(std::FILE*)
 0001:0002AD28      Distribution::DispLN(std::FILE*)
 0001:0002AC6C      Distribution::DispLU(std::FILE*)
 0001:0002AFA0      Distribution::DispLog(std::FILE*)
 0001:0002ACE0      Distribution::DispNorm(std::FILE*)
 0001:0002ADF4      Distribution::DispTri(std::FILE*)
 0001:0002AB48      Distribution::DispTrun(std::FILE*)
 0001:0002AC10      Distribution::DispUnif(std::FILE*)
 0001:0002AF2C      Distribution::DispWei(std::FILE*)
 0001:0002BA3C      Distribution::Distribution()
 0001:0002B00C      Distribution::HasDist()
 0001:0002B024      Distribution::HasEquation()
 0001:0002B1AC      Distribution::read(__GIDFILE*,int)
 0001:0002B7D4      Distribution::write(std::FILE*,int)
 0001:0002B040      Distribution::writeCor(std::FILE*,Distribution*,int)
 0001:0002B178      Distribution::writeSUFLabel(fcsv*)
 0001:0002B190      Distribution::writeSUFValue(fcsv*)
 0001:0002BAD0      Distribution::~Distribution()
 0001:0000036C      DllEntryPoint
 0001:00018BD0      EPFCon::EPFCon(icsv*)
 0001:00018B60      EPFCon::EPFCon(int)
 0001:00018EC4      EPFCon::LoadExposuresByTime(char*,int,__expRoute**)
 0001:00018E5C      EPFCon::getTime(int)
 0001:00018AA8      EPFCon::~EPFCon()
 0001:000190A0      EPFSet::EPFSet()
 0001:0001A244      EPFSet::LoadExposuresByTime(char*,char*,int)
 0001:0001A3DC      EPFSet::LoadTimeSeries(int,char*,char*,char*,char*)
 0001:0001A9BC      EPFSet::aggregateExposures(char*,char*,int,bool)
 0001:0001BB70      EPFSet::convertEPF(char*)
 0001:00019E44      EPFSet::epfRead(icsv*)
 0001:0001A018      EPFSet::getDatasetInfo(int*,char*,char*,char*)
 0001:0001A2F4      EPFSet::getExposure(int,char*,char*,char*)
 0001:0001A084      EPFSet::getExposurePoint(int,double*,double*)
 0001:0001A1D8      EPFSet::getTime(char*,int)
 0001:0001A968      EPFSet::getTimeAndValue(int,double*,double*)
 0001:0001A0E0      EPFSet::getTimeCount(char*)
 0001:0001A8FC      EPFSet::getTimeSeries(double*,double*)
 0001:0001B910      EPFSet::writeConstituent(char*,char*,int)
 0001:00019B18      EPFSet::~EPFSet()
 0001:0001810C      EXF::EXF(char*,char*)
 0001:000180DC      EXF::Init()
 0001:00018280      EXF::~EXF()
 0001:00017B94      EXFCon::EXFCon(icsv*)
 0001:00017B20      EXFCon::Init()
 0001:00017CA0      EXFCon::~EXFCon()
 0001:00017A24      EXFDes::EXFDes(icsv*)
 0001:000179A8      EXFDes::Init()
 0001:00017B04      EXFDes::~EXFDes()
 0001:00017D64      EXFOrg::EXFOrg(icsv*)
 0001:00017E68      EXFOrg::~EXFOrg()
 0001:00017F2C      EXFSet::EXFSet(icsv*)
 0001:00018030      EXFSet::~EXFSet()
 0001:0002E8BC      Equation(SUMData*,char**,char**,char**)
 0001:0002DF90      Error(ScanInfo*,char*)
 0001:0002FEB0      Finalize
 0001:000022A4      GetDecayChain(int)
 0001:000185C0      GetOrg(int,int)
 0001:00005958      GetProbability
 0001:00006550      Get_Element_Value(__parameter*,__paramrec*)
 0001:00006678      Get_Parameter(__GIDFILE*,char*)
 0001:000066C0      Get_Value(__GIDFILE*,__paramrec*)
 0001:00024008      HIFAge::HIFAge(icsv*,int,int)
 0001:00024114      HIFAge::~HIFAge()
 0001:00023AF8      HIFCon::HIFCon(icsv*,int)
 0001:00023A88      HIFCon::HIFCon(int)
 0001:00023DF0      HIFCon::LoadExposuresByTime(char*,int,int,__expRoute**)
 0001:00023D88      HIFCon::getTime(int)
 0001:000239D0      HIFCon::~HIFCon()
 0001:000244AC      HIFSet::HIFSet()
 0001:00024EFC      HIFSet::LoadExposuresByTime(int,char*,char*,int)
 0001:0002511C      HIFSet::LoadTimeSeries(int,int,int,char*,char*,char*,char*,char*,char*)
 0001:000260DC      HIFSet::aggregateExposures(int,char*,char*,int,bool)
 0001:00026A68      HIFSet::convertHIF(char*)
 0001:00024EA0      HIFSet::getAgeGroup(int,double*,double*)
 0001:00024BC0      HIFSet::getDatasetInfo(int*,int*,int*,int*,char*,char*,char*)
 0001:00024FEC      HIFSet::getExposure(int,char*,char*,char*,char*)
 0001:00024C54      HIFSet::getExposurePoint(int,double*,double*)
 0001:00024DFC      HIFSet::getTime(int,char*,int)
 0001:00025878      HIFSet::getTimeAndValue(int,double*,double*)
 0001:00024CB0      HIFSet::getTimeCount(int,char*)
 0001:0002580C      HIFSet::getTimeSeries(double*,double*)
 0001:00024908      HIFSet::read(icsv*)
 0001:0002766C      HIFSet::writeConstituent(char*,char*,int)
 0001:00024198      HIFSet::~HIFSet()
 0001:00002EB0      HasSections
 0001:0002E43C      ID(SUMData*,ScanInfo*)
 0001:00037474      InitProntoMemoryManager() __fastcall
 0001:0002E410      InitScan(ScanInfo*,char*)
 0001:0002FDE4      Initialize
 0001:0002FE90      Iterate
 0001:000066E4      Load_GID(__GIDFILE*,int,char*)
 0001:00006830      Load_GIDSection(__GIDFILE*,char*)
 0001:00001B98      OpenDecayChain(char*,char*,char*,char*,int)
 0001:000068D4      Open_GID(char*)
 0001:00006274      Put_Value(__GIDFILE*,__paramrec*)
 0001:0002064C      RIFAge::RIFAge(icsv*,int,int)
 0001:00020758      RIFAge::~RIFAge()
 0001:00020438      RIFCon::LoadExposuresByTime(char*,int,int,__expRoute**)
 0001:00020144      RIFCon::RIFCon(icsv*,int)
 0001:000200D4      RIFCon::RIFCon(int)
 0001:000203D0      RIFCon::getTime(int)
 0001:0002001C      RIFCon::~RIFCon()
 0001:00021364      RIFSet::LoadExposuresByTime(int,char*,char*,int)
 0001:00021584      RIFSet::LoadTimeSeries(int,int,char*,char*,char*,char*,char*,char*)
 0001:00020A54      RIFSet::RIFSet()
 0001:0002236C      RIFSet::aggregateExposures(int,char*,char*,int,bool)
 0001:00022CF8      RIFSet::convertRIF(char*)
 0001:00021308      RIFSet::getAgeGroup(int,double*,double*)
 0001:00021044      RIFSet::getDatasetInfo(int*,int*,char*,char*,char*)
 0001:00021454      RIFSet::getExposure(int,char*,char*,char*,char*)
 0001:000210BC      RIFSet::getExposurePoint(int,double*,double*)
 0001:00021264      RIFSet::getTime(int,char*,int)
 0001:00021C00      RIFSet::getTimeAndValue(int,double*,double*)
 0001:00021118      RIFSet::getTimeCount(int,char*)
 0001:00021B94      RIFSet::getTimeSeries(double*,double*)
 0001:00020E84      RIFSet::read(icsv*)
 0001:00023694      RIFSet::writeConstituent(char*,char*,int)
 0001:000207DC      RIFSet::~RIFSet()
 0001:00027A28      Result::ATOReadSet(icsv*)
 0001:00028128      Result::CFReadSeries(icsv*,int,int,char*,char*)
 0001:00028294      Result::CFReadSet(icsv*)
 0001:00029F88      Result::EPFReadPath(icsv*,int,int)
 0001:0002A0B8      Result::EPFReadSet(icsv*)
 0001:00029320      Result::HIFReadPath(icsv*,int,int,int)
 0001:00029530      Result::HIFReadSet(icsv*)
 0001:0002CB20      Result::ProcessPDCF(char*)
 0001:00028888      Result::RIFReadPath(icsv*,int,int)
 0001:00028A40      Result::RIFReadSet(icsv*)
 0001:0002C31C      Result::Result()
 0001:0002C3FC      Result::Result(Result*)
 0001:0002A564      Result::TWIReadSet(__GIDFILE*,int)
 0001:0002C9CC      Result::computeResults()
 0001:0002BC60      Result::read(__GIDFILE*,int)
 0001:0002C22C      Result::reset()
 0001:0002C8A0      Result::writeSUFLabels(fcsv*)
 0001:0002C974      Result::writeSUFValues(fcsv*)
 0001:0002C5C8      Result::~Result()
 0001:0001592C      SCF::Init()
 0001:0001595C      SCF::SCF(char*,char*)
 0001:00015ACC      SCF::~SCF()
 0001:000146E8      SCFCon::Init()
 0001:000147BC      SCFCon::SCFCon(icsv*,bool)
 0001:00014998      SCFCon::~SCFCon()
 0001:00014A70      SCFSet::Init()
 0001:00014B18      SCFSet::SCFSet(icsv*)
 0001:00014D14      SCFSet::convertSCF(icsv*,ocsv*,char*)
 0001:0001528C      SCFSet::unconvertSCF(icsv*,ocsv*,char*,char*,char*,char*,int)
 0001:00014C78      SCFSet::~SCFSet()
 0001:0002FCAC      SUM::Finalize()
 0001:0002F4E4      SUM::Initialize(char*,char*,char*,char*,char*,char*)
 0001:0002FA78      SUM::Iterate(int)
 0001:0002EC88      SUM::LaunchProcess(char*,char*)
 0001:0002F3E4      SUM::spawnDoAll()
 0001:0002F21C      SUM::spawnLatin()
 0001:0002F9B0      SUM::writeGID()
 0001:0002ECA8      SUM::writeId()
 0001:0002ED50      SUM::writeKey()
 0001:0002CF18      SUMData::read(__GIDFILE*,int)
 0001:0002D4E0      SUMData::readLHO(char*,int)
 0001:0002DA0C      SUMData::readResults(char*)
 0001:0002D3F0      SUMData::writeCorMat(std::FILE*)
 0001:0002D398      SUMData::writeKey(std::FILE*)
 0001:0002DA68      SUMData::writeSUF(fcsv*,int,int,bool)
 0001:0002D704      SUMData::writeTempGID(char*,char*)
 0001:0002DE94      SUMData::~SUMData()
 0001:0002E020      Scan(ScanInfo*)
 0001:000057F0      Series::Add(Series*)
 0001:00005780      Series::Average(double,double)
 0001:00004640      Series::Clone()
 0001:00004518      Series::CopyTo(Series*)
 0001:00005098      Series::ExceedDelta(double,int)
 0001:00005214      Series::ExceedDelta(double,int,int)
 0001:00004C00      Series::Find(double)
 0001:00004398      Series::Init(int)
 0001:000044B0      Series::Init(int,double*,double*)
 0001:00004DBC      Series::Insert(int,double,double)
 0001:00004FB8      Series::InsertEnds(Series*)
 0001:000054E0      Series::Integrate(double,double)
 0001:00004D18      Series::InterpX(double,int)
 0001:00004C94      Series::InterpY(double)
 0001:00005280      Series::MakeExceed(int,int)
 0001:00004964      Series::MaxX()
 0001:00004A74      Series::MaxXwithY(double*,double*)
 0001:000049C0      Series::MaxY()
 0001:00004820      Series::MaxY(int,int)
 0001:00004B7C      Series::MaxYwithX(double*,double*)
 0001:00004938      Series::MinX()
 0001:000049F0      Series::MinXwithY(double*,double*)
 0001:00004994      Series::MinY()
 0001:000048AC      Series::MinY(int,int)
 0001:00004AF8      Series::MinYwithX(double*,double*)
 0001:000046A8      Series::Read(icsv*,int,int)
 0001:00004254      Series::Series()
 0001:000042FC      Series::Series(int)
 0001:00004750      Series::XNotLinear()
 0001:00004200      Series::~Series()
 0001:00001730      StatSort
 0002:0000020C      SysInit::_16386
 0001:000001FC      SysInit::_16393
 0001:00000248      SysInit::_16394
 0001:0003154C      SysUtils::_16462
 0001:00031558      SysUtils::_16465
 0002:00005DF8      SysUtils::_16574
 0001:0003170C      SysUtils::_16575
 0001:00031764      SysUtils::_16576
 0001:00031778      SysUtils::_16577
 0002:00005E00      SysUtils::_16645
 0002:00005E30      SysUtils::_16646
 0002:00005E60      SysUtils::_16647
 0002:00005E7C      SysUtils::_16648
 0001:00031C58      SysUtils::_16649
 0001:00031C94      SysUtils::_16650
 0001:00031DB0      SysUtils::_16651
 0001:00031DEC      SysUtils::_16652
 0001:00031E34      SysUtils::_16653
 0001:00031ECC      SysUtils::_16654
 0001:0003242C      SysUtils::_16658
 0001:00032758      SysUtils::_16674
 0002:00005E98      SysUtils::_16675
 0001:00032778      SysUtils::_16676
 0001:00032844      SysUtils::_16677
 0002:00005ED0      SysUtils::_16678
 0001:00032864      SysUtils::_16679
 0001:000328A8      SysUtils::_16680
 0001:0003295C      SysUtils::_16681
 0001:000329C8      SysUtils::_16682
 0001:00032A48      SysUtils::_16683
 0001:00032A5C      SysUtils::_16684
 0001:00032C10      SysUtils::_16685
 0001:00032CDC      SysUtils::_16686
 0001:00032CEC      SysUtils::_16687
 0001:00032DB0      SysUtils::_16688
 0001:00032E14      SysUtils::_16689
 0001:00032E6C      SysUtils::_16691
 0001:00032F88      SysUtils::_16708
 0002:00005F78      SysUtils::_16726
 0001:00033034      SysUtils::_16729
 0001:00033054      SysUtils::_16739
 0001:00033148      SysUtils::_16740
 0003:00004A44      Sysconst::B175_1
 0001:00030240      Sysconst::Finalization() __fastcall
 0001:FFC0EFF0      Sysconst::_16400
 0001:FFC0EFF1      Sysconst::_16402
 0001:FFC0EFF2      Sysconst::_16404
 0001:FFC0EFF3      Sysconst::_16406
 0001:FFC0EFF4      Sysconst::_16408
 0001:FFC0EFF5      Sysconst::_16410
 0001:FFC0EFF6      Sysconst::_16412
 0001:FFC0EFF7      Sysconst::_16414
 0001:FFC0EFF8      Sysconst::_16416
 0001:FFC0EFF9      Sysconst::_16418
 0001:FFC0EFFA      Sysconst::_16420
 0001:FFC0EFFB      Sysconst::_16422
 0001:FFC0EFFC      Sysconst::_16424
 0001:FFC0EFFD      Sysconst::_16426
 0001:FFC0EFFE      Sysconst::_16428
 0001:FFC0EFFF      Sysconst::_16430
 0001:FFC0EFE0      Sysconst::_16432
 0001:FFC0EFE1      Sysconst::_16434
 0001:FFC0EFE2      Sysconst::_16436
 0001:FFC0EFE3      Sysconst::_16438
 0001:FFC0EFE4      Sysconst::_16440
 0001:FFC0EFE5      Sysconst::_16442
 0001:FFC0EFE6      Sysconst::_16446
 0001:FFC0EFE7      Sysconst::_16448
 0001:FFC0EFE8      Sysconst::_16450
 0001:FFC0EFE9      Sysconst::_16452
 0001:FFC0EFEA      Sysconst::_16454
 0001:FFC0EFEB      Sysconst::_16456
 0001:FFC0EFEC      Sysconst::_16458
 0001:FFC0EFED      Sysconst::_16460
 0001:FFC0EFEE      Sysconst::_16462
 0001:FFC0EFEF      Sysconst::_16468
 0001:FFC0EFD0      Sysconst::_16470
 0001:FFC0EFD1      Sysconst::_16472
 0001:FFC0EFD2      Sysconst::_16474
 0001:FFC0EFD3      Sysconst::_16476
 0001:FFC0EFD4      Sysconst::_16478
 0001:FFC0EFD5      Sysconst::_16480
 0001:FFC0EFD6      Sysconst::_16482
 0001:FFC0EFD7      Sysconst::_16484
 0001:FFC0EFD8      Sysconst::_16502
 0001:FFC0EFD9      Sysconst::_16504
 0001:FFC0EFDA      Sysconst::_16506
 0001:FFC0EFDB      Sysconst::_16508
 0001:FFC0EFDC      Sysconst::_16510
 0001:FFC0EFDD      Sysconst::_16512
 0001:FFC0EFDE      Sysconst::_16514
 0001:FFC0EFDF      Sysconst::_16516
 0001:FFC0EFC0      Sysconst::_16518
 0001:FFC0EFC1      Sysconst::_16520
 0001:FFC0EFC2      Sysconst::_16522
 0001:FFC0EFC3      Sysconst::_16524
 0001:FFC0EFC4      Sysconst::_16526
 0001:FFC0EFC5      Sysconst::_16528
 0001:FFC0EFC6      Sysconst::_16530
 0001:FFC0EFC7      Sysconst::_16532
 0001:FFC0EFC8      Sysconst::_16534
 0001:FFC0EFC9      Sysconst::_16536
 0001:FFC0EFCA      Sysconst::_16538
 0001:FFC0EFCB      Sysconst::_16540
 0001:FFC0EFCC      Sysconst::_16542
 0001:FFC0EFCD      Sysconst::_16544
 0001:FFC0EFCE      Sysconst::_16546
 0001:FFC0EFCF      Sysconst::_16548
 0001:FFC0EFB0      Sysconst::_16550
 0001:FFC0EFB1      Sysconst::_16552
 0001:FFC0EFB2      Sysconst::_16554
 0001:FFC0EFB3      Sysconst::_16556
 0001:FFC0EFB4      Sysconst::_16558
 0001:FFC0EFB5      Sysconst::_16560
 0001:FFC0EFB6      Sysconst::_16562
 0001:FFC0EFB7      Sysconst::_16564
 0001:FFC0EFB8      Sysconst::_16566
 0001:FFC0EFB9      Sysconst::_16568
 0001:FFC0EFBA      Sysconst::_16570
 0001:FFC0EFBB      Sysconst::_16572
 0001:FFC0EFBC      Sysconst::_16574
 0001:FFC0EFBD      Sysconst::_16576
 0001:00030100      Sysconst::_SAbstractError
 0001:0002FFF8      Sysconst::_SAccessDenied
 0001:00030060      Sysconst::_SAccessViolation
 0001:00030098      Sysconst::_SArgumentMissing
 0001:000300F8      Sysconst::_SAssertError
 0001:000300E8      Sysconst::_SAssertionFailed
 0001:00030070      Sysconst::_SControlC
 0001:00030008      Sysconst::_SDiskFull
 0001:000300B0      Sysconst::_SDispatchError
 0001:00030018      Sysconst::_SDivByZero
 0001:00030000      Sysconst::_SEndOfFile
 0001:00030088      Sysconst::_SExceptTitle
 0001:00030080      Sysconst::_SException
 0001:000300E0      Sysconst::_SExternalException
 0001:0002FFE0      Sysconst::_SFileNotFound
 0001:0002FFD8      Sysconst::_SInOutError
 0001:00030028      Sysconst::_SIntOverflow
 0001:000300F0      Sysconst::_SIntfCastError
 0001:00030058      Sysconst::_SInvalidCast
 0001:0002FFE8      Sysconst::_SInvalidFilename
 0001:00030090      Sysconst::_SInvalidFormat
 0001:00030010      Sysconst::_SInvalidInput
 0001:00030030      Sysconst::_SInvalidOp
 0001:00030050      Sysconst::_SInvalidPointer
 0001:000300A0      Sysconst::_SInvalidVarCast
 0001:000300A8      Sysconst::_SInvalidVarOp
 0001:00030230      Sysconst::_SLongDayNameFri
 0001:00030210      Sysconst::_SLongDayNameMon
 0001:00030238      Sysconst::_SLongDayNameSat
 0001:00030208      Sysconst::_SLongDayNameSun
 0001:00030228      Sysconst::_SLongDayNameThu
 0001:00030218      Sysconst::_SLongDayNameTue
 0001:00030220      Sysconst::_SLongDayNameWed
 0001:00030188      Sysconst::_SLongMonthNameApr
 0001:000301A8      Sysconst::_SLongMonthNameAug
 0001:000301C8      Sysconst::_SLongMonthNameDec
 0001:00030178      Sysconst::_SLongMonthNameFeb
 0001:00030170      Sysconst::_SLongMonthNameJan
 0001:000301A0      Sysconst::_SLongMonthNameJul
 0001:00030198      Sysconst::_SLongMonthNameJun
 0001:00030180      Sysconst::_SLongMonthNameMar
 0001:00030190      Sysconst::_SLongMonthNameMay
 0001:000301C0      Sysconst::_SLongMonthNameNov
 0001:000301B8      Sysconst::_SLongMonthNameOct
 0001:000301B0      Sysconst::_SLongMonthNameSep
 0001:00030108      Sysconst::_SModuleAccessViolation
 0001:0002FFD0      Sysconst::_SOutOfMemory
 0001:00030040      Sysconst::_SOverflow
 0001:00030078      Sysconst::_SPrivilege
 0001:00030020      Sysconst::_SRangeError
 0001:000300B8      Sysconst::_SReadAccess
 0001:000301F8      Sysconst::_SShortDayNameFri
 0001:000301D8      Sysconst::_SShortDayNameMon
 0001:00030200      Sysconst::_SShortDayNameSat
 0001:000301D0      Sysconst::_SShortDayNameSun
 0001:000301F0      Sysconst::_SShortDayNameThu
 0001:000301E0      Sysconst::_SShortDayNameTue
 0001:000301E8      Sysconst::_SShortDayNameWed
 0001:00030128      Sysconst::_SShortMonthNameApr
 0001:00030148      Sysconst::_SShortMonthNameAug
 0001:00030168      Sysconst::_SShortMonthNameDec
 0001:00030118      Sysconst::_SShortMonthNameFeb
 0001:00030110      Sysconst::_SShortMonthNameJan
 0001:00030140      Sysconst::_SShortMonthNameJul
 0001:00030138      Sysconst::_SShortMonthNameJun
 0001:00030120      Sysconst::_SShortMonthNameMar
 0001:00030130      Sysconst::_SShortMonthNameMay
 0001:00030160      Sysconst::_SShortMonthNameNov
 0001:00030158      Sysconst::_SShortMonthNameOct
 0001:00030150      Sysconst::_SShortMonthNameSep
 0001:00030068      Sysconst::_SStackOverflow
 0001:0002FFF0      Sysconst::_STooManyOpenFiles
 0001:00030048      Sysconst::_SUnderflow
 0001:000300D8      Sysconst::_SVarArrayBounds
 0001:000300C8      Sysconst::_SVarArrayCreate
 0001:000300D0      Sysconst::_SVarNotArray
 0001:000300C0      Sysconst::_SWriteAccess
 0001:00030038      Sysconst::_SZeroDivide
 0001:00030270      Sysconst::initialization() __fastcall
 0001:000001C0      Sysinit::::GetTls() __fastcall
 0003:00000000      Sysinit::B2_2
 0002:00000208      Sysinit::DataMark
 0003:00000010      Sysinit::DllProc
 0001:00000334      Sysinit::Finalization() __fastcall
 0003:0000000C      Sysinit::HInstance
 0003:00000002      Sysinit::ModuleIsCpp
 0003:00000000      Sysinit::ModuleIsLib
 0003:00000001      Sysinit::ModuleIsPackage
 0003:00000004      Sysinit::TlsIndex
 0003:00000008      Sysinit::TlsLast
 0001:00000304      Sysinit::VclExit()
 0001:00000268      Sysinit::VclInit(bool,bool,int,bool)
 0001:00000364      Sysinit::initialization() __fastcall
 0001:00035BFC      System::::AfterConstruction() __fastcall
 0001:00033A69      System::::Append() __fastcall
 0001:00033786      System::::Assign(void*&,System::SmallString<255>&) __fastcall
 0001:00035C04      System::::BeforeDestruction() __fastcall
 0001:00035BB4      System::::ClassCreate() __fastcall
 0001:00035BF4      System::::ClassDestroy() __fastcall
 0001:00036E10      System::::Close() __fastcall
 0001:00035E54      System::::DoneExcept() __fastcall
 0001:000338A2      System::::FSafeDivide() __fastcall
 0001:000338A0      System::::FSafeDivideR() __fastcall
 0001:000365D4      System::::Finalize() __fastcall
 0001:00036514      System::::FinalizeArray() __fastcall
 0001:000364E8      System::::FinalizeRecord() __fastcall
 0001:00033801      System::::Flush(void*&) __fastcall
 0001:0003570C      System::::FreeMem() __fastcall
 0001:000356F4      System::::GetMem() __fastcall
 0001:000360FC      System::::Halt() __fastcall
 0001:00035FE4      System::::Halt0() __fastcall
 0001:00035CDC      System::::HandleAnyException() __fastcall
 0001:00035DAC      System::::HandleFinally() __fastcall
 0001:00035F40      System::::InitImports() __fastcall
 0001:00035F24      System::::InitResStringImports() __fastcall
 0001:00036D3C      System::::IntfClear(System::DelphiInterface<IUnknown>&) __fastcall
 0001:00035B30      System::::IsClass() __fastcall
 0001:00036138      System::::LStrArrayClr() __fastcall
 0001:00036168      System::::LStrAsg() __fastcall
 0001:00036368      System::::LStrCat() __fastcall
 0001:000363AC      System::::LStrCatN() __fastcall
 0001:00036114      System::::LStrClr(System::AnsiString&) __fastcall
 0001:00036408      System::::LStrCopy() __fastcall
 0001:00036334      System::::LStrFromArray(System::AnsiString&,char*,int) __fastcall
 0001:000362B8      System::::LStrFromChar(System::AnsiString&,char) __fastcall
 0001:000362C8      System::::LStrFromPChar(System::AnsiString&,char*) __fastcall
 0001:000361F8      System::::LStrFromPCharLen(System::AnsiString&,char*,int) __fastcall
 0001:000362F8      System::::LStrFromPWChar(System::AnsiString&,wchar_t*) __fastcall
 0001:00036228      System::::LStrFromPWCharLen(System::AnsiString&,wchar_t*,int) __fastcall
 0001:0003634C      System::::LStrFromWStr(System::AnsiString&,const System::WideString) __fastcall
 0001:000361AC      System::::LStrLAsg() __fastcall
 0001:00036360      System::::LStrLen() __fastcall
 0001:00036448      System::::LStrSetLength() __fastcall
 0001:000363FC      System::::LStrToPChar() __fastcall
 0001:000361D4      System::::NewAnsiString() __fastcall
 0001:00033FC4      System::::Pow10() __fastcall
 0001:00035E00      System::::RaiseAgain() __fastcall
 0001:00035DE4      System::::RaiseExcept() __fastcall
 0001:00033993      System::::ReadCString() __fastcall
[...]
 0002:000065E8      _$ECTGD$std::basic_string...
 0002:00006638      std::basic_string<char,std::char_traits<char>,std::allocator<char>>::npos
 0002:0000663C      std::basic_string<char,std::char_traits<char>,std::allocator<char>>::nullref
 0002:0000666C      ::
 0002:00006670      _$DCHE$std::basic_string...
 0002:00006680      _$ECTIE$std::basic_string...
 0002:000066A0      std::basic_string<wchar_t,std::char_traits<wchar_t>,std::allocator<wchar_t>>::nullref
 0002:000066D0      ::
 0002:000066D4      std::numpunct<char>::id
 0002:000066D8      ::
 0002:000066DC      std::numpunct<wchar_t>::id
 0002:000066E0      ::
 0002:000066E4      __rwstd::timepunct<char>::id
 0002:000066E8      ::
 0002:000066EC      __rwstd::timepunct<wchar_t>::id
 0002:000066F0      ::
 0002:000066F4      std::collate<char>::id
 0002:000066F8      ::
 0002:000066FC      std::moneypunct<char,0>::id
 0002:00006700      ::
 0002:00006704      std::moneypunct<char,1>::id
 0002:00006708      ::
 0002:0000670C      std::moneypunct<wchar_t,0>::id
 0002:00006710      ::
 0002:00006714      std::moneypunct<wchar_t,1>::id
 0002:00006718      ::
 0002:0000671C      std::collate<wchar_t>::id
 0002:00006720      ::
 0002:00006724      std::messages<char>::id
 0002:00006728      ::
 0002:0000672C      std::messages<wchar_t>::id
 0002:00006730      ::
 0002:00006734      std::money_get<char,std::istreambuf_iterator<char,std::char_traits<char>>>::id
 0002:00006738      ::
 0002:0000673C      std::money_get<wchar_t,std::istreambuf_iterator<wchar_t,std::char_traits<wchar_t>>>::id
 0002:00006740      ::
 0002:00006744      std::money_put<char,std::ostreambuf_iterator<char,std::char_traits<char>>>::id
 0002:00006748      ::
 0002:0000674C      std::money_put<wchar_t,std::ostreambuf_iterator<wchar_t,std::char_traits<wchar_t>>>::id
 0002:00006750      ::
 0002:00006754      std::num_get<char,std::istreambuf_iterator<char,std::char_traits<char>>>::id
 0002:00006758      ::
 0002:0000675C      std::num_get<wchar_t,std::istreambuf_iterator<wchar_t,std::char_traits<wchar_t>>>::id
 0002:00006760      ::
 0002:00006764      std::num_put<char,std::ostreambuf_iterator<char,std::char_traits<char>>>::id
 0002:00006768      ::
 0002:0000676C      std::num_put<wchar_t,std::ostreambuf_iterator<wchar_t,std::char_traits<wchar_t>>>::id
 0002:00006770      ::
 0002:00006774      std::time_get<char,std::istreambuf_iterator<char,std::char_traits<char>>>::id
 0002:00006778      ::
 0002:0000677C      std::time_get<wchar_t,std::istreambuf_iterator<wchar_t,std::char_traits<wchar_t>>>::id
 0002:00006780      ::
 0002:00006784      std::time_put<char,std::ostreambuf_iterator<char,std::char_traits<char>>>::id
 0002:00006788      ::
 0002:0000678C      std::time_put<wchar_t,std::ostreambuf_iterator<wchar_t,std::char_traits<wchar_t>>>::id
 0002:00006790      ::
 0002:00006794      _$TLZYB$std::out_of_range::(const std::basic_string<char,std::char_traits<char>,std::allocator<char>>&)
 0002:00006798      _$DCAZB$std::out_of_range::(const std::basic_string<char,std::char_traits<char>,std::allocator<char>>&)
 0002:000067A8      _$ECTBZB$std::out_of_range::(const std::basic_string<char,std::char_traits<char>,std::allocator<char>>&)
 0002:000067BC      _$TLCZB$std::out_of_range::()
 0002:000067C0      _$DCDZB$std::out_of_range::()
 0002:000067D0      _$ECTEZB$std::out_of_range::()
 0002:000067E4      _$ECTFZB$std::out_of_range::(const std::out_of_range&)
 0002:000067EC      _$TLJZB$std::logic_error::(const std::basic_string<char,std::char_traits<char>,std::allocator<char>>&)
 0002:000067F0      _$DCKZB$std::logic_error::(const std::basic_string<char,std::char_traits<char>,std::allocator<char>>&)
 0002:00006800      _$ECTLZB$std::logic_error::(const std::basic_string<char,std::char_traits<char>,std::allocator<char>>&)
 0002:00006820      _$TLMZB$std::logic_error::()
 0002:00006824      _$DCNZB$std::logic_error::()
 0002:00006860      _$ECTOZB$std::logic_error::()
 0002:000068B0      _$ECTPZB$std::logic_error::(const std::logic_error&)
 0002:000068B8      _$TLQZB$std::length_error::(const std::basic_string<char,std::char_traits<char>,std::allocator<char>>&)
 0002:000068BC      _$DCRZB$std::length_error::(const std::basic_string<char,std::char_traits<char>,std::allocator<char>>&)
 0002:000068CC      _$ECTSZB$std::length_error::(const std::basic_string<char,std::char_traits<char>,std::allocator<char>>&)
 0002:000068E0      _$TLTZB$std::length_error::()
 0002:000068E4      _$DCUZB$std::length_error::()
 0002:000068F4      _$ECTVZB$std::length_error::()
 0002:00006908      _$ECTWZB$std::length_error::(const std::length_error&)
 0002:00006910      _$TLYBC$std::allocator...
 0002:00006914      _$DCZBC$std::allocator...
 0002:00006924      _$ECTACC$std::allocator...
 0002:00006938      _$TLBCC$std::allocator...
 0002:0000693C      _$DCCCC$std::allocator...
 0002:0000694C      _$ECTDCC$std::allocator...
 0002:00006960      _$TLECC$std::allocator...
 0002:00006964      _$ECTFCC$std::allocator...
 0002:0000696C      _$TLKEC$std::exception::(const std::exception&)
 0002:00006970      _$DCLEC$std::exception::(const std::exception&)
 0002:00006980      _$ECTMEC$std::exception::(const std::exception&)
 0002:00006994      std::length_error::
 0002:000069A8      std::logic_error::
 0002:000069BC      std::out_of_range::
 0002:000069D0      _$TLJGC$std::logic_error::what() const
 0002:000069D4      _$ECTKGC$std::logic_error::what() const
 0002:000069DC      _$ECTQGC$__rwstd::null_string_ref_rep...
 0002:000069F0      _$ECTRGC$__rwstd::null_string_ref_rep...
 0002:00006A04      _$ECTTGC$__rwstd::string_ref_rep...
 0002:00006A18      __rwstd::__rw_stdexcept_NoNamedException
 0002:00006A18      @D385_0
 0002:00006A1C      __rwstd::__rw_stdexcept_BadException
 0002:00006A20      __rwstd::__rw_stdexcept_BadAllocException
 0002:00006A74      @D388_1
 0002:00006AAC      @D391_0
 0002:00006AAC      __rwstd::rwse_InvalidSizeParam
 0002:00006AB0      __rwstd::rwse_PosBeyondEndOfString
 0002:00006AB4      __rwstd::rwse_ResultLenInvalid
 0002:00006AB8      __rwstd::rwse_StringIndexOutOfRange
 0002:00006ABC      __rwstd::rwse_UnexpectedNullPtr
 0002:00006B4C      @D511_1
 0002:00006E64      type_info_hash::
 0002:00006E74      type_info::
 0002:00006E84      @D512_1
 0002:00006E84      ___CPPexceptionList
 0002:00006E88      ___exceptFlags
 0002:00006E8C      ___terminatePTR
 0002:00006E90      ___unexpectdPTR
 0002:00006E94      ___throwFileName
 0002:00006E98      ___throwLineNumber
 0002:00006E9C      ___throwExceptionName
 0002:00006EA0      ___exceptStaticBuffP
 0002:00006EA4      ___exceptMemAllocVars
 0002:00006EA8      ___ExceptStaticXbuff
 0002:00006F28      __ExceptVarsSize
 0002:00006F3C      _$CHFB$terminate()
 0002:00006F5C      _$ECTGB$terminate()
 0002:00006F70      _$CHHB$__call_terminate()
 0002:00006F90      _$ECTIB$__call_terminate()
 0002:00006FA4      @D515_1
 0002:00006FA4      __stkchk
 0002:00006FB8      @D534_1
 0002:00006FB8      __cfinfo_get
 0002:00006FBC      @D560_1
 0002:00006FBC      __notUmask
 0002:00006FC0      @D573_0
 0002:00006FC0      __fileinfo
 0002:00006FC4      @D607_0
 0002:00006FC4      __streams
 0002:00007474      __nfile
 0002:00007474      @D608_0
 0002:00007478      __openfd
 0002:00007540      @D609_1
 0002:0000755C      @D613_0
 0002:0000755C      __fmode
 0002:00007560      __fmodeptr
 0002:00007560      @D614_1
 0002:00007564      @D645_1
 0002:000075B8      __dosErrorToSV
 0002:000075B8      @D646_1
 0002:000076E4      @D658_1
 0002:000076F0      __sys_errlist
 0002:000076F0      @D662_1
 0002:000077B4      __sys_nerr
 0002:00007B6C      @D676_1
 0002:00007BEC      @D694_1
 0002:00007C40      @D708_1
 0002:00007CB8      __chartype
 0002:00007CB8      @D750_0
 0002:00007EBC      @D756_1
 0002:00007EC4      @D762_0
 0002:00007EC4      _CMonetary
 0002:00007EF8      _CNumeric
 0002:00007F10      _CTimeDate
 0002:00007FD4      _CLOCALE
 0002:00008000      ___locale
 0002:00008124      @D819_1
 0002:00008130      @D829_1
 0002:0000813C      @D832_1
 0002:00008150      @D833_1
 0002:00008164      @D834_1
 0002:0000817C      @D835_1
 0002:00008198      @D860_1
 0002:000081A4      @D870_1
 0002:000081C0      @D877_1
 0002:000081CC      @D881_1
 0002:000081DC      @D884_1
 0002:000081E8      __realcvtptr
 0002:000081E8      @D898_1
 0002:000081EC      __nextrealptr
 0002:000081F0      __scantodptr
 0002:000081F4      __scanrsltptr
 0002:00008250      __realcvtwptr
 0002:00008250      @D899_1
 0002:00008254      __nextrealwptr
 0002:00008258      __scanwtodptr
 0002:0000825C      __scanwrsltptr
 0002:000082B8      __default87
 0002:000082B8      @D900_0
 0002:000082BC      __huge_flt
 0002:000082BC      @D903_0
 0002:000082C0      __huge_dble
 0002:000082C8      __huge_ldble
 0002:000082D2      __max_flt
 0002:000082D6      __max_dble
 0002:000082DE      __max_ldble
 0002:000082E8      __indefinite
 0002:000082EC      __tiny_ldble
 0002:000082F8      @D904_0
 0002:000082F8      __turboFloat
 0002:000082FC      __floatconvert
 0002:00008300      __pmatherr
 0002:00008300      @D913_1
 0002:00008304      __pmatherrl
 0002:00008308      @D914_0
 0002:00008308      __mathwhy
 0002:0000834C      @D918_1
 0002:00008360      @D919_1
 0002:00008388      @D920_1
 0002:000083B0      @D921_1
 0002:000083D8      @D934_1
 0002:000083E8      @D935_1
 0002:000084A8      @D946_1
 0002:000084A8      __kalpha
 0002:000084AA      __kpunct
 0002:000084F0      @D1014_1
 0002:000084F0      __messagefile
 0002:000084FC      @D1015_1
 0002:00008520      @D1016_1
 0002:00008548      @D1019_1
 0002:0000856C      @D1032_1
 0002:0000858C      @D1033_0
 0002:0000858C      ___pCallAtExitProcs
 0002:00008590      __exitbuf
 0002:00008590      @D1051_1
 0002:00008594      __exitfopen
 0002:00008598      __exitopen
 0002:0000859C      __multidll
 0002:0000859C      @D1054_0
 0002:000085A0      @D1077_1
 0002:000085A4      @D1081_1
 0002:000085A8      @D1089_1
 0002:000085A8      __add_pid_ptr
 0002:000085D8      @D1093_1
 0002:000085D8      __setenvp__
 0002:00008644      @D1095_1
 0002:000086A4      @D1105_1
 0002:000086BC      @D1114_1
 0002:000086D8      @D1117_1
 0002:000086EC      @D1124_0
 0002:000086EC      __SWeekday
 0002:00008708      __LWeekday
 0002:00008724      __SMonth
 0002:00008754      __LMonth
 0002:00008784      __AmPm
 0002:0000878C      __Days
 0002:00008798      __YDays
 0002:000088B0      __timezone
 0002:000088B0      @D1127_1
 0002:000088B4      __daylight
 0002:000088B8      @D1128_1
 0002:000088B8      __tzname
 0002:000088C8      ___debuggerDisableTerminateCallback
 0002:000088C8      @D1142_1
 0002:00009C60      _$DCDB$System::AnsiString::(const char*) __fastcall
 0002:00009C70      _$ECTEB$System::AnsiString::(const char*) __fastcall
 0002:00009C84      _$DCFB$System::AnsiString::(const System::AnsiString&) __fastcall
 0002:00009C94      _$ECTGB$System::AnsiString::(const System::AnsiString&) __fastcall
 0002:00009CA8      @D1182_1
 0002:00009CB8      _$DCBB$__LateVCLInit() __stdcall
 0002:00009CE8      _$ECTCB$__LateVCLInit() __stdcall
 0002:00009D14      __indStub:66
 0002:00009D18      __indStub:68
 0002:00009D1C      __indStub:70
 0002:00009D20      __indStub:69
 0002:00009D24      __indStub:11212
 0002:00009D28      __indStub:3077
 0002:00009D2C      __indStub:3079
 0002:00009D30      __indStub:10170
 0002:00009D34      __indStub:11224
 0002:00009D38      __indStub:10172
 0002:00009D3C      __indStub:10126
 0002:00009D40      __indStub:10200
 0002:00009D44      __indStub:10204
 0002:00009D48      __indStub:10206
 0002:00009D4C      __indStub:10184
 0002:00009D50      __indStub:10186
 0002:00009D54      __indStub:10208
 0002:00009D58      __indStub:10160
 0002:00009D5C      __indStub:10198
 0002:00009D60      __indStub:10124
 0002:00009D64      __indStub:10156
 0002:00009D68      __indStub:11204
 0002:00009D6C      __indStub:11203
 0002:00009D70      __indStub:11207
 0002:00009D74      __indStub:11205
 0002:00009D78      __indStub:11206
 0002:00009D7C      __indStub:11209
 0002:00009D80      __indStub:11210
 0002:00009D84      __indStub:10202
 0002:00009D88      __indStub:10196
 0002:00009D8C      __indStub:10194
 0002:00009D90      __indStub:10192
 0002:00009D94      __indStub:10182
 0002:00009D98      __indStub:10180
 0002:00009D9C      __indStub:10178
 0002:00009DA0      __indStub:10162
 0002:00009DA4      __indStub:10164
 0002:00009DA8      __indStub:10166
 0002:00009DAC      __indStub:10158
 0002:00009DB0      __indStub:10154
 0002:00009DB4      __indStub:10152
 0002:00009DB8      __indStub:10150
 0002:00009DBC      __indStub:10148
 0002:00009DC0      __indStub:10146
 0002:00009DC4      __indStub:10144
 0002:00009DC8      __indStub:10142
 0002:00009DCC      __indStub:10140
 0002:00009DD0      __indStub:10138
 0002:00009DD4      __indStub:10136
 0002:00009DD8      __indStub:10134
 0002:00009DDC      __indStub:10132
 0002:00009DE0      __indStub:10130
 0002:00009DE4      __indStub:10128
 0002:00009DE8      __indStub:10176
 0002:00009DEC      __indStub:10174
 0002:00009DF0      __indStub:10300
 0002:00009DF4      __indStub:10298
 0002:00009DF8      __indStub:10296
 0002:00009DFC      __indStub:10294
 0002:00009E00      __indStub:10292
 0002:00009E04      __indStub:10290
 0002:00009E08      __indStub:10288
 0002:00009E0C      __indStub:10286
 0002:00009E10      __indStub:10284
 0002:00009E14      __indStub:10282
 0002:00009E18      __indStub:10280
 0002:00009E1C      __indStub:10278
 0002:00009E20      __indStub:10276
 0002:00009E24      __indStub:10274
 0002:00009E28      __indStub:10272
 0002:00009E2C      __indStub:10270
 0002:00009E30      __indStub:10268
 0002:00009E34      __indStub:10266
 0002:00009E38      __indStub:10264
 0002:00009E3C      __indStub:10262
 0002:00009E40      __indStub:10260
 0002:00009E44      __indStub:10258
 0002:00009E48      __indStub:10256
 0002:00009E4C      __indStub:10254
 0002:00009E50      __indStub:10252
 0002:00009E54      __indStub:10250
 0002:00009E58      __indStub:10248
 0002:00009E5C      __indStub:10246
 0002:00009E60      __indStub:10244
 0002:00009E64      __indStub:10242
 0002:00009E68      __indStub:10240
 0002:00009E6C      __indStub:10238
 0002:00009E70      __indStub:10236
 0002:00009E74      __indStub:10234
 0002:00009E78      __indStub:10232
 0002:00009E7C      __indStub:10230
 0002:00009E80      __indStub:10228
 0002:00009E84      __indStub:10226
 0002:00009E8C      __TLS_index
 0003:00000000      Sysinit::ModuleIsLib
 0003:00000000      Sysinit::B2_2
 0003:00000001      Sysinit::ModuleIsPackage
 0003:00000002      Sysinit::ModuleIsCpp
 0003:00000004      Sysinit::TlsIndex
 0003:00000008      Sysinit::TlsLast
 0003:0000000C      Sysinit::HInstance
 0003:00000010      Sysinit::DllProc
 0003:0000001C      @B4_2
 0003:0000001C      _fnflags
 0003:00000020      _fnpath
 0003:00000124      _fndrive
 0003:00000127      _fndir
 0003:00000227      _fnfile
 0003:00000327      _fnext
 0003:00000427      _dummy
 0003:00002427      _MSGName
 0003:0000252B      _WRNName
 0003:0000262F      _ERRName
 0003:00002840      _rList
 0003:00002854      _dupFlags
 0003:00002858      _allowDup
 0003:0000285C      _allowBranch
 0003:00002860      _clist
 0003:00002864      _nlist
 0003:00002868      _d1list
 0003:0000286C      _d2list
 0003:00002870      _cList
 0003:00002884      _nList
 0003:00002898      _d1List
 0003:000028AC      _d2List
 0003:000028C0      _d3List
 0003:000028D4      @B8_2
 0003:000028D4      _val
 0003:00002DF4      _glyph
 0003:00002E38      _workingtype
 0003:00002E38      @B9_2
 0003:00003E38      @B27_2
 0003:00003E38      _SyntaxError
 0003:00003E3C      _Line1
 0003:0000423C      _Line2
 0003:0000463C      _Line3
 0003:00004A3C      Typinfo::B75_2
 0003:00004A40      Windows::B127_2
 0003:00004A44      Sysconst::B175_1
 0003:00004A48      Sysutils::CurrencyString
 0003:00004A48      Sysutils::B177_2
 0003:00004A4C      Sysutils::CurrencyFormat
 0003:00004A4D      Sysutils::NegCurrFormat
 0003:00004A4E      Sysutils::ThousandSeparator
 0003:00004A4F      Sysutils::DecimalSeparator
 0003:00004A50      Sysutils::CurrencyDecimals
 0003:00004A51      Sysutils::DateSeparator
 0003:00004A54      Sysutils::ShortDateFormat
 0003:00004A58      Sysutils::LongDateFormat
 0003:00004A5C      Sysutils::TimeSeparator
 0003:00004A60      Sysutils::TimeAMString
 0003:00004A64      Sysutils::TimePMString
 0003:00004A68      Sysutils::ShortTimeFormat
 0003:00004A6C      Sysutils::LongTimeFormat
 0003:00004A70      Sysutils::ShortMonthNames
 0003:00004AA0      Sysutils::LongMonthNames
 0003:00004AD0      Sysutils::ShortDayNames
 0003:00004AEC      Sysutils::LongDayNames
 0003:00004B08      Sysutils::SysLocale
 0003:00004B14      Sysutils::EraNames
 0003:00004B30      Sysutils::EraYearOffsets
 0003:00004B5C      System::B179_2
 0003:00004B5C      System::ExceptProc
 0003:00004B60      System::ErrorProc
 0003:00004B64      System::ExceptClsProc
 0003:00004B68      System::ExceptObjProc
 0003:00004B6C      System::ExceptionClass
 0003:00004B70      System::SafeCallErrorProc
 0003:00004B74      System::AssertErrorProc
 0003:00004B78      System::AbstractErrorProc
 0003:00004B7C      System::HPrevInst
 0003:00004B80      System::MainInstance
 0003:00004B84      System::IsLibrary
 0003:00004B88      System::CmdShow
 0003:00004B8C      System::CmdLine
 0003:00004B90      System::InitProc
 0003:00004B94      System::ExitCode
 0003:00004B98      System::ExitProc
 0003:00004B9C      System::ErrorAddr
 0003:00004BA0      System::RandSeed
 0003:00004BA4      System::IsConsole
 0003:00004BA5      System::IsMultiThread
 0003:00004BA6      System::FileMode
 0003:00004BA7      System::Test8086
 0003:00004BA8      System::Test8087
 0003:00004BA9      System::TestFDIV
 0003:00004BAC      System::Input
 0003:00004D78      System::Output
 0003:00004F44      System::Unassigned
 0003:00004F54      System::Null
 0003:00004F64      System::AllocMemCount
 0003:00004F68      System::AllocMemSize
 0003:00005010      __new_handler
 0003:00005010      @B366_2
 0003:00005014      ___bad_alloc
 0003:00005018      @B388_2
 0003:00005018      __rwstd::__stl_tree_mutex
 0003:00005034      @B511_2
 0003:0000543C      __DestructorCountPtr
 0003:0000543C      @B512_2
 0003:00005444      __HandlerPtr
 0003:00005444      @B515_2
 0003:00005448      __UserHandlerPtr
 0003:0000544C      __pidtab
 0003:0000544C      @B608_1
 0003:00005514      __handles
 0003:000055DC      @B609_2
 0003:000056DC      _hdir_lock
 0003:000056E0      ___ffblk_handle_list
 0003:000056E4      @B645_2
 0003:000056EC      @B649_1
 0003:000056F0      @B694_2
 0003:000056F8      @B946_2
 0003:000056F8      __mbctype
 0003:000057FC      __mbcsCodePage
 0003:00005800      @B1015_2
 0003:00005818      @B1016_2
 0003:00005818      __ostype
 0003:0000581C      @B1019_2
 0003:0000591C      __environ
 0003:0000591C      @B1093_2
 0003:00005924      __envsize
 0003:00005928      __env_lock
 0003:0000592C      @B1103_0
 0003:0000592C      __pRawDllMain
 0003:00005930      __dll_table
 0003:00005930      @B1104_0
 0003:00005938      __ExcRegPtr
 0003:0000593C      __osenv
 0003:00005940      __wosenv
 0003:00005944      __oscmd
 0003:00005948      __woscmd
 0003:0000594C      ___exit_lock
 0003:00005950      __argc
 0003:00005954      __C0argc
 0003:00005958      __C0argv
 0003:0000595C      __C0environ
 0003:00005960      __wC0argv
 0003:00005964      __wC0environ
 0003:00005968      __exe_table
 0003:00005970      __stkbase
 0003:00005974      __isWindows
 0003:00005978      @B1108_1
 0003:0000597C      @B1114_2
 0003:00005984      @B1117_2
 0003:00008988      @B1128_2
 0003:00008990      @B1142_2
 0003:00008994      ___pCPPdebugHook
 0004:00000000      System::RaiseList
 0004:00000000      System::T179_3
 0004:00000004      System::InOutRes
 0004:00000008      @T512_3
 0004:00000008      ___xxInfo
 0004:000000AC      __stkindex
 0004:000000AC      @T1111_1
 0004:000000B0      __tlsindex
